Component: ARM Compiler 6.12 Tool: armlink [5d624300]

==============================================================================

Section Cross References

    main.o(.text.main) refers to system_stm32f10x.o(.text.SystemInit) for SystemInit
    main.o(.text.main) refers to system_stm32f10x.o(.text.SystemCoreClockUpdate) for SystemCoreClockUpdate
    main.o(.text.main) refers to rcchandler.o(.text.GPIO_config) for GPIO_config
    main.o(.text.main) refers to spiconfig.o(.text.SPI1_Init) for SPI1_Init
    main.o(.text.main) refers to uarthandler.o(.text.USART1_Init) for USART1_Init
    main.o(.text.main) refers to timerhandler.o(.text.Timer_Configuration) for Timer_Configuration
    main.o(.text.main) refers to eeprom_stm.o(.text.sw_eeprom_stm32) for sw_eeprom_stm32
    main.o(.text.main) refers to main.o(.text.test_eeprom) for test_eeprom
    main.o(.text.main) refers to delay.o(.text.delay_ms) for delay_ms
    main.o(.text.main) refers to w5500init.o(.text.w5500_lib_init) for w5500_lib_init
    main.o(.text.main) refers to ctime.o(.text) for ctime
    main.o(.text.main) refers to printf8.o(i.__0printf$8) for __2printf
    main.o(.text.main) refers to sntp.o(.text.SNTP_init) for SNTP_init
    main.o(.text.main) refers to ntpserver.o(.text.ntpserverdefaultconfig) for ntpserverdefaultconfig
    main.o(.text.main) refers to snmp.o(.text.snmpd_init) for snmpd_init
    main.o(.text.main) refers to httpserver.o(.text.loadwebpages) for loadwebpages
    main.o(.text.main) refers to rcchandler.o(.text.IWDG_Config) for IWDG_Config
    main.o(.text.main) refers to stm32f10x_iwdg.o(.text.IWDG_ReloadCounter) for IWDG_ReloadCounter
    main.o(.text.main) refers to main.o(.text.networkSevices) for networkSevices
    main.o(.text.main) refers to sntp.o(.text.SNTP_run) for SNTP_run
    main.o(.text.main) refers to main.o(.text.usart1Process) for usart1Process
    main.o(.text.main) refers to system_stm32f10x.o(.data.SystemCoreClock) for SystemCoreClock
    main.o(.text.main) refers to main.o(.data.timenow) for timenow
    main.o(.text.main) refers to snmp.o(.data.managerIP) for managerIP
    main.o(.text.main) refers to snmp.o(.data.agentIP) for agentIP
    main.o(.text.main) refers to timerhandler.o(.bss..L_MergedGlobals) for sec_cnt
    main.o(.ARM.exidx.text.main) refers to main.o(.text.main) for [Anonymous Symbol]
    main.o(.text.test_eeprom) refers to puts.o(i.puts) for puts
    main.o(.text.test_eeprom) refers to eeprom_stm.o(.text.EE_ReadVariable) for EE_ReadVariable
    main.o(.text.test_eeprom) refers to eeprom_stm.o(.text.EE_WriteVariable) for EE_WriteVariable
    main.o(.text.test_eeprom) refers to w5500init.o(.data.gWIZNETINFO) for gWIZNETINFO
    main.o(.ARM.exidx.text.test_eeprom) refers to main.o(.text.test_eeprom) for [Anonymous Symbol]
    main.o(.text.networkSevices) refers to w5500init.o(.text.checklink) for checklink
    main.o(.text.networkSevices) refers to ntpserver.o(.text.NTPUDP) for NTPUDP
    main.o(.text.networkSevices) refers to printf8.o(i.__0printf$8) for __2printf
    main.o(.text.networkSevices) refers to snmp.o(.text.snmpd_run) for snmpd_run
    main.o(.text.networkSevices) refers to httpserver.o(.text.httpServer_run) for httpServer_run
    main.o(.ARM.exidx.text.networkSevices) refers to main.o(.text.networkSevices) for [Anonymous Symbol]
    main.o(.text.usart1Process) refers to printf8.o(i.__0printf$8) for __2printf
    main.o(.text.usart1Process) refers to stm32f10x_it.o(.data.u1out) for u1out
    main.o(.text.usart1Process) refers to stm32f10x_it.o(.bss..L_MergedGlobals) for USART1_rx_data_buff
    main.o(.text.usart1Process) refers to stm32f10x_it.o(.rodata.RX_BUFFER_SIZE0) for RX_BUFFER_SIZE0
    main.o(.ARM.exidx.text.usart1Process) refers to main.o(.text.usart1Process) for [Anonymous Symbol]
    main.o(.ARM.exidx.text.configTimeFollowGPS) refers to main.o(.text.configTimeFollowGPS) for [Anonymous Symbol]
    rcchandler.o(.text.RCC_Configuration) refers to stm32f10x_rcc.o(.text.RCC_DeInit) for RCC_DeInit
    rcchandler.o(.text.RCC_Configuration) refers to stm32f10x_rcc.o(.text.RCC_HSEConfig) for RCC_HSEConfig
    rcchandler.o(.text.RCC_Configuration) refers to stm32f10x_rcc.o(.text.RCC_WaitForHSEStartUp) for RCC_WaitForHSEStartUp
    rcchandler.o(.text.RCC_Configuration) refers to stm32f10x_flash.o(.text.FLASH_PrefetchBufferCmd) for FLASH_PrefetchBufferCmd
    rcchandler.o(.text.RCC_Configuration) refers to stm32f10x_flash.o(.text.FLASH_SetLatency) for FLASH_SetLatency
    rcchandler.o(.text.RCC_Configuration) refers to stm32f10x_rcc.o(.text.RCC_HCLKConfig) for RCC_HCLKConfig
    rcchandler.o(.text.RCC_Configuration) refers to stm32f10x_rcc.o(.text.RCC_PCLK2Config) for RCC_PCLK2Config
    rcchandler.o(.text.RCC_Configuration) refers to stm32f10x_rcc.o(.text.RCC_PCLK1Config) for RCC_PCLK1Config
    rcchandler.o(.text.RCC_Configuration) refers to stm32f10x_rcc.o(.text.RCC_PLLConfig) for RCC_PLLConfig
[...]
    retry_count                              0x20000680   Data           1  dns.o(.bss..L_MergedGlobals)
    [Anonymous Symbol]                       0x20000680   Section        0  dns.o(.bss..L_MergedGlobals)
    CardType                                 0x2000068c   Data           1  mmcstm32.o(.bss..L_MergedGlobals)
    [Anonymous Symbol]                       0x2000068c   Section        0  mmcstm32.o(.bss..L_MergedGlobals)
    Timer1                                   0x20000690   Data           4  mmcstm32.o(.bss..L_MergedGlobals)
    Timer2                                   0x20000694   Data           4  mmcstm32.o(.bss..L_MergedGlobals)
    [Anonymous Symbol]                       0x20000698   Section        0  sntp.o(.bss..L_MergedGlobals.4)
    [Anonymous Symbol]                       0x200006d0   Section        0  httpserver.o(.bss..L_MergedGlobals.83)
    http_request                             0x200006d8   Data           4  httpserver.o(.bss..L_MergedGlobals.83)
    parsed_http_request                      0x200006dc   Data           4  httpserver.o(.bss..L_MergedGlobals.83)
    http_response                            0x200006e0   Data           4  httpserver.o(.bss..L_MergedGlobals.83)
    HTTPSock_Num                             0x200006e4   Data           8  httpserver.o(.bss..L_MergedGlobals.83)
    s2e_packet                               0x2000236c   Data         133  configdata.o(.bss.s2e_packet)
    [Anonymous Symbol]                       0x2000236c   Section        0  configdata.o(.bss.s2e_packet)
    total_content_cnt                        0x200023f2   Data           2  httpserver.o(.bss.total_content_cnt)
    [Anonymous Symbol]                       0x200023f2   Section        0  httpserver.o(.bss.total_content_cnt)
    HEAP                                     0x200024e8   Section      512  startup_stm32f10x_md.o(HEAP)
    STACK                                    0x200026e8   Section     1024  startup_stm32f10x_md.o(STACK)

    Global Symbols

    Symbol Name                              Value     Ov Type        Size  Object(Section)

    BuildAttributes$$THM_ISAv4$P$D$K$B$S$PE$A:L22UL41UL21$X:L11$S22US41US21$IEEE1$IW$~IW$USESV6$~STKCKD$USESV7$~SHL$OSPACE$ROPI$EBA8$MICROLIB$REQ8$PRES8$EABIv2 0x00000000   Number         0  anon$$obj.o ABSOLUTE
    _printf_a                                0x00000000   Number         0  stubs.o ABSOLUTE
    _printf_c                                0x00000000   Number         0  stubs.o ABSOLUTE
    _printf_charcount                        0x00000000   Number         0  stubs.o ABSOLUTE
    _printf_d                                0x00000000   Number         0  stubs.o ABSOLUTE
    _printf_e                                0x00000000   Number         0  stubs.o ABSOLUTE
    _printf_f                                0x00000000   Number         0  stubs.o ABSOLUTE
    _printf_flags                            0x00000000   Number         0  stubs.o ABSOLUTE
    _printf_fp_dec                           0x00000000   Number         0  stubs.o ABSOLUTE
    _printf_fp_hex                           0x00000000   Number         0  stubs.o ABSOLUTE
    _printf_g                                0x00000000   Number         0  stubs.o ABSOLUTE
    _printf_i                                0x00000000   Number         0  stubs.o ABSOLUTE
    _printf_int_dec                          0x00000000   Number         0  stubs.o ABSOLUTE
    _printf_l                                0x00000000   Number         0  stubs.o ABSOLUTE
    _printf_lc                               0x00000000   Number         0  stubs.o ABSOLUTE
    _printf_ll                               0x00000000   Number         0  stubs.o ABSOLUTE
    _printf_lld                              0x00000000   Number         0  stubs.o ABSOLUTE
    _printf_lli                              0x00000000   Number         0  stubs.o ABSOLUTE
    _printf_llo                              0x00000000   Number         0  stubs.o ABSOLUTE
    _printf_llu                              0x00000000   Number         0  stubs.o ABSOLUTE
    _printf_llx                              0x00000000   Number         0  stubs.o ABSOLUTE
    _printf_longlong_dec                     0x00000000   Number         0  stubs.o ABSOLUTE
    _printf_longlong_hex                     0x00000000   Number         0  stubs.o ABSOLUTE
    _printf_longlong_oct                     0x00000000   Number         0  stubs.o ABSOLUTE
    _printf_ls                               0x00000000   Number         0  stubs.o ABSOLUTE
    _printf_mbtowc                           0x00000000   Number         0  stubs.o ABSOLUTE
    _printf_n                                0x00000000   Number         0  stubs.o ABSOLUTE
    _printf_o                                0x00000000   Number         0  stubs.o ABSOLUTE
    _printf_p                                0x00000000   Number         0  stubs.o ABSOLUTE
    _printf_percent                          0x00000000   Number         0  stubs.o ABSOLUTE
    _printf_pre_padding                      0x00000000   Number         0  stubs.o ABSOLUTE
    _printf_return_value                     0x00000000   Number         0  stubs.o ABSOLUTE
    _printf_s                                0x00000000   Number         0  stubs.o ABSOLUTE
    _printf_sizespec                         0x00000000   Number         0  stubs.o ABSOLUTE
    _printf_str                              0x00000000   Number         0  stubs.o ABSOLUTE
    _printf_truncate_signed                  0x00000000   Number         0  stubs.o ABSOLUTE
    _printf_truncate_unsigned                0x00000000   Number         0  stubs.o ABSOLUTE
    _printf_u                                0x00000000   Number         0  stubs.o ABSOLUTE
    _printf_wc                               0x00000000   Number         0  stubs.o ABSOLUTE
    _printf_wctomb                           0x00000000   Number         0  stubs.o ABSOLUTE
    _printf_widthprec                        0x00000000   Number         0  stubs.o ABSOLUTE
    _printf_x                                0x00000000   Number         0  stubs.o ABSOLUTE
    __cpp_initialize__aeabi_                  - Undefined Weak Reference
    __cxa_finalize                            - Undefined Weak Reference
    _clock_init                               - Undefined Weak Reference
    _microlib_exit                            - Undefined Weak Reference
    _scanf_longlong                           - Undefined Weak Reference
    _scanf_real                               - Undefined Weak Reference
    _scanf_string                             - Undefined Weak Reference
    __Vectors_Size                           0x000000ec   Number         0  startup_stm32f10x_md.o ABSOLUTE
    __Vectors                                0x08000000   Data           4  startup_stm32f10x_md.o(RESET)
    __Vectors_End                            0x080000ec   Data           0  startup_stm32f10x_md.o(RESET)
    __main                                   0x080000ed   Thumb Code     0  entry.o(.ARM.Collect$$$$00000000)
    _main_stk                                0x080000ed   Thumb Code     0  entry2.o(.ARM.Collect$$$$00000001)
    _main_scatterload                        0x080000f1   Thumb Code     0  entry5.o(.ARM.Collect$$$$00000004)
    __main_after_scatterload                 0x080000f5   Thumb Code     0  entry5.o(.ARM.Collect$$$$00000004)
    _main_clock                              0x080000f5   Thumb Code     0  entry7b.o(.ARM.Collect$$$$00000008)
    _main_cpp_init                           0x080000f5   Thumb Code     0  entry8b.o(.ARM.Collect$$$$0000000A)
    _main_init                               0x080000f5   Thumb Code     0  entry9a.o(.ARM.Collect$$$$0000000B)
    __rt_final_cpp                           0x080000fd   Thumb Code     0  entry10a.o(.ARM.Collect$$$$0000000D)
    __rt_final_exit                          0x080000fd   Thumb Code     0  entry11a.o(.ARM.Collect$$$$0000000F)
    Reset_Handler                            0x08000101   Thumb Code     8  startup_stm32f10x_md.o(.text)
    ADC1_2_IRQHandler                        0x0800011b   Thumb Code     0  startup_stm32f10x_md.o(.text)
    CAN1_RX1_IRQHandler                      0x0800011b   Thumb Code     0  startup_stm32f10x_md.o(.text)
    CAN1_SCE_IRQHandler                      0x0800011b   Thumb Code     0  startup_stm32f10x_md.o(.text)
    DMA1_Channel1_IRQHandler                 0x0800011b   Thumb Code     0  startup_stm32f10x_md.o(.text)
    DMA1_Channel2_IRQHandler                 0x0800011b   Thumb Code     0  startup_stm32f10x_md.o(.text)
    DMA1_Channel3_IRQHandler                 0x0800011b   Thumb Code     0  startup_stm32f10x_md.o(.text)
    DMA1_Channel4_IRQHandler                 0x0800011b   Thumb Code     0  startup_stm32f10x_md.o(.text)
    DMA1_Channel5_IRQHandler                 0x0800011b   Thumb Code     0  startup_stm32f10x_md.o(.text)
    DMA1_Channel6_IRQHandler                 0x0800011b   Thumb Code     0  startup_stm32f10x_md.o(.text)
    DMA1_Channel7_IRQHandler                 0x0800011b   Thumb Code     0  startup_stm32f10x_md.o(.text)
    EXTI0_IRQHandler                         0x0800011b   Thumb Code     0  startup_stm32f10x_md.o(.text)
    EXTI15_10_IRQHandler                     0x0800011b   Thumb Code     0  startup_stm32f10x_md.o(.text)
    EXTI1_IRQHandler                         0x0800011b   Thumb Code     0  startup_stm32f10x_md.o(.text)
    EXTI2_IRQHandler                         0x0800011b   Thumb Code     0  startup_stm32f10x_md.o(.text)
    EXTI4_IRQHandler                         0x0800011b   Thumb Code     0  startup_stm32f10x_md.o(.text)
    EXTI9_5_IRQHandler                       0x0800011b   Thumb Code     0  startup_stm32f10x_md.o(.text)
    FLASH_IRQHandler                         0x0800011b   Thumb Code     0  startup_stm32f10x_md.o(.text)
    I2C1_ER_IRQHandler                       0x0800011b   Thumb Code     0  startup_stm32f10x_md.o(.text)
    I2C1_EV_IRQHandler                       0x0800011b   Thumb Code     0  startup_stm32f10x_md.o(.text)
    I2C2_ER_IRQHandler                       0x0800011b   Thumb Code     0  startup_stm32f10x_md.o(.text)
    I2C2_EV_IRQHandler                       0x0800011b   Thumb Code     0  startup_stm32f10x_md.o(.text)
    PVD_IRQHandler                           0x0800011b   Thumb Code     0  startup_stm32f10x_md.o(.text)
    RCC_IRQHandler                           0x0800011b   Thumb Code     0  startup_stm32f10x_md.o(.text)
    RTCAlarm_IRQHandler                      0x0800011b   Thumb Code     0  startup_stm32f10x_md.o(.text)
    RTC_IRQHandler                           0x0800011b   Thumb Code     0  startup_stm32f10x_md.o(.text)
    SPI1_IRQHandler                          0x0800011b   Thumb Code     0  startup_stm32f10x_md.o(.text)
    SPI2_IRQHandler                          0x0800011b   Thumb Code     0  startup_stm32f10x_md.o(.text)
    TAMPER_IRQHandler                        0x0800011b   Thumb Code     0  startup_stm32f10x_md.o(.text)
    TIM1_BRK_IRQHandler                      0x0800011b   Thumb Code     0  startup_stm32f10x_md.o(.text)
    TIM1_CC_IRQHandler                       0x0800011b   Thumb Code     0  startup_stm32f10x_md.o(.text)
    TIM1_TRG_COM_IRQHandler                  0x0800011b   Thumb Code     0  startup_stm32f10x_md.o(.text)
    TIM1_UP_IRQHandler                       0x0800011b   Thumb Code     0  startup_stm32f10x_md.o(.text)
    TIM4_IRQHandler                          0x0800011b   Thumb Code     0  startup_stm32f10x_md.o(.text)
    USART3_IRQHandler                        0x0800011b   Thumb Code     0  startup_stm32f10x_md.o(.text)
    USBWakeUp_IRQHandler                     0x0800011b   Thumb Code     0  startup_stm32f10x_md.o(.text)
    USB_HP_CAN1_TX_IRQHandler                0x0800011b   Thumb Code     0  startup_stm32f10x_md.o(.text)
    USB_LP_CAN1_RX0_IRQHandler               0x0800011b   Thumb Code     0  startup_stm32f10x_md.o(.text)
    WWDG_IRQHandler                          0x0800011b   Thumb Code     0  startup_stm32f10x_md.o(.text)
    localtime                                0x08000125   Thumb Code   138  localtime.o(.text)
    ctime                                    0x080001b9   Thumb Code    14  ctime.o(.text)
    __aeabi_memcpy                           0x080001c7   Thumb Code    36  memcpya.o(.text)
    __aeabi_memcpy4                          0x080001c7   Thumb Code     0  memcpya.o(.text)
    __aeabi_memcpy8                          0x080001c7   Thumb Code     0  memcpya.o(.text)
    __aeabi_memset                           0x080001eb   Thumb Code    14  memseta.o(.text)
    __aeabi_memset4                          0x080001eb   Thumb Code     0  memseta.o(.text)
    __aeabi_memset8                          0x080001eb   Thumb Code     0  memseta.o(.text)
    __aeabi_memclr                           0x080001f9   Thumb Code     4  memseta.o(.text)
    __aeabi_memclr4                          0x080001f9   Thumb Code     0  memseta.o(.text)
    __aeabi_memclr8                          0x080001f9   Thumb Code     0  memseta.o(.text)
    _memset$wrapper                          0x080001fd   Thumb Code    18  memseta.o(.text)
    strcat                                   0x0800020f   Thumb Code    24  strcat.o(.text)
    strstr                                   0x08000227   Thumb Code    36  strstr.o(.text)
    strncpy                                  0x0800024b   Thumb Code    24  strncpy.o(.text)
    strchr                                   0x08000263   Thumb Code    20  strchr.o(.text)
    strlen                                   0x08000277   Thumb Code    14  strlen.o(.text)
    strcmp                                   0x08000285   Thumb Code    28  strcmp.o(.text)
    memcmp                                   0x080002a1   Thumb Code    26  memcmp.o(.text)
    strcpy                                   0x080002bb   Thumb Code    18  strcpy.o(.text)
    strtok                                   0x080002cd   Thumb Code    62  strtok.o(.text)
    _scanf_int                               0x08000311   Thumb Code   332  _scanf_int.o(.text)
    __aeabi_dmul                             0x0800045d   Thumb Code   228  dmul.o(.text)
    __aeabi_l2d                              0x08000541   Thumb Code    40  dfltl.o(.text)
    __aeabi_d2uiz                            0x08000569   Thumb Code    50  dfixui.o(.text)
    __aeabi_uldivmod                         0x0800059b   Thumb Code    98  uldiv.o(.text)
    __aeabi_llsr                             0x080005fd   Thumb Code    32  llushr.o(.text)
    _ll_ushift_r                             0x080005fd   Thumb Code     0  llushr.o(.text)
    asctime                                  0x0800061d   Thumb Code   172  asctime.o(.text)
    _chval                                   0x080006d9   Thumb Code    28  _chval.o(.text)
    __I$use$fp                               0x080006f5   Thumb Code     0  iusefp.o(.text)
    _double_round                            0x080006f5   Thumb Code    30  depilogue.o(.text)
    _double_epilogue                         0x08000713   Thumb Code   156  depilogue.o(.text)
    __scatterload                            0x080007b1   Thumb Code    28  init.o(.text)
    __scatterload_rt2                        0x080007b1   Thumb Code     0  init.o(.text)
    __aeabi_llsl                             0x080007d5   Thumb Code    30  llshl.o(.text)
    _ll_shift_l                              0x080007d5   Thumb Code     0  llshl.o(.text)
    __decompress                             0x080007f3   Thumb Code     0  __dczerorl2.o(.text)
    __decompress1                            0x080007f3   Thumb Code    86  __dczerorl2.o(.text)
    ATOI                                     0x08000849   Thumb Code    34  httpparser.o(.text.ATOI)
    BusFault_Handler                         0x0800086b   Thumb Code     2  stm32f10x_it.o(.text.BusFault_Handler)
    DMA_Cmd                                  0x08000895   Thumb Code    22  stm32f10x_dma.o(.text.DMA_Cmd)
    DMA_DeInit                               0x080008ad   Thumb Code   216  stm32f10x_dma.o(.text.DMA_DeInit)
    DMA_GetFlagStatus                        0x08000985   Thumb Code    24  stm32f10x_dma.o(.text.DMA_GetFlagStatus)
    DMA_Init                                 0x0800099d   Thumb Code    62  stm32f10x_dma.o(.text.DMA_Init)
    DNS_init                                 0x080009dd   Thumb Code    20  dns.o(.text.DNS_init)
    DNS_run                                  0x080009ed   Thumb Code   356  dns.o(.text.DNS_run)
    DNS_time_handler                         0x08000b51   Thumb Code    16  dns.o(.text.DNS_time_handler)
    DebugMon_Handler                         0x08000b61   Thumb Code     2  stm32f10x_it.o(.text.DebugMon_Handler)
    Display_Net_Conf                         0x08000b65   Thumb Code   320  w5500init.o(.text.Display_Net_Conf)
    EE_Init                                  0x08000d15   Thumb Code   312  eeprom_stm.o(.text.EE_Init)
    EE_ReadVariable                          0x08000e41   Thumb Code    68  eeprom_stm.o(.text.EE_ReadVariable)
    EE_WriteVariable                         0x08000ecd   Thumb Code   156  eeprom_stm.o(.text.EE_WriteVariable)
    EXTI3_IRQHandler                         0x08000f69   Thumb Code    56  ntpserver.o(.text.EXTI3_IRQHandler)
    EXTI_ClearITPendingBit                   0x08000fa1   Thumb Code    12  stm32f10x_exti.o(.text.EXTI_ClearITPendingBit)
    EXTI_GetITStatus                         0x08000fad   Thumb Code    28  stm32f10x_exti.o(.text.EXTI_GetITStatus)
    EXTI_Init                                0x08000fc5   Thumb Code   100  stm32f10x_exti.o(.text.EXTI_Init)
    FLASH_ErasePage                          0x08001029   Thumb Code    64  stm32f10x_flash.o(.text.FLASH_ErasePage)
    FLASH_GetBank1Status                     0x08001065   Thumb Code    40  stm32f10x_flash.o(.text.FLASH_GetBank1Status)
    FLASH_ProgramHalfWord                    0x0800108d   Thumb Code    56  stm32f10x_flash.o(.text.FLASH_ProgramHalfWord)
    FLASH_Unlock                             0x080010c5   Thumb Code    24  stm32f10x_flash.o(.text.FLASH_Unlock)
    FLASH_WaitForLastOperation               0x080010dd   Thumb Code    32  stm32f10x_flash.o(.text.FLASH_WaitForLastOperation)
    GPIO_EXTILineConfig                      0x080010fd   Thumb Code    44  stm32f10x_gpio.o(.text.GPIO_EXTILineConfig)
    GPIO_GetPortClockState                   0x08001129   Thumb Code    72  gpio_stm32f10x.o(.text.GPIO_GetPortClockState)
    GPIO_Init                                0x0800116d   Thumb Code   184  stm32f10x_gpio.o(.text.GPIO_Init)
    GPIO_PinConfigure                        0x08001225   Thumb Code   112  gpio_stm32f10x.o(.text.GPIO_PinConfigure)
    GPIO_PortClock                           0x08001295   Thumb Code   216  gpio_stm32f10x.o(.text.GPIO_PortClock)
    GPIO_SetBits                             0x08001369   Thumb Code     4  stm32f10x_gpio.o(.text.GPIO_SetBits)
    GPIO_config                              0x0800136d   Thumb Code   172  rcchandler.o(.text.GPIO_config)
    HardFault_Handler                        0x08001419   Thumb Code     2  stm32f10x_it.o(.text.HardFault_Handler)
    IWDG_Config                              0x0800141d   Thumb Code    76  rcchandler.o(.text.IWDG_Config)
    IWDG_Enable                              0x08001465   Thumb Code    16  stm32f10x_iwdg.o(.text.IWDG_Enable)
    IWDG_ReloadCounter                       0x08001471   Thumb Code    16  stm32f10x_iwdg.o(.text.IWDG_ReloadCounter)
    IWDG_SetPrescaler                        0x0800147d   Thumb Code    12  stm32f10x_iwdg.o(.text.IWDG_SetPrescaler)
    IWDG_SetReload                           0x08001489   Thumb Code    12  stm32f10x_iwdg.o(.text.IWDG_SetReload)
    IWDG_WriteAccessCmd                      0x08001495   Thumb Code    12  stm32f10x_iwdg.o(.text.IWDG_WriteAccessCmd)
    MemManage_Handler                        0x080014a1   Thumb Code     2  stm32f10x_it.o(.text.MemManage_Handler)
    NMI_Handler                              0x080014a3   Thumb Code     2  stm32f10x_it.o(.text.NMI_Handler)
    NTPUDP                                   0x080014a5   Thumb Code   408  ntpserver.o(.text.NTPUDP)
    NVIC_Init                                0x0800163d   Thumb Code    92  misc.o(.text.NVIC_Init)
    NVIC_PriorityGroupConfig                 0x08001695   Thumb Code    20  misc.o(.text.NVIC_PriorityGroupConfig)
    Net_Conf                                 0x080016a9   Thumb Code    38  w5500init.o(.text.Net_Conf)
    PHYStatus_Check                          0x080016d1   Thumb Code    36  w5500init.o(.text.PHYStatus_Check)
    PendSV_Handler                           0x080016f5   Thumb Code     2  stm32f10x_it.o(.text.PendSV_Handler)
    RCC_AHBPeriphClockCmd                    0x080016f9   Thumb Code    24  stm32f10x_rcc.o(.text.RCC_AHBPeriphClockCmd)
    RCC_APB1PeriphClockCmd                   0x08001711   Thumb Code    24  stm32f10x_rcc.o(.text.RCC_APB1PeriphClockCmd)
    RCC_APB1PeriphResetCmd                   0x08001729   Thumb Code    24  stm32f10x_rcc.o(.text.RCC_APB1PeriphResetCmd)
    RCC_APB2PeriphClockCmd                   0x08001741   Thumb Code    24  stm32f10x_rcc.o(.text.RCC_APB2PeriphClockCmd)
    RCC_APB2PeriphResetCmd                   0x08001759   Thumb Code    24  stm32f10x_rcc.o(.text.RCC_APB2PeriphResetCmd)
    RCC_ClearFlag                            0x08001771   Thumb Code    16  stm32f10x_rcc.o(.text.RCC_ClearFlag)
    RCC_GetClocksFreq                        0x08001781   Thumb Code   132  stm32f10x_rcc.o(.text.RCC_GetClocksFreq)
    RCC_GetFlagStatus                        0x080017f9   Thumb Code    44  stm32f10x_rcc.o(.text.RCC_GetFlagStatus)
    SNTP_init                                0x08001821   Thumb Code   152  sntp.o(.text.SNTP_init)
    SNTP_run                                 0x080018b5   Thumb Code   284  sntp.o(.text.SNTP_run)
    SPI1_Init                                0x080019d1   Thumb Code   108  spiconfig.o(.text.SPI1_Init)
    SPI_Cmd                                  0x08001a3d   Thumb Code    18  stm32f10x_spi.o(.text.SPI_Cmd)
    SPI_I2S_DMACmd                           0x08001a4f   Thumb Code    16  stm32f10x_spi.o(.text.SPI_I2S_DMACmd)
    SPI_I2S_GetFlagStatus                    0x08001a5f   Thumb Code    10  stm32f10x_spi.o(.text.SPI_I2S_GetFlagStatus)
    SPI_I2S_ReceiveData                      0x08001a69   Thumb Code     4  stm32f10x_spi.o(.text.SPI_I2S_ReceiveData)
    SPI_I2S_SendData                         0x08001a6d   Thumb Code     4  stm32f10x_spi.o(.text.SPI_I2S_SendData)
    SPI_Init                                 0x08001a71   Thumb Code    54  stm32f10x_spi.o(.text.SPI_Init)
    SVC_Handler                              0x08001aa7   Thumb Code     2  stm32f10x_it.o(.text.SVC_Handler)
    SysTick_Handler                          0x08001aa9   Thumb Code     2  stm32f10x_it.o(.text.SysTick_Handler)
    SystemCoreClockUpdate                    0x08001aad   Thumb Code    84  system_stm32f10x.o(.text.SystemCoreClockUpdate)
    SystemInit                               0x08001b01   Thumb Code   240  system_stm32f10x.o(.text.SystemInit)
    TIM2_IRQHandler                          0x08001bf1   Thumb Code   148  timerhandler.o(.text.TIM2_IRQHandler)
    TIM3_IRQHandler                          0x08001c81   Thumb Code     2  stm32f10x_it.o(.text.TIM3_IRQHandler)
    TIM_ClearFlag                            0x08001c83   Thumb Code     6  stm32f10x_tim.o(.text.TIM_ClearFlag)
    TIM_ClearITPendingBit                    0x08001c89   Thumb Code     6  stm32f10x_tim.o(.text.TIM_ClearITPendingBit)
    TIM_Cmd                                  0x08001c8f   Thumb Code    18  stm32f10x_tim.o(.text.TIM_Cmd)
    TIM_GetITStatus                          0x08001ca1   Thumb Code    20  stm32f10x_tim.o(.text.TIM_GetITStatus)
    TIM_ITConfig                             0x08001cb5   Thumb Code    16  stm32f10x_tim.o(.text.TIM_ITConfig)
    TIM_PrescalerConfig                      0x08001cc5   Thumb Code     6  stm32f10x_tim.o(.text.TIM_PrescalerConfig)
    TIM_TimeBaseInit                         0x08001ccd   Thumb Code   144  stm32f10x_tim.o(.text.TIM_TimeBaseInit)
    Timer_Configuration                      0x08001d59   Thumb Code   152  timerhandler.o(.text.Timer_Configuration)
    USART1_IRQHandler                        0x08001df1   Thumb Code    60  stm32f10x_it.o(.text.USART1_IRQHandler)
    USART1_Init                              0x08001e29   Thumb Code   120  uarthandler.o(.text.USART1_Init)
    USART2_IRQHandler                        0x08001ea1   Thumb Code    64  stm32f10x_it.o(.text.USART2_IRQHandler)
    USART_Cmd                                0x08001edd   Thumb Code    18  stm32f10x_usart.o(.text.USART_Cmd)
    USART_DeInit                             0x08001ef1   Thumb Code   152  stm32f10x_usart.o(.text.USART_DeInit)
    USART_GetFlagStatus                      0x08001f85   Thumb Code    10  stm32f10x_usart.o(.text.USART_GetFlagStatus)
    USART_GetITStatus                        0x08001f8f   Thumb Code    66  stm32f10x_usart.o(.text.USART_GetITStatus)
    USART_ITConfig                           0x08001fd1   Thumb Code    46  stm32f10x_usart.o(.text.USART_ITConfig)
    USART_Init                               0x08002001   Thumb Code   164  stm32f10x_usart.o(.text.USART_Init)
    USART_SendData                           0x080020a5   Thumb Code     8  stm32f10x_usart.o(.text.USART_SendData)
    USER_UART_NVIC                           0x080020ad   Thumb Code    32  uarthandler.o(.text.USER_UART_NVIC)
    UsageFault_Handler                       0x080020cd   Thumb Code     2  stm32f10x_it.o(.text.UsageFault_Handler)
    WIZCHIP_READ                             0x080020d1   Thumb Code    96  w5500.o(.text.WIZCHIP_READ)
    WIZCHIP_READ_BUF                         0x0800212d   Thumb Code   112  w5500.o(.text.WIZCHIP_READ_BUF)
    WIZCHIP_WRITE                            0x08002199   Thumb Code    96  w5500.o(.text.WIZCHIP_WRITE)
    WIZCHIP_WRITE_BUF                        0x080021f5   Thumb Code   120  w5500.o(.text.WIZCHIP_WRITE_BUF)
    check_DNS_timeout                        0x0800228d   Thumb Code    44  dns.o(.text.check_DNS_timeout)
    checklink                                0x080022b9   Thumb Code    28  w5500init.o(.text.checklink)
    close                                    0x080022d5   Thumb Code   112  socket.o(.text.close)
    ctlnetwork                               0x08002345   Thumb Code    76  wizchip_conf.o(.text.ctlnetwork)
    ctlwizchip                               0x08002391   Thumb Code   220  wizchip_conf.o(.text.ctlwizchip)
    currentUptime                            0x0800246d   Thumb Code    32  snmp.o(.text.currentUptime)
    default_mcu_reset                        0x0800248d   Thumb Code     2  httpserver.o(.text.default_mcu_reset)
    default_wdt_reset                        0x0800248f   Thumb Code     2  httpserver.o(.text.default_wdt_reset)
    delay_ms                                 0x08002491   Thumb Code    34  delay.o(.text.delay_ms)
    disk_timerproc                           0x080024b5   Thumb Code    48  mmcstm32.o(.text.disk_timerproc)
    display_reg_webContent_list              0x080024e5   Thumb Code   284  httpserver.o(.text.display_reg_webContent_list)
    dns_answer                               0x08002601   Thumb Code   194  dns.o(.text.dns_answer)
    dns_makequery                            0x080026c5   Thumb Code   160  dns.o(.text.dns_makequery)
    dns_question                             0x08002765   Thumb Code    28  dns.o(.text.dns_question)
    findEntry                                0x08002781   Thumb Code    68  snmp.o(.text.findEntry)
    find_http_uri_type                       0x080027c5   Thumb Code   652  httpparser.o(.text.find_http_uri_type)
    find_userReg_webContent                  0x08002a51   Thumb Code    72  httpserver.o(.text.find_userReg_webContent)
    fputc                                    0x08002a99   Thumb Code    36  uarthandler.o(.text.fputc)
    getEntry                                 0x08002abd   Thumb Code   232  snmp.o(.text.getEntry)
    getOID                                   0x08002bb9   Thumb Code    68  snmp.o(.text.getOID)
    getSn_RX_RSR                             0x08002bfd   Thumb Code    68  w5500.o(.text.getSn_RX_RSR)
    getSn_TX_FSR                             0x08002c41   Thumb Code    68  w5500.o(.text.getSn_TX_FSR)
    getValue                                 0x08002c85   Thumb Code    32  snmp.o(.text.getValue)
    get_LEDStatus_all                        0x08002ca5   Thumb Code    52  snmp_custom.o(.text.get_LEDStatus_all)
    get_S2E_Packet_pointer                   0x08002cd9   Thumb Code     8  configdata.o(.text.get_S2E_Packet_pointer)
    get_http_param_value                     0x08002ce1   Thumb Code   192  httpparser.o(.text.get_http_param_value)
    get_http_uri_name                        0x08002da1   Thumb Code    60  httpparser.o(.text.get_http_uri_name)
    httpServer_Sockinit                      0x08002ddd   Thumb Code    28  httpserver.o(.text.httpServer_Sockinit)
    httpServer_run                           0x08002df9   Thumb Code  1304  httpserver.o(.text.httpServer_run)
    http_get_cgi_handler                     0x08003331   Thumb Code   108  httputil.o(.text.http_get_cgi_handler)
    http_post_cgi_handler                    0x0800339d   Thumb Code   120  httputil.o(.text.http_post_cgi_handler)
    inet_addr_                               0x08003415   Thumb Code    72  httpparser.o(.text.inet_addr_)
    initTable                                0x0800345d   Thumb Code    16  snmp_custom.o(.text.initTable)
    initial_Trap                             0x0800346d   Thumb Code    60  snmp_custom.o(.text.initial_Trap)
    insertRespLen                            0x080034a9   Thumb Code    80  snmp.o(.text.insertRespLen)
    listen                                   0x080034f9   Thumb Code   102  socket.o(.text.listen)
    loadwebpages                             0x08003561   Thumb Code   344  httpserver.o(.text.loadwebpages)
    main                                     0x080036b9   Thumb Code   228  main.o(.text.main)
    makeTrapVariableBindings                 0x0800379d   Thumb Code   168  snmp.o(.text.makeTrapVariableBindings)
    make_cgi_basic_config_response_page      0x08003845   Thumb Code    40  httputil.o(.text.make_cgi_basic_config_response_page)
    make_http_response_head                  0x0800386d   Thumb Code    76  httpparser.o(.text.make_http_response_head)
    make_json_ain                            0x080038b9   Thumb Code    80  httputil.o(.text.make_json_ain)
    make_json_dio                            0x08003909   Thumb Code    24  httputil.o(.text.make_json_dio)
    make_json_netinfo                        0x08003921   Thumb Code   208  httputil.o(.text.make_json_netinfo)
    make_json_serial_data                    0x080039f1   Thumb Code    56  httputil.o(.text.make_json_serial_data)
    mid                                      0x08003a29   Thumb Code    50  httpparser.o(.text.mid)
    networkSevices                           0x08003a5d   Thumb Code    76  main.o(.text.networkSevices)
    ntpserverdefaultconfig                   0x08003aa9   Thumb Code    40  ntpserver.o(.text.ntpserverdefaultconfig)
    parseCommunity                           0x08003ad1   Thumb Code   116  snmp.o(.text.parseCommunity)
    parseDNSMSG                              0x08003b41   Thumb Code   190  dns.o(.text.parseDNSMSG)
    parseLength                              0x08003bff   Thumb Code    56  snmp.o(.text.parseLength)
    parseRequest                             0x08003c39   Thumb Code   332  snmp.o(.text.parseRequest)
    parseSNMPMessage                         0x08003d79   Thumb Code   104  snmp.o(.text.parseSNMPMessage)
    parseSequence                            0x08003dd9   Thumb Code   116  snmp.o(.text.parseSequence)
    parseSequenceOf                          0x08003e45   Thumb Code   140  snmp.o(.text.parseSequenceOf)
    parseTLV                                 0x08003ed1   Thumb Code    62  snmp.o(.text.parseTLV)
    parseVarBind                             0x08003f11   Thumb Code   464  snmp.o(.text.parseVarBind)
    parseVersion                             0x080040d9   Thumb Code   100  snmp.o(.text.parseVersion)
    parse_http_request                       0x0800413d   Thumb Code   184  httpparser.o(.text.parse_http_request)
    parse_name                               0x080041f5   Thumb Code   142  dns.o(.text.parse_name)
    predefined_get_cgi_processor             0x08004285   Thumb Code   244  httputil.o(.text.predefined_get_cgi_processor)
    predefined_set_cgi_processor             0x08004379   Thumb Code   104  httputil.o(.text.predefined_set_cgi_processor)
    read_userReg_webContent                  0x080043e1   Thumb Code    60  httpserver.o(.text.read_userReg_webContent)
    recv                                     0x08004415   Thumb Code   240  socket.o(.text.recv)
    recvfrom                                 0x08004501   Thumb Code   552  socket.o(.text.recvfrom)
    reg_httpServer_webContent                0x08004725   Thumb Code    96  httpserver.o(.text.reg_httpServer_webContent)
    reg_wizchip_cs_cbfunc                    0x08004785   Thumb Code    52  wizchip_conf.o(.text.reg_wizchip_cs_cbfunc)
    reg_wizchip_spi_cbfunc                   0x080047b5   Thumb Code    64  wizchip_conf.o(.text.reg_wizchip_spi_cbfunc)
    reg_wizchip_spiburst_cbfunc              0x080047f1   Thumb Code    64  wizchip_conf.o(.text.reg_wizchip_spiburst_cbfunc)
    saveip                                   0x08004831   Thumb Code   168  httputil.o(.text.saveip)
    send                                     0x080048d9   Thumb Code   280  socket.o(.text.send)
    sendto                                   0x08004dad   Thumb Code   336  socket.o(.text.sendto)
    setEntry                                 0x08004efd   Thumb Code   128  snmp.o(.text.setEntry)
    setMyValue                               0x08004f79   Thumb Code    28  snmp_custom.o(.text.setMyValue)
    set_LEDStatus_R                          0x08004f95   Thumb Code    48  snmp_custom.o(.text.set_LEDStatus_R)
    set_basic_config_setting                 0x08004fc5   Thumb Code   148  httputil.o(.text.set_basic_config_setting)
    set_diodir                               0x08005059   Thumb Code    64  httputil.o(.text.set_diodir)
    set_diostate                             0x08005091   Thumb Code    64  httputil.o(.text.set_diostate)
    snmp_sendTrap                            0x080050d1   Thumb Code   324  snmp.o(.text.snmp_sendTrap)
    snmpd_init                               0x08005211   Thumb Code   100  snmp.o(.text.snmpd_init)
    snmpd_run                                0x08005271   Thumb Code   300  snmp.o(.text.snmpd_run)
    socket                                   0x0800539d   Thumb Code   280  socket.o(.text.socket)
    stm32_spi_rw                             0x080054b1   Thumb Code    52  spiconfig.o(.text.stm32_spi_rw)
    stm32_wizchip_dma_transfer               0x080054e1   Thumb Code   216  spiconfig.o(.text.stm32_wizchip_dma_transfer)
    sw_eeprom_stm32                          0x080055b9   Thumb Code    56  eeprom_stm.o(.text.sw_eeprom_stm32)
    test_eeprom                              0x080055f1   Thumb Code   408  main.o(.text.test_eeprom)
    unescape_http_url                        0x08005785   Thumb Code    56  httpparser.o(.text.unescape_http_url)
    usart1Process                            0x080057bd   Thumb Code    84  main.o(.text.usart1Process)
    w5500_lib_init                           0x08005811   Thumb Code   276  w5500init.o(.text.w5500_lib_init)
    wiz_recv_data                            0x08005925   Thumb Code    84  w5500.o(.text.wiz_recv_data)
    wiz_recv_ignore                          0x08005979   Thumb Code    60  w5500.o(.text.wiz_recv_ignore)
    wiz_send_data                            0x080059b5   Thumb Code    84  w5500.o(.text.wiz_send_data)
    wizchip_bus_readdata                     0x08005a09   Thumb Code     4  wizchip_conf.o(.text.wizchip_bus_readdata)
    wizchip_bus_writedata                    0x08005a0d   Thumb Code     4  wizchip_conf.o(.text.wizchip_bus_writedata)
    wizchip_clrinterrupt                     0x08005a11   Thumb Code    30  wizchip_conf.o(.text.wizchip_clrinterrupt)
    wizchip_cris_enter                       0x08005a2f   Thumb Code     2  wizchip_conf.o(.text.wizchip_cris_enter)
    wizchip_cris_exit                        0x08005a31   Thumb Code     2  wizchip_conf.o(.text.wizchip_cris_exit)
    wizchip_cs_deselect                      0x08005a33   Thumb Code     2  wizchip_conf.o(.text.wizchip_cs_deselect)
    wizchip_cs_select                        0x08005a35   Thumb Code     2  wizchip_conf.o(.text.wizchip_cs_select)
    wizchip_getinterrupt                     0x08005a45   Thumb Code    30  wizchip_conf.o(.text.wizchip_getinterrupt)
    wizchip_getinterruptmask                 0x08005a63   Thumb Code    26  wizchip_conf.o(.text.wizchip_getinterruptmask)
    wizchip_getnetinfo                       0x08005a7d   Thumb Code    84  wizchip_conf.o(.text.wizchip_getnetinfo)
    wizchip_getnetmode                       0x08005ac9   Thumb Code     6  wizchip_conf.o(.text.wizchip_getnetmode)
    wizchip_gettimeout                       0x08005ad1   Thumb Code    40  wizchip_conf.o(.text.wizchip_gettimeout)
    wizchip_init                             0x08005af9   Thumb Code   124  wizchip_conf.o(.text.wizchip_init)
    wizchip_read                             0x08005b75   Thumb Code    52  spiconfig.o(.text.wizchip_read)
    wizchip_readburst                        0x08005ba5   Thumb Code    10  spiconfig.o(.text.wizchip_readburst)
    wizchip_setinterruptmask                 0x08005bc1   Thumb Code    28  wizchip_conf.o(.text.wizchip_setinterruptmask)
    wizchip_setnetinfo                       0x08005bdd   Thumb Code    84  wizchip_conf.o(.text.wizchip_setnetinfo)
    wizchip_setnetmode                       0x08005c2d   Thumb Code    36  wizchip_conf.o(.text.wizchip_setnetmode)
    wizchip_settimeout                       0x08005c51   Thumb Code    40  wizchip_conf.o(.text.wizchip_settimeout)
    wizchip_spi_readburst                    0x08005c79   Thumb Code     2  wizchip_conf.o(.text.wizchip_spi_readburst)
    wizchip_spi_readbyte                     0x08005c7b   Thumb Code     4  wizchip_conf.o(.text.wizchip_spi_readbyte)
    wizchip_spi_writeburst                   0x08005c7f   Thumb Code     2  wizchip_conf.o(.text.wizchip_spi_writeburst)
    wizchip_spi_writebyte                    0x08005c81   Thumb Code     2  wizchip_conf.o(.text.wizchip_spi_writebyte)
    wizchip_sw_reset                         0x08005c85   Thumb Code   128  wizchip_conf.o(.text.wizchip_sw_reset)
    wizchip_write                            0x08005d05   Thumb Code    52  spiconfig.o(.text.wizchip_write)
    wizchip_writeburst                       0x08005d39   Thumb Code    10  spiconfig.o(.text.wizchip_writeburst)
    wizphy_getphyconf                        0x08005d45   Thumb Code   104  wizchip_conf.o(.text.wizphy_getphyconf)
    wizphy_getphylink                        0x08005dad   Thumb Code    16  wizchip_conf.o(.text.wizphy_getphylink)
    wizphy_getphypmode                       0x08005dbd   Thumb Code    24  wizchip_conf.o(.text.wizphy_getphypmode)
    wizphy_reset                             0x08005dd5   Thumb Code    46  wizchip_conf.o(.text.wizphy_reset)
    wizphy_setphyconf                        0x08005e03   Thumb Code    76  wizchip_conf.o(.text.wizphy_setphyconf)
    wizphy_setphypmode                       0x08005e4f   Thumb Code    80  wizchip_conf.o(.text.wizphy_setphypmode)
    wzn_event_handle                         0x08005ea1   Thumb Code   128  ntpserver.o(.text.wzn_event_handle)
    __0printf$8                              0x08005f21   Thumb Code    22  printf8.o(i.__0printf$8)
    __1printf$8                              0x08005f21   Thumb Code     0  printf8.o(i.__0printf$8)
    __2printf                                0x08005f21   Thumb Code     0  printf8.o(i.__0printf$8)
    __0sprintf$8                             0x08005f41   Thumb Code    34  printf8.o(i.__0sprintf$8)
    __1sprintf$8                             0x08005f41   Thumb Code     0  printf8.o(i.__0sprintf$8)
    __2sprintf                               0x08005f41   Thumb Code     0  printf8.o(i.__0sprintf$8)
    __scatterload_copy                       0x08005f69   Thumb Code    14  handlers.o(i.__scatterload_copy)
    __scatterload_null                       0x08005f77   Thumb Code     2  handlers.o(i.__scatterload_null)
    __scatterload_zeroinit                   0x08005f79   Thumb Code    14  handlers.o(i.__scatterload_zeroinit)
    malloc                                   0x080063f5   Thumb Code    92  malloc.o(i.malloc)
    puts                                     0x08006461   Thumb Code    30  puts.o(i.puts)
    AHBPrescTable                            0x0800658c   Data          16  system_stm32f10x.o(.rodata.AHBPrescTable)
    RX_BUFFER_SIZE0                          0x080066be   Data           1  stm32f10x_it.o(.rodata.RX_BUFFER_SIZE0)
    maxData                                  0x080066c0   Data           4  snmp_custom.o(.rodata.maxData)
    Region$$Table$$Base                      0x0800ae4c   Number         0  anon$$obj.o(Region$$Table)
    Region$$Table$$Limit                     0x0800ae6c   Number         0  anon$$obj.o(Region$$Table)
    __stdout                                 0x20000004   Data           4  stdout.o(.data)
    __microlib_freelist                      0x20000008   Data           4  mvars.o(.data)
    __microlib_freelist_initialised          0x2000000c   Data           4  mvars.o(.data)
    ntpTimeServer_ip                         0x20000010   Data           4  sntp.o(.data..L_MergedGlobals)
    Domain_ntpTimeServer                     0x20000014   Data          20  sntp.o(.data..L_MergedGlobals)
    socknumlist                              0x20000028   Data           3  httpserver.o(.data..L_MergedGlobals)
    HTTPServer_ReStart                       0x2000002c   Data           4  httpserver.o(.data..L_MergedGlobals)
    HTTPServer_WDT_Reset                     0x20000030   Data           4  httpserver.o(.data..L_MergedGlobals)
    SystemCoreClock                          0x20000038   Data           4  system_stm32f10x.o(.data.SystemCoreClock)
    VirtAddVarTab                            0x2000003c   Data           6  eeprom_stm.o(.data.VirtAddVarTab)
    WIZCHIP                                  0x20000044   Data          44  wizchip_conf.o(.data.WIZCHIP)
    agentIP                                  0x20000070   Data           4  snmp.o(.data.agentIP)
    gWIZNETINFO                              0x20000074   Data          23  w5500init.o(.data.gWIZNETINFO)
    managerIP                                0x2000008b   Data           4  snmp.o(.data.managerIP)
    snmpData                                 0x20000090   Data        1232  snmp_custom.o(.data.snmpData)
    timenow                                  0x20000564   Data           4  main.o(.data.timenow)
    u1out                                    0x20000568   Data           4  stm32f10x_it.o(.data.u1out)
    u2out                                    0x2000056c   Data           4  stm32f10x_it.o(.data.u2out)
    USART1_index                             0x200005b6   Data           1  stm32f10x_it.o(.bss..L_MergedGlobals)
    USART1_rx_data_buff                      0x200005b7   Data          25  stm32f10x_it.o(.bss..L_MergedGlobals)
    sec_cnt                                  0x200005d0   Data           1  timerhandler.o(.bss..L_MergedGlobals)
    msec_cnt                                 0x200005d2   Data           2  timerhandler.o(.bss..L_MergedGlobals)
    phystatus_check_cnt                      0x200005d4   Data           2  timerhandler.o(.bss..L_MergedGlobals)
    snmp_tick_1ms                            0x200005d8   Data           4  timerhandler.o(.bss..L_MergedGlobals)
    sock_pack_info                           0x200005e6   Data           8  socket.o(.bss..L_MergedGlobals)
    micros_recv                              0x20000600   Data           4  ntpserver.o(.bss..L_MergedGlobals)
    recvTime                                 0x20000604   Data           4  ntpserver.o(.bss..L_MergedGlobals)
    transmitTime                             0x20000608   Data           4  ntpserver.o(.bss..L_MergedGlobals)
    micros_transmit                          0x2000060c   Data           4  ntpserver.o(.bss..L_MergedGlobals)
    serverPacket                             0x20000610   Data          48  ntpserver.o(.bss..L_MergedGlobals)
    clientPacket                             0x20000640   Data          56  ntpserver.o(.bss..L_MergedGlobals)
    errorIndex                               0x2000067a   Data           1  snmp.o(.bss..L_MergedGlobals)
    errorStatus                              0x2000067b   Data           1  snmp.o(.bss..L_MergedGlobals)
    DNS_SOCKET                               0x20000681   Data           1  dns.o(.bss..L_MergedGlobals)
    DNS_MSGID                                0x20000682   Data           2  dns.o(.bss..L_MergedGlobals)
    dns_1s_tick                              0x20000684   Data           4  dns.o(.bss..L_MergedGlobals)
    pDNSMSG                                  0x20000688   Data           4  dns.o(.bss..L_MergedGlobals)
    TimeIsSet                                0x20000698   Data           1  sntp.o(.bss..L_MergedGlobals.4)
    RetrySend                                0x2000069a   Data           2  sntp.o(.bss..L_MergedGlobals.4)
    sycnPeriod                               0x2000069c   Data           2  sntp.o(.bss..L_MergedGlobals.4)
    ntpmessage                               0x2000069e   Data          48  sntp.o(.bss..L_MergedGlobals.4)
    pHTTP_TX                                 0x200006d0   Data           4  httpserver.o(.bss..L_MergedGlobals.83)
    pHTTP_RX                                 0x200006d4   Data           4  httpserver.o(.bss..L_MergedGlobals.83)
    BUFPUB                                   0x200006ec   Data         256  httpparser.o(.bss.BUFPUB)
    DataVar                                  0x200007ec   Data           2  eeprom_stm.o(.bss.DataVar)
    HTTPSock_Status                          0x200007f0   Data        1184  httpserver.o(.bss.HTTPSock_Status)
    RX_BUF                                   0x20000c90   Data        2048  httpserver.o(.bss.RX_BUF)
    TX_BUF                                   0x20001490   Data        2048  httpserver.o(.bss.TX_BUF)
    new_device_ip                            0x20001c90   Data           4  httputil.o(.bss.new_device_ip)
    ntpTimeServer_buf                        0x20001c94   Data         200  sntp.o(.bss.ntpTimeServer_buf)
    packet_trap                              0x20001d5c   Data         512  snmp.o(.bss.packet_trap)
    request_msg                              0x20001f5c   Data         520  snmp.o(.bss.request_msg)
    response_msg                             0x20002164   Data         520  snmp.o(.bss.response_msg)
    web_content                              0x200023f4   Data         240  httpserver.o(.bss.web_content)
    __heap_base                              0x200024e8   Data           0  startup_stm32f10x_md.o(HEAP)
    __heap_limit                             0x200026e8   Data           0  startup_stm32f10x_md.o(HEAP)
    __initial_sp                             0x20002ae8   Data           0  startup_stm32f10x_md.o(STACK)



==============================================================================

Memory Map of the image

  Image Entry point : 0x080000ed

  Load Region LR_IROM1 (Base: 0x08000000, Size: 0x0000b3e0, Max: 0x00010000, ABSOLUTE, COMPRESSED[0x0000afe8])

    Execution Region ER_IROM1 (Exec base: 0x08000000, Load base: 0x08000000, Size: 0x0000ae6c, Max: 0x00010000, ABSOLUTE)

    Exec Addr    Load Addr    Size         Type   Attr      Idx    E Section Name        Object

    0x08000000   0x08000000   0x000000ec   Data   RO         1556    RESET               startup_stm32f10x_md.o
    0x080000ec   0x080000ec   0x00000000   Code   RO         1578  * .ARM.Collect$$$$00000000  mc_w.l(entry.o)
    0x080000ec   0x080000ec   0x00000004   Code   RO         1920    .ARM.Collect$$$$00000001  mc_w.l(entry2.o)
    0x080000f0   0x080000f0   0x00000004   Code   RO         1923    .ARM.Collect$$$$00000004  mc_w.l(entry5.o)
    0x080000f4   0x080000f4   0x00000000   Code   RO         1925    .ARM.Collect$$$$00000008  mc_w.l(entry7b.o)
    0x080000f4   0x080000f4   0x00000000   Code   RO         1927    .ARM.Collect$$$$0000000A  mc_w.l(entry8b.o)
    0x080000f4   0x080000f4   0x00000008   Code   RO         1928    .ARM.Collect$$$$0000000B  mc_w.l(entry9a.o)
    0x080000fc   0x080000fc   0x00000000   Code   RO         1930    .ARM.Collect$$$$0000000D  mc_w.l(entry10a.o)
    0x080000fc   0x080000fc   0x00000000   Code   RO         1932    .ARM.Collect$$$$0000000F  mc_w.l(entry11a.o)
    0x080000fc   0x080000fc   0x00000004   Code   RO         1921    .ARM.Collect$$$$00002712  mc_w.l(entry2.o)
    0x08000100   0x08000100   0x00000024   Code   RO         1557    .text               startup_stm32f10x_md.o
    0x08000124   0x08000124   0x00000094   Code   RO         1585    .text               mc_w.l(localtime.o)
    0x080001b8   0x080001b8   0x0000000e   Code   RO         1589    .text               mc_w.l(ctime.o)
    0x080001c6   0x080001c6   0x00000024   Code   RO         1591    .text               mc_w.l(memcpya.o)
    0x080001ea   0x080001ea   0x00000024   Code   RO         1593    .text               mc_w.l(memseta.o)
    0x0800020e   0x0800020e   0x00000018   Code   RO         1595    .text               mc_w.l(strcat.o)
    0x08000226   0x08000226   0x00000024   Code   RO         1597    .text               mc_w.l(strstr.o)
    0x0800024a   0x0800024a   0x00000018   Code   RO         1599    .text               mc_w.l(strncpy.o)
    0x08000262   0x08000262   0x00000014   Code   RO         1601    .text               mc_w.l(strchr.o)
    0x08000276   0x08000276   0x0000000e   Code   RO         1603    .text               mc_w.l(strlen.o)
    0x08000284   0x08000284   0x0000001c   Code   RO         1605    .text               mc_w.l(strcmp.o)
    0x080002a0   0x080002a0   0x0000001a   Code   RO         1607    .text               mc_w.l(memcmp.o)
    0x080002ba   0x080002ba   0x00000012   Code   RO         1609    .text               mc_w.l(strcpy.o)
    0x080002cc   0x080002cc   0x00000044   Code   RO         1611    .text               mc_w.l(strtok.o)
    0x08000310   0x08000310   0x0000014c   Code   RO         1910    .text               mc_w.l(_scanf_int.o)
    0x0800045c   0x0800045c   0x000000e4   Code   RO         1912    .text               mf_w.l(dmul.o)
    0x08000540   0x08000540   0x00000028   Code   RO         1916    .text               mf_w.l(dfltl.o)
    0x08000568   0x08000568   0x00000032   Code   RO         1918    .text               mf_w.l(dfixui.o)
    0x0800059a   0x0800059a   0x00000062   Code   RO         1937    .text               mc_w.l(uldiv.o)
    0x080005fc   0x080005fc   0x00000020   Code   RO         1939    .text               mc_w.l(llushr.o)
    0x0800061c   0x0800061c   0x000000bc   Code   RO         1941    .text               mc_w.l(asctime.o)
    0x080006d8   0x080006d8   0x0000001c   Code   RO         1947    .text               mc_w.l(_chval.o)
    0x080006f4   0x080006f4   0x00000000   Code   RO         1953    .text               mc_w.l(iusefp.o)
    0x080006f4   0x080006f4   0x000000ba   Code   RO         1954    .text               mf_w.l(depilogue.o)
    0x080007ae   0x080007ae   0x00000002   PAD
    0x080007b0   0x080007b0   0x00000024   Code   RO         1964    .text               mc_w.l(init.o)
    0x080007d4   0x080007d4   0x0000001e   Code   RO         1966    .text               mc_w.l(llshl.o)
    0x080007f2   0x080007f2   0x00000056   Code   RO         1985    .text               mc_w.l(__dczerorl2.o)
    0x08000848   0x08000848   0x00000022   Code   RO          732    .text.ATOI          httpparser.o
    0x0800086a   0x0800086a   0x00000002   Code   RO           44    .text.BusFault_Handler  stm32f10x_it.o
    0x0800086c   0x0800086c   0x00000028   Code   RO          720    .text.C2D           httpparser.o
    0x08000894   0x08000894   0x00000016   Code   RO          898    .text.DMA_Cmd       stm32f10x_dma.o
    0x080008aa   0x080008aa   0x00000002   PAD
    0x080008ac   0x080008ac   0x000000d8   Code   RO          892    .text.DMA_DeInit    stm32f10x_dma.o
    0x08000984   0x08000984   0x00000018   Code   RO          906    .text.DMA_GetFlagStatus  stm32f10x_dma.o
    0x0800099c   0x0800099c   0x0000003e   Code   RO          894    .text.DMA_Init      stm32f10x_dma.o
    0x080009da   0x080009da   0x00000002   PAD
    0x080009dc   0x080009dc   0x00000010   Code   RO          486    .text.DNS_init      dns.o
    0x080009ec   0x080009ec   0x00000164   Code   RO          488    .text.DNS_run       dns.o
    0x08000b50   0x08000b50   0x00000010   Code   RO          490    .text.DNS_time_handler  dns.o
    0x08000b60   0x08000b60   0x00000002   Code   RO           48    .text.DebugMon_Handler  stm32f10x_it.o
    0x08000b62   0x08000b62   0x00000002   PAD
    0x08000b64   0x08000b64   0x00000140   Code   RO          159    .text.Display_Net_Conf  w5500init.o
    0x08000ca4   0x08000ca4   0x00000044   Code   RO          858    .text.EE_FindValidPage  eeprom_stm.o
    0x08000ce8   0x08000ce8   0x0000002c   Code   RO          852    .text.EE_Format     eeprom_stm.o
    0x08000d14   0x08000d14   0x0000012c   Code   RO          850    .text.EE_Init       eeprom_stm.o
    0x08000e40   0x08000e40   0x0000003c   Code   RO          854    .text.EE_ReadVariable  eeprom_stm.o
    0x08000e7c   0x08000e7c   0x00000050   Code   RO          856    .text.EE_VerifyPageFullWriteVariable  eeprom_stm.o
    0x08000ecc   0x08000ecc   0x0000009c   Code   RO          860    .text.EE_WriteVariable  eeprom_stm.o
    0x08000f68   0x08000f68   0x00000038   Code   RO          353    .text.EXTI3_IRQHandler  ntpserver.o
    0x08000fa0   0x08000fa0   0x0000000c   Code   RO          937    .text.EXTI_ClearITPendingBit  stm32f10x_exti.o
    0x08000fac   0x08000fac   0x00000018   Code   RO          935    .text.EXTI_GetITStatus  stm32f10x_exti.o
    0x08000fc4   0x08000fc4   0x00000064   Code   RO          925    .text.EXTI_Init     stm32f10x_exti.o
    0x08001028   0x08001028   0x0000003c   Code   RO          962    .text.FLASH_ErasePage  stm32f10x_flash.o
    0x08001064   0x08001064   0x00000028   Code   RO         1002    .text.FLASH_GetBank1Status  stm32f10x_flash.o
    0x0800108c   0x0800108c   0x00000038   Code   RO          978    .text.FLASH_ProgramHalfWord  stm32f10x_flash.o
    0x080010c4   0x080010c4   0x00000018   Code   RO          954    .text.FLASH_Unlock  stm32f10x_flash.o
    0x080010dc   0x080010dc   0x00000020   Code   RO          964    .text.FLASH_WaitForLastOperation  stm32f10x_flash.o
    0x080010fc   0x080010fc   0x0000002c   Code   RO         1045    .text.GPIO_EXTILineConfig  stm32f10x_gpio.o
    0x08001128   0x08001128   0x00000044   Code   RO         1540    .text.GPIO_GetPortClockState  gpio_stm32f10x.o
    0x0800116c   0x0800116c   0x000000b8   Code   RO         1017    .text.GPIO_Init     stm32f10x_gpio.o
    0x08001224   0x08001224   0x00000070   Code   RO         1542    .text.GPIO_PinConfigure  gpio_stm32f10x.o
    0x08001294   0x08001294   0x000000d4   Code   RO         1538    .text.GPIO_PortClock  gpio_stm32f10x.o
    0x08001368   0x08001368   0x00000004   Code   RO         1029    .text.GPIO_SetBits  stm32f10x_gpio.o
    0x0800136c   0x0800136c   0x000000ac   Code   RO           27    .text.GPIO_config   rcchandler.o
    0x08001418   0x08001418   0x00000002   Code   RO           40    .text.HardFault_Handler  stm32f10x_it.o
    0x0800141a   0x0800141a   0x00000002   PAD
    0x0800141c   0x0800141c   0x00000048   Code   RO           25    .text.IWDG_Config   rcchandler.o
    0x08001464   0x08001464   0x0000000c   Code   RO         1141    .text.IWDG_Enable   stm32f10x_iwdg.o
    0x08001470   0x08001470   0x0000000c   Code   RO         1139    .text.IWDG_ReloadCounter  stm32f10x_iwdg.o
    0x0800147c   0x0800147c   0x0000000c   Code   RO         1135    .text.IWDG_SetPrescaler  stm32f10x_iwdg.o
    0x08001488   0x08001488   0x0000000c   Code   RO         1137    .text.IWDG_SetReload  stm32f10x_iwdg.o
    0x08001494   0x08001494   0x0000000c   Code   RO         1133    .text.IWDG_WriteAccessCmd  stm32f10x_iwdg.o
    0x080014a0   0x080014a0   0x00000002   Code   RO           42    .text.MemManage_Handler  stm32f10x_it.o
    0x080014a2   0x080014a2   0x00000002   Code   RO           38    .text.NMI_Handler   stm32f10x_it.o
    0x080014a4   0x080014a4   0x00000198   Code   RO          347    .text.NTPUDP        ntpserver.o
    0x0800163c   0x0800163c   0x00000058   Code   RO          875    .text.NVIC_Init     misc.o
    0x08001694   0x08001694   0x00000014   Code   RO          873    .text.NVIC_PriorityGroupConfig  misc.o
    0x080016a8   0x080016a8   0x00000026   Code   RO          157    .text.Net_Conf      w5500init.o
    0x080016ce   0x080016ce   0x00000002   PAD
    0x080016d0   0x080016d0   0x00000024   Code   RO          161    .text.PHYStatus_Check  w5500init.o
    0x080016f4   0x080016f4   0x00000002   Code   RO           52    .text.PendSV_Handler  stm32f10x_it.o
    0x080016f6   0x080016f6   0x00000002   PAD
    0x080016f8   0x080016f8   0x00000018   Code   RO         1196    .text.RCC_AHBPeriphClockCmd  stm32f10x_rcc.o
    0x08001710   0x08001710   0x00000018   Code   RO         1200    .text.RCC_APB1PeriphClockCmd  stm32f10x_rcc.o
    0x08001728   0x08001728   0x00000018   Code   RO         1204    .text.RCC_APB1PeriphResetCmd  stm32f10x_rcc.o
    0x08001740   0x08001740   0x00000018   Code   RO         1198    .text.RCC_APB2PeriphClockCmd  stm32f10x_rcc.o
    0x08001758   0x08001758   0x00000018   Code   RO         1202    .text.RCC_APB2PeriphResetCmd  stm32f10x_rcc.o
    0x08001770   0x08001770   0x00000010   Code   RO         1212    .text.RCC_ClearFlag  stm32f10x_rcc.o
    0x08001780   0x08001780   0x00000078   Code   RO         1194    .text.RCC_GetClocksFreq  stm32f10x_rcc.o
    0x080017f8   0x080017f8   0x00000028   Code   RO         1160    .text.RCC_GetFlagStatus  stm32f10x_rcc.o
    0x08001820   0x08001820   0x00000094   Code   RO          453    .text.SNTP_init     sntp.o
    0x080018b4   0x080018b4   0x0000011c   Code   RO          455    .text.SNTP_run      sntp.o
    0x080019d0   0x080019d0   0x0000006c   Code   RO          140    .text.SPI1_Init     spiconfig.o
    0x08001a3c   0x08001a3c   0x00000012   Code   RO         1239    .text.SPI_Cmd       stm32f10x_spi.o
    0x08001a4e   0x08001a4e   0x00000010   Code   RO         1245    .text.SPI_I2S_DMACmd  stm32f10x_spi.o
    0x08001a5e   0x08001a5e   0x0000000a   Code   RO         1267    .text.SPI_I2S_GetFlagStatus  stm32f10x_spi.o
    0x08001a68   0x08001a68   0x00000004   Code   RO         1249    .text.SPI_I2S_ReceiveData  stm32f10x_spi.o
    0x08001a6c   0x08001a6c   0x00000004   Code   RO         1247    .text.SPI_I2S_SendData  stm32f10x_spi.o
    0x08001a70   0x08001a70   0x00000036   Code   RO         1231    .text.SPI_Init      stm32f10x_spi.o
    0x08001aa6   0x08001aa6   0x00000002   Code   RO           50    .text.SVC_Handler   stm32f10x_it.o
    0x08001aa8   0x08001aa8   0x00000002   Code   RO           58    .text.SysTick_Handler  stm32f10x_it.o
    0x08001aaa   0x08001aaa   0x00000002   PAD
    0x08001aac   0x08001aac   0x00000054   Code   RO         1566    .text.SystemCoreClockUpdate  system_stm32f10x.o
    0x08001b00   0x08001b00   0x000000f0   Code   RO         1564    .text.SystemInit    system_stm32f10x.o
    0x08001bf0   0x08001bf0   0x00000090   Code   RO           96    .text.TIM2_IRQHandler  timerhandler.o
    0x08001c80   0x08001c80   0x00000002   Code   RO           60    .text.TIM3_IRQHandler  stm32f10x_it.o
    0x08001c82   0x08001c82   0x00000006   Code   RO         1456    .text.TIM_ClearFlag  stm32f10x_tim.o
    0x08001c88   0x08001c88   0x00000006   Code   RO         1460    .text.TIM_ClearITPendingBit  stm32f10x_tim.o
    0x08001c8e   0x08001c8e   0x00000012   Code   RO         1322    .text.TIM_Cmd       stm32f10x_tim.o
    0x08001ca0   0x08001ca0   0x00000014   Code   RO         1458    .text.TIM_GetITStatus  stm32f10x_tim.o
    0x08001cb4   0x08001cb4   0x00000010   Code   RO         1326    .text.TIM_ITConfig  stm32f10x_tim.o
    0x08001cc4   0x08001cc4   0x00000006   Code   RO         1348    .text.TIM_PrescalerConfig  stm32f10x_tim.o
    0x08001cca   0x08001cca   0x00000002   PAD
    0x08001ccc   0x08001ccc   0x0000008c   Code   RO         1286    .text.TIM_TimeBaseInit  stm32f10x_tim.o
    0x08001d58   0x08001d58   0x00000098   Code   RO           98    .text.Timer_Configuration  timerhandler.o
    0x08001df0   0x08001df0   0x00000038   Code   RO           54    .text.USART1_IRQHandler  stm32f10x_it.o
    0x08001e28   0x08001e28   0x00000078   Code   RO           81    .text.USART1_Init   uarthandler.o
    0x08001ea0   0x08001ea0   0x0000003c   Code   RO           56    .text.USART2_IRQHandler  stm32f10x_it.o
    0x08001edc   0x08001edc   0x00000012   Code   RO         1481    .text.USART_Cmd     stm32f10x_usart.o
    0x08001eee   0x08001eee   0x00000002   PAD
    0x08001ef0   0x08001ef0   0x00000094   Code   RO         1471    .text.USART_DeInit  stm32f10x_usart.o
    0x08001f84   0x08001f84   0x0000000a   Code   RO         1521    .text.USART_GetFlagStatus  stm32f10x_usart.o
    0x08001f8e   0x08001f8e   0x00000042   Code   RO         1525    .text.USART_GetITStatus  stm32f10x_usart.o
    0x08001fd0   0x08001fd0   0x0000002e   Code   RO         1483    .text.USART_ITConfig  stm32f10x_usart.o
    0x08001ffe   0x08001ffe   0x00000002   PAD
    0x08002000   0x08002000   0x000000a4   Code   RO         1473    .text.USART_Init    stm32f10x_usart.o
    0x080020a4   0x080020a4   0x00000008   Code   RO         1497    .text.USART_SendData  stm32f10x_usart.o
    0x080020ac   0x080020ac   0x00000020   Code   RO           83    .text.USER_UART_NVIC  uarthandler.o
    0x080020cc   0x080020cc   0x00000002   Code   RO           46    .text.UsageFault_Handler  stm32f10x_it.o
    0x080020ce   0x080020ce   0x00000002   PAD
    0x080020d0   0x080020d0   0x0000005c   Code   RO          260    .text.WIZCHIP_READ  w5500.o
    0x0800212c   0x0800212c   0x0000006c   Code   RO          264    .text.WIZCHIP_READ_BUF  w5500.o
    0x08002198   0x08002198   0x0000005c   Code   RO          262    .text.WIZCHIP_WRITE  w5500.o
    0x080021f4   0x080021f4   0x00000074   Code   RO          266    .text.WIZCHIP_WRITE_BUF  w5500.o
    0x08002268   0x08002268   0x00000024   Code   RO          759    .text.__NVIC_SystemReset  httpserver.o
    0x0800228c   0x0800228c   0x0000002c   Code   RO          484    .text.check_DNS_timeout  dns.o
    0x080022b8   0x080022b8   0x0000001c   Code   RO          163    .text.checklink     w5500init.o
    0x080022d4   0x080022d4   0x00000070   Code   RO          289    .text.close         socket.o
    0x08002344   0x08002344   0x0000004c   Code   RO          233    .text.ctlnetwork    wizchip_conf.o
    0x08002390   0x08002390   0x000000dc   Code   RO          207    .text.ctlwizchip    wizchip_conf.o
    0x0800246c   0x0800246c   0x00000020   Code   RO          367    .text.currentUptime  snmp.o
    0x0800248c   0x0800248c   0x00000002   Code   RO          751    .text.default_mcu_reset  httpserver.o
    0x0800248e   0x0800248e   0x00000002   Code   RO          753    .text.default_wdt_reset  httpserver.o
    0x08002490   0x08002490   0x00000022   Code   RO          116    .text.delay_ms      delay.o
    0x080024b2   0x080024b2   0x00000002   PAD
    0x080024b4   0x080024b4   0x00000030   Code   RO          525    .text.disk_timerproc  mmcstm32.o
    0x080024e4   0x080024e4   0x0000011c   Code   RO          765    .text.display_reg_webContent_list  httpserver.o
    0x08002600   0x08002600   0x000000c2   Code   RO          478    .text.dns_answer    dns.o
    0x080026c2   0x080026c2   0x00000002   PAD
    0x080026c4   0x080026c4   0x000000a0   Code   RO          482    .text.dns_makequery  dns.o
    0x08002764   0x08002764   0x0000001c   Code   RO          476    .text.dns_question  dns.o
    0x08002780   0x08002780   0x00000044   Code   RO          377    .text.findEntry     snmp.o
    0x080027c4   0x080027c4   0x0000028c   Code   RO          724    .text.find_http_uri_type  httpparser.o
    0x08002a50   0x08002a50   0x00000048   Code   RO          779    .text.find_userReg_webContent  httpserver.o
    0x08002a98   0x08002a98   0x00000024   Code   RO           79    .text.fputc         uarthandler.o
    0x08002abc   0x08002abc   0x000000e0   Code   RO          383    .text.getEntry      snmp.o
    0x08002b9c   0x08002b9c   0x0000001c   Code   RO          783    .text.getHTTPSequenceNum  httpserver.o
    0x08002bb8   0x08002bb8   0x00000044   Code   RO          379    .text.getOID        snmp.o
    0x08002bfc   0x08002bfc   0x00000044   Code   RO          270    .text.getSn_RX_RSR  w5500.o
    0x08002c40   0x08002c40   0x00000044   Code   RO          268    .text.getSn_TX_FSR  w5500.o
    0x08002c84   0x08002c84   0x00000020   Code   RO          381    .text.getValue      snmp.o
    0x08002ca4   0x08002ca4   0x00000034   Code   RO          430    .text.get_LEDStatus_all  snmp_custom.o
    0x08002cd8   0x08002cd8   0x00000008   Code   RO          680    .text.get_S2E_Packet_pointer  configdata.o
    0x08002ce0   0x08002ce0   0x000000c0   Code   RO          728    .text.get_http_param_value  httpparser.o
    0x08002da0   0x08002da0   0x0000003c   Code   RO          734    .text.get_http_uri_name  httpparser.o
    0x08002ddc   0x08002ddc   0x0000001c   Code   RO          767    .text.httpServer_Sockinit  httpserver.o
    0x08002df8   0x08002df8   0x00000518   Code   RO          769    .text.httpServer_run  httpserver.o
    0x08003310   0x08003310   0x0000001e   Code   RO          773    .text.http_disconnect  httpserver.o
    0x0800332e   0x0800332e   0x00000002   PAD
    0x08003330   0x08003330   0x0000006c   Code   RO          827    .text.http_get_cgi_handler  httputil.o
    0x0800339c   0x0800339c   0x00000078   Code   RO          835    .text.http_post_cgi_handler  httputil.o
    0x08003414   0x08003414   0x00000048   Code   RO          736    .text.inet_addr_    httpparser.o
    0x0800345c   0x0800345c   0x00000010   Code   RO          434    .text.initTable     snmp_custom.o
    0x0800346c   0x0800346c   0x0000003c   Code   RO          438    .text.initial_Trap  snmp_custom.o
    0x080034a8   0x080034a8   0x00000050   Code   RO          391    .text.insertRespLen  snmp.o
    0x080034f8   0x080034f8   0x00000066   Code   RO          291    .text.listen        socket.o
    0x0800355e   0x0800355e   0x00000002   PAD
    0x08003560   0x08003560   0x00000158   Code   RO          755    .text.loadwebpages  httpserver.o
    0x080036b8   0x080036b8   0x000000e4   Code   RO            2    .text.main          main.o
    0x0800379c   0x0800379c   0x000000a8   Code   RO          409    .text.makeTrapVariableBindings  snmp.o
    0x08003844   0x08003844   0x00000028   Code   RO          831    .text.make_cgi_basic_config_response_page  httputil.o
    0x0800386c   0x0800386c   0x0000004c   Code   RO          722    .text.make_http_response_head  httpparser.o
    0x080038b8   0x080038b8   0x00000050   Code   RO          817    .text.make_json_ain  httputil.o
    0x08003908   0x08003908   0x00000018   Code   RO          815    .text.make_json_dio  httputil.o
    0x08003920   0x08003920   0x000000d0   Code   RO          813    .text.make_json_netinfo  httputil.o
    0x080039f0   0x080039f0   0x00000038   Code   RO          825    .text.make_json_serial_data  httputil.o
    0x08003a28   0x08003a28   0x00000032   Code   RO          730    .text.mid           httpparser.o
    0x08003a5a   0x08003a5a   0x00000002   PAD
    0x08003a5c   0x08003a5c   0x0000004c   Code   RO            6    .text.networkSevices  main.o
    0x08003aa8   0x08003aa8   0x00000028   Code   RO          351    .text.ntpserverdefaultconfig  ntpserver.o
    0x08003ad0   0x08003ad0   0x00000070   Code   RO          401    .text.parseCommunity  snmp.o
    0x08003b40   0x08003b40   0x000000be   Code   RO          480    .text.parseDNSMSG   dns.o
    0x08003bfe   0x08003bfe   0x00000038   Code   RO          387    .text.parseLength   snmp.o
    0x08003c36   0x08003c36   0x00000002   PAD
    0x08003c38   0x08003c38   0x00000140   Code   RO          399    .text.parseRequest  snmp.o
    0x08003d78   0x08003d78   0x00000060   Code   RO          405    .text.parseSNMPMessage  snmp.o
    0x08003dd8   0x08003dd8   0x0000006c   Code   RO          395    .text.parseSequence  snmp.o
    0x08003e44   0x08003e44   0x0000008c   Code   RO          397    .text.parseSequenceOf  snmp.o
    0x08003ed0   0x08003ed0   0x0000003e   Code   RO          389    .text.parseTLV      snmp.o
    0x08003f0e   0x08003f0e   0x00000002   PAD
    0x08003f10   0x08003f10   0x000001c8   Code   RO          393    .text.parseVarBind  snmp.o
    0x080040d8   0x080040d8   0x00000064   Code   RO          403    .text.parseVersion  snmp.o
    0x0800413c   0x0800413c   0x000000b8   Code   RO          726    .text.parse_http_request  httpparser.o
    0x080041f4   0x080041f4   0x0000008e   Code   RO          474    .text.parse_name    dns.o
    0x08004282   0x08004282   0x00000002   PAD
    0x08004284   0x08004284   0x000000f4   Code   RO          811    .text.predefined_get_cgi_processor  httputil.o
    0x08004378   0x08004378   0x00000068   Code   RO          819    .text.predefined_set_cgi_processor  httputil.o
    0x080043e0   0x080043e0   0x00000034   Code   RO          781    .text.read_userReg_webContent  httpserver.o
    0x08004414   0x08004414   0x000000ec   Code   RO          299    .text.recv          socket.o
    0x08004500   0x08004500   0x00000224   Code   RO          303    .text.recvfrom      socket.o
    0x08004724   0x08004724   0x00000060   Code   RO          763    .text.reg_httpServer_webContent  httpserver.o
    0x08004784   0x08004784   0x00000030   Code   RO          199    .text.reg_wizchip_cs_cbfunc  wizchip_conf.o
    0x080047b4   0x080047b4   0x0000003c   Code   RO          203    .text.reg_wizchip_spi_cbfunc  wizchip_conf.o
    0x080047f0   0x080047f0   0x00000040   Code   RO          205    .text.reg_wizchip_spiburst_cbfunc  wizchip_conf.o
    0x08004830   0x08004830   0x000000a8   Code   RO          833    .text.saveip        httputil.o
    0x080048d8   0x080048d8   0x00000114   Code   RO          297    .text.send          socket.o
    0x080049ec   0x080049ec   0x000001d8   Code   RO          771    .text.send_http_response_body  httpserver.o
    0x08004bc4   0x08004bc4   0x000000c0   Code   RO          787    .text.send_http_response_cgi  httpserver.o
    0x08004c84   0x08004c84   0x00000128   Code   RO          785    .text.send_http_response_header  httpserver.o
    0x08004dac   0x08004dac   0x00000150   Code   RO          301    .text.sendto        socket.o
    0x08004efc   0x08004efc   0x0000007c   Code   RO          385    .text.setEntry      snmp.o
    0x08004f78   0x08004f78   0x0000001c   Code   RO          428    .text.setMyValue    snmp_custom.o
    0x08004f94   0x08004f94   0x00000030   Code   RO          432    .text.set_LEDStatus_R  snmp_custom.o
    0x08004fc4   0x08004fc4   0x00000094   Code   RO          829    .text.set_basic_config_setting  httputil.o
    0x08005058   0x08005058   0x00000038   Code   RO          821    .text.set_diodir    httputil.o
    0x08005090   0x08005090   0x00000040   Code   RO          823    .text.set_diostate  httputil.o
    0x080050d0   0x080050d0   0x00000140   Code   RO          411    .text.snmp_sendTrap  snmp.o
    0x08005210   0x08005210   0x00000060   Code   RO          373    .text.snmpd_init    snmp.o
    0x08005270   0x08005270   0x0000012c   Code   RO          375    .text.snmpd_run     snmp.o
    0x0800539c   0x0800539c   0x00000114   Code   RO          287    .text.socket        socket.o
    0x080054b0   0x080054b0   0x00000030   Code   RO          132    .text.stm32_spi_rw  spiconfig.o
    0x080054e0   0x080054e0   0x000000d8   Code   RO          136    .text.stm32_wizchip_dma_transfer  spiconfig.o
    0x080055b8   0x080055b8   0x00000038   Code   RO          848    .text.sw_eeprom_stm32  eeprom_stm.o
    0x080055f0   0x080055f0   0x00000194   Code   RO            4    .text.test_eeprom   main.o
    0x08005784   0x08005784   0x00000038   Code   RO          718    .text.unescape_http_url  httpparser.o
    0x080057bc   0x080057bc   0x00000054   Code   RO            8    .text.usart1Process  main.o
    0x08005810   0x08005810   0x00000114   Code   RO          151    .text.w5500_lib_init  w5500init.o
    0x08005924   0x08005924   0x00000054   Code   RO          274    .text.wiz_recv_data  w5500.o
    0x08005978   0x08005978   0x0000003c   Code   RO          276    .text.wiz_recv_ignore  w5500.o
    0x080059b4   0x080059b4   0x00000054   Code   RO          272    .text.wiz_send_data  w5500.o
    0x08005a08   0x08005a08   0x00000004   Code   RO          185    .text.wizchip_bus_readdata  wizchip_conf.o
    0x08005a0c   0x08005a0c   0x00000004   Code   RO          187    .text.wizchip_bus_writedata  wizchip_conf.o
    0x08005a10   0x08005a10   0x0000001e   Code   RO          213    .text.wizchip_clrinterrupt  wizchip_conf.o
    0x08005a2e   0x08005a2e   0x00000002   Code   RO          177    .text.wizchip_cris_enter  wizchip_conf.o
    0x08005a30   0x08005a30   0x00000002   Code   RO          179    .text.wizchip_cris_exit  wizchip_conf.o
    0x08005a32   0x08005a32   0x00000002   Code   RO          183    .text.wizchip_cs_deselect  wizchip_conf.o
    0x08005a34   0x08005a34   0x00000002   Code   RO          181    .text.wizchip_cs_select  wizchip_conf.o
    0x08005a36   0x08005a36   0x00000002   PAD
    0x08005a38   0x08005a38   0x0000000c   Code   RO          155    .text.wizchip_deselect  w5500init.o
    0x08005a44   0x08005a44   0x0000001e   Code   RO          215    .text.wizchip_getinterrupt  wizchip_conf.o
    0x08005a62   0x08005a62   0x0000001a   Code   RO          219    .text.wizchip_getinterruptmask  wizchip_conf.o
    0x08005a7c   0x08005a7c   0x0000004c   Code   RO          237    .text.wizchip_getnetinfo  wizchip_conf.o
    0x08005ac8   0x08005ac8   0x00000006   Code   RO          241    .text.wizchip_getnetmode  wizchip_conf.o
    0x08005ace   0x08005ace   0x00000002   PAD
    0x08005ad0   0x08005ad0   0x00000028   Code   RO          245    .text.wizchip_gettimeout  wizchip_conf.o
    0x08005af8   0x08005af8   0x0000007c   Code   RO          211    .text.wizchip_init  wizchip_conf.o
    0x08005b74   0x08005b74   0x00000030   Code   RO          130    .text.wizchip_read  spiconfig.o
    0x08005ba4   0x08005ba4   0x0000000a   Code   RO          134    .text.wizchip_readburst  spiconfig.o
    0x08005bae   0x08005bae   0x00000002   PAD
    0x08005bb0   0x08005bb0   0x00000010   Code   RO          153    .text.wizchip_select  w5500init.o
    0x08005bc0   0x08005bc0   0x0000001c   Code   RO          217    .text.wizchip_setinterruptmask  wizchip_conf.o
    0x08005bdc   0x08005bdc   0x00000050   Code   RO          235    .text.wizchip_setnetinfo  wizchip_conf.o
    0x08005c2c   0x08005c2c   0x00000024   Code   RO          239    .text.wizchip_setnetmode  wizchip_conf.o
    0x08005c50   0x08005c50   0x00000028   Code   RO          243    .text.wizchip_settimeout  wizchip_conf.o
    0x08005c78   0x08005c78   0x00000002   Code   RO          193    .text.wizchip_spi_readburst  wizchip_conf.o
    0x08005c7a   0x08005c7a   0x00000004   Code   RO          189    .text.wizchip_spi_readbyte  wizchip_conf.o
    0x08005c7e   0x08005c7e   0x00000002   Code   RO          195    .text.wizchip_spi_writeburst  wizchip_conf.o
    0x08005c80   0x08005c80   0x00000002   Code   RO          191    .text.wizchip_spi_writebyte  wizchip_conf.o
    0x08005c82   0x08005c82   0x00000002   PAD
    0x08005c84   0x08005c84   0x00000080   Code   RO          209    .text.wizchip_sw_reset  wizchip_conf.o
    0x08005d04   0x08005d04   0x00000034   Code   RO          128    .text.wizchip_write  spiconfig.o
    0x08005d38   0x08005d38   0x0000000a   Code   RO          138    .text.wizchip_writeburst  spiconfig.o
    0x08005d42   0x08005d42   0x00000002   PAD
    0x08005d44   0x08005d44   0x00000068   Code   RO          225    .text.wizphy_getphyconf  wizchip_conf.o
    0x08005dac   0x08005dac   0x00000010   Code   RO          231    .text.wizphy_getphylink  wizchip_conf.o
    0x08005dbc   0x08005dbc   0x00000018   Code   RO          229    .text.wizphy_getphypmode  wizchip_conf.o
    0x08005dd4   0x08005dd4   0x0000002e   Code   RO          221    .text.wizphy_reset  wizchip_conf.o
    0x08005e02   0x08005e02   0x0000004c   Code   RO          223    .text.wizphy_setphyconf  wizchip_conf.o
    0x08005e4e   0x08005e4e   0x00000050   Code   RO          227    .text.wizphy_setphypmode  wizchip_conf.o
    0x08005e9e   0x08005e9e   0x00000002   PAD
    0x08005ea0   0x08005ea0   0x00000080   Code   RO          349    .text.wzn_event_handle  ntpserver.o
    0x08005f20   0x08005f20   0x00000020   Code   RO         1826    i.__0printf$8       mc_w.l(printf8.o)
    0x08005f40   0x08005f40   0x00000028   Code   RO         1828    i.__0sprintf$8      mc_w.l(printf8.o)
    0x08005f68   0x08005f68   0x0000000e   Code   RO         1979    i.__scatterload_copy  mc_w.l(handlers.o)
    0x08005f76   0x08005f76   0x00000002   Code   RO         1980    i.__scatterload_null  mc_w.l(handlers.o)
    0x08005f78   0x08005f78   0x0000000e   Code   RO         1981    i.__scatterload_zeroinit  mc_w.l(handlers.o)
    0x08005f86   0x08005f86   0x00000002   PAD
    0x08005f88   0x08005f88   0x00000410   Code   RO         1833    i._printf_core      mc_w.l(printf8.o)
    0x08006398   0x08006398   0x00000024   Code   RO         1834    i._printf_post_padding  mc_w.l(printf8.o)
    0x080063bc   0x080063bc   0x0000002e   Code   RO         1835    i._printf_pre_padding  mc_w.l(printf8.o)
    0x080063ea   0x080063ea   0x0000000a   Code   RO         1837    i._sputc            mc_w.l(printf8.o)
    0x080063f4   0x080063f4   0x0000006c   Code   RO         1881    i.malloc            mc_w.l(malloc.o)
    0x08006460   0x08006460   0x00000024   Code   RO         1581    i.puts              mc_w.l(puts.o)
    0x08006484   0x08006484   0x0000000c   Data   RO         1587    .constdata          mc_w.l(localtime.o)
    0x08006490   0x08006490   0x00000039   Data   RO         1943    .constdata          mc_w.l(asctime.o)
    0x080064c9   0x080064c9   0x00000002   Data   RO          795    .rodata..L.str.23   httpserver.o
    0x080064cb   0x080064cb   0x00000002   Data   RO          739    .rodata..L.str.58   httpparser.o
    0x080064cd   0x080064cd   0x00000003   PAD
    0x080064d0   0x080064d0   0x00000058   Data   RO          442    .rodata..L__const.initial_Trap.enterprise_oid  snmp_custom.o
    0x08006528   0x08006528   0x00000060   Data   RO          741    .rodata..Lswitch.table.make_http_response_head  httpparser.o
    0x08006588   0x08006588   0x00000004   Data   RO         1219    .rodata.ADCPrescTable  stm32f10x_rcc.o
    0x0800658c   0x0800658c   0x00000010   Data   RO         1569    .rodata.AHBPrescTable  system_stm32f10x.o
    0x0800659c   0x0800659c   0x00000010   Data   RO         1218    .rodata.APBAHBPrescTable  stm32f10x_rcc.o
    0x080065ac   0x080065ac   0x00000099   Data   RO          799    .rodata.ERROR_HTML_PAGE  httpserver.o
    0x08006645   0x08006645   0x00000003   PAD
    0x08006648   0x08006648   0x00000076   Data   RO          798    .rodata.ERROR_REQUEST_PAGE  httpserver.o
    0x080066be   0x080066be   0x00000001   Data   RO           68    .rodata.RX_BUFFER_SIZE0  stm32f10x_it.o
    0x080066bf   0x080066bf   0x00000001   PAD
    0x080066c0   0x080066c0   0x00000004   Data   RO          441    .rodata.maxData     snmp_custom.o
    0x080066c4   0x080066c4   0x00000039   Data   RO          167    .rodata.str1.1      w5500init.o
    0x080066fd   0x080066fd   0x0000000f   Data   RO          443    .rodata.str1.1      snmp_custom.o
    0x0800670c   0x0800670c   0x0000002f   Data   RO          492    .rodata.str1.1      dns.o
    0x0800673b   0x0800673b   0x00000493   Data   RO          738    .rodata.str1.1      httpparser.o
    0x08006bce   0x08006bce   0x00003f93   Data   RO          794    .rodata.str1.1      httpserver.o
    0x0800ab61   0x0800ab61   0x000002b9   Data   RO          837    .rodata.str1.1      httputil.o
    0x0800ae1a   0x0800ae1a   0x00000002   PAD
    0x0800ae1c   0x0800ae1c   0x0000002f   Data   RO          793    .rodata.str1.4      httpserver.o
    0x0800ae4b   0x0800ae4b   0x00000001   PAD
    0x0800ae4c   0x0800ae4c   0x00000020   Data   RO         1978    Region$$Table       anon$$obj.o


    Execution Region RW_IRAM1 (Exec base: 0x20000000, Load base: 0x0800ae70, Size: 0x00002ae8, Max: 0x00005000, ABSOLUTE, COMPRESSED[0x00000178])

    Exec Addr    Load Addr    Size         Type   Attr      Idx    E Section Name        Object

    0x20000000   COMPRESSED   0x00000004   Data   RW         1612    .data               mc_w.l(strtok.o)
    0x20000004   COMPRESSED   0x00000004   Data   RW         1934    .data               mc_w.l(stdout.o)
    0x20000008   COMPRESSED   0x00000004   Data   RW         1945    .data               mc_w.l(mvars.o)
    0x2000000c   COMPRESSED   0x00000004   Data   RW         1946    .data               mc_w.l(mvars.o)
    0x20000010   COMPRESSED   0x00000018   Data   RW          459    .data..L_MergedGlobals  sntp.o
    0x20000028   COMPRESSED   0x0000000c   Data   RW          800    .data..L_MergedGlobals  httpserver.o
    0x20000034   COMPRESSED   0x00000001   Data   RW          527    .data.Stat          mmcstm32.o
    0x20000035   COMPRESSED   0x00000003   PAD
    0x20000038   COMPRESSED   0x00000004   Data   RW         1568    .data.SystemCoreClock  system_stm32f10x.o
    0x2000003c   COMPRESSED   0x00000006   Data   RW          863    .data.VirtAddVarTab  eeprom_stm.o
    0x20000042   COMPRESSED   0x00000002   PAD
    0x20000044   COMPRESSED   0x0000002c   Data   RW          249    .data.WIZCHIP       wizchip_conf.o
    0x20000070   COMPRESSED   0x00000004   Data   RW          414    .data.agentIP       snmp.o
    0x20000074   COMPRESSED   0x00000017   Data   RW          165    .data.gWIZNETINFO   w5500init.o
    0x2000008b   COMPRESSED   0x00000004   Data   RW          413    .data.managerIP     snmp.o
    0x2000008f   COMPRESSED   0x00000001   PAD
    0x20000090   COMPRESSED   0x000004d0   Data   RW          440    .data.snmpData      snmp_custom.o
    0x20000560   COMPRESSED   0x00000002   Data   RW          311    .data.sock_any_port  socket.o
    0x20000562   COMPRESSED   0x00000002   PAD
    0x20000564   COMPRESSED   0x00000004   Data   RW           12    .data.timenow       main.o
    0x20000568   COMPRESSED   0x00000004   Data   RW           65    .data.u1out         stm32f10x_it.o
    0x2000056c   COMPRESSED   0x00000004   Data   RW           66    .data.u2out         stm32f10x_it.o
    0x20000570        -       0x0000002c   Zero   RW         1586    .bss                mc_w.l(localtime.o)
    0x2000059c        -       0x0000001a   Zero   RW         1942    .bss                mc_w.l(asctime.o)
    0x200005b6        -       0x0000001a   Zero   RW           69    .bss..L_MergedGlobals  stm32f10x_it.o
    0x200005d0        -       0x0000000c   Zero   RW          104    .bss..L_MergedGlobals  timerhandler.o
    0x200005dc        -       0x00000005   Zero   RW          250    .bss..L_MergedGlobals  wizchip_conf.o
    0x200005e1   COMPRESSED   0x00000001   PAD
    0x200005e2        -       0x0000001c   Zero   RW          312    .bss..L_MergedGlobals  socket.o
    0x200005fe   COMPRESSED   0x00000002   PAD
    0x20000600        -       0x00000078   Zero   RW          357    .bss..L_MergedGlobals  ntpserver.o
    0x20000678        -       0x00000008   Zero   RW          418    .bss..L_MergedGlobals  snmp.o
    0x20000680        -       0x0000000c   Zero   RW          493    .bss..L_MergedGlobals  dns.o
    0x2000068c        -       0x0000000c   Zero   RW          528    .bss..L_MergedGlobals  mmcstm32.o
    0x20000698        -       0x00000036   Zero   RW          460    .bss..L_MergedGlobals.4  sntp.o
    0x200006ce   COMPRESSED   0x00000002   PAD
    0x200006d0        -       0x0000001c   Zero   RW          801    .bss..L_MergedGlobals.83  httpserver.o
    0x200006ec        -       0x00000100   Zero   RW          740    .bss.BUFPUB         httpparser.o
    0x200007ec        -       0x00000002   Zero   RW          862    .bss.DataVar        eeprom_stm.o
    0x200007ee   COMPRESSED   0x00000002   PAD
    0x200007f0        -       0x000004a0   Zero   RW          790    .bss.HTTPSock_Status  httpserver.o
    0x20000c90        -       0x00000800   Zero   RW          792    .bss.RX_BUF         httpserver.o
    0x20001490        -       0x00000800   Zero   RW          791    .bss.TX_BUF         httpserver.o
    0x20001c90        -       0x00000004   Zero   RW          838    .bss.new_device_ip  httputil.o
    0x20001c94        -       0x000000c8   Zero   RW          458    .bss.ntpTimeServer_buf  sntp.o
    0x20001d5c        -       0x00000200   Zero   RW          415    .bss.packet_trap    snmp.o
    0x20001f5c        -       0x00000208   Zero   RW          416    .bss.request_msg    snmp.o
    0x20002164        -       0x00000208   Zero   RW          417    .bss.response_msg   snmp.o
    0x2000236c        -       0x00000085   Zero   RW          708    .bss.s2e_packet     configdata.o
    0x200023f1   COMPRESSED   0x00000001   PAD
    0x200023f2        -       0x00000002   Zero   RW          796    .bss.total_content_cnt  httpserver.o
    0x200023f4        -       0x000000f0   Zero   RW          797    .bss.web_content    httpserver.o
    0x200024e4   COMPRESSED   0x00000004   PAD
    0x200024e8        -       0x00000200   Zero   RW         1555    HEAP                startup_stm32f10x_md.o
    0x200026e8        -       0x00000400   Zero   RW         1554    STACK               startup_stm32f10x_md.o


==============================================================================

Image component sizes


      Code (inc. data)   RO Data    RW Data    ZI Data      Debug   Object Name

         8          4          0          0        133       4980   configdata.o
        34          0          0          0          0        860   delay.o
      1146        152         47          0         12       6482   dns.o
       764         48          0          6          2       4817   eeprom_stm.o
       392         52          0          0          0       5105   gpio_stm32f10x.o
      1416        352       1269          0        256       5221   httpparser.o
      3238       1100      16595         12       5550      10182   httpserver.o
      1420        312        697          0          4       7151   httputil.o
       792        176          0          4          0       4715   main.o
       108         12          0          0          0       3412   misc.o
        48          8          0          1         12       7816   mmcstm32.o
       632        204          0          0        120       3853   ntpserver.o
       244          8          0          0          0       4233   rcchandler.o
      2962        252          0          8       1560      12936   snmp.o
       204        100        107       1232          0       2176   snmp_custom.o
       432        176          0         24        254       1616   sntp.o
      1886         16          0          2         28       7671   socket.o
       492         24          0          0          0       4314   spiconfig.o
        36          8        236          0       1536        820   startup_stm32f10x_md.o
       324         56          0          0          0       3777   stm32f10x_dma.o
       136          8          0          0          0       2917   stm32f10x_exti.o
       212         20          0          0          0       7933   stm32f10x_flash.o
       232          4          0          0          0       5737   stm32f10x_gpio.o
       136         12          1          8         26       2671   stm32f10x_it.o
        60         12          0          0          0       1796   stm32f10x_iwdg.o
       296         32         20          0          0       7917   stm32f10x_rcc.o
       106          0          0          0          0       6740   stm32f10x_spi.o
       212         24          0          0          0      23729   stm32f10x_tim.o
       460         20          0          0          0       7593   stm32f10x_usart.o
       324         40         16          4          0       2701   system_stm32f10x.o
       296         28          0          0         12       4685   timerhandler.o
       188          8          0          0          0       4657   uarthandler.o
       772          0          0          0          0       3778   w5500.o
       726        268         57         23          0       3646   w5500init.o
      1484         82          0         44          5      10227   wizchip_conf.o

    ----------------------------------------------------------------------
     22268       3618      19087       1376       9522     198864   Object Totals
         0          0         32          0          0          0   (incl. Generated)
        50          0         10          8         12          0   (incl. Padding)

    ----------------------------------------------------------------------

      Code (inc. data)   RO Data    RW Data    ZI Data      Debug   Library Member Name

        86          0          0          0          0          0   __dczerorl2.o
        28          0          0          0          0         68   _chval.o
       332          0          0          0          0         96   _scanf_int.o
       188         16         57          0         26         88   asctime.o
        14          0          0          0          0         80   ctime.o
         0          0          0          0          0          0   entry.o
         0          0          0          0          0          0   entry10a.o
         0          0          0          0          0          0   entry11a.o
         8          4          0          0          0          0   entry2.o
         4          0          0          0          0          0   entry5.o
         0          0          0          0          0          0   entry7b.o
         0          0          0          0          0          0   entry8b.o
         8          4          0          0          0          0   entry9a.o
        30          0          0          0          0          0   handlers.o
        36          8          0          0          0         68   init.o
         0          0          0          0          0          0   iusefp.o
        30          0          0          0          0         68   llshl.o
        32          0          0          0          0         68   llushr.o
       148         10         12          0         44         76   localtime.o
       108         16          0          0          0         84   malloc.o
        26          0          0          0          0         80   memcmp.o
        36          0          0          0          0         68   memcpya.o
        36          0          0          0          0        108   memseta.o
         0          0          0          8          0          0   mvars.o
      1204         60          0          0          0        504   printf8.o
        36          6          0          0          0         80   puts.o
         0          0          0          4          0          0   stdout.o
        24          0          0          0          0         68   strcat.o
        20          0          0          0          0         68   strchr.o
        28          0          0          0          0         76   strcmp.o
        18          0          0          0          0         68   strcpy.o
        14          0          0          0          0         68   strlen.o
        24          0          0          0          0         76   strncpy.o
        36          0          0          0          0         80   strstr.o
        68          6          0          4          0         80   strtok.o
        98          0          0          0          0         92   uldiv.o
       186          0          0          0          0        176   depilogue.o
        50          0          0          0          0         76   dfixui.o
        40          0          0          0          0         80   dfltl.o
       228          0          0          0          0         96   dmul.o

    ----------------------------------------------------------------------
      3228        130         69         16         70       2640   Library Totals
         4          0          0          0          0          0   (incl. Padding)

    ----------------------------------------------------------------------

      Code (inc. data)   RO Data    RW Data    ZI Data      Debug   Library Name

      2720        130         69         16         70       2212   mc_w.l
       504          0          0          0          0        428   mf_w.l

    ----------------------------------------------------------------------
      3228        130         69         16         70       2640   Library Totals

    ----------------------------------------------------------------------

==============================================================================


      Code (inc. data)   RO Data    RW Data    ZI Data      Debug   

     25496       3748      19156       1392       9592     199700   Grand Totals
     25496       3748      19156        376       9592     199700   ELF Image Totals (compressed)
     25496       3748      19156        376          0          0   ROM Totals

==============================================================================

    Total RO  Size (Code + RO Data)                44652 (  43.61kB)
    Total RW  Size (RW Data + ZI Data)             10984 (  10.73kB)
    Total ROM Size (Code + RO Data + RW Data)      45028 (  43.97kB)

==============================================================================

