Component: ARM Compiler 6.12 Tool: armlink [5d624300]

==============================================================================

Section Cross References

    main.o(.text.sw_eeprom_stm32) refers to stm32f10x_flash.o(.text.FLASH_Unlock) for FLASH_Unlock
    main.o(.text.sw_eeprom_stm32) refers to eeprom_stm.o(.text.EE_Init) for EE_Init
    main.o(.text.sw_eeprom_stm32) refers to puts.o(i.puts) for puts
    main.o(.ARM.exidx.text.sw_eeprom_stm32) refers to main.o(.text.sw_eeprom_stm32) for [Anonymous Symbol]
    main.o(.text.test_eeprom) refers to puts.o(i.puts) for puts
    main.o(.text.test_eeprom) refers to eeprom_stm.o(.text.EE_ReadVariable) for EE_ReadVariable
    main.o(.text.test_eeprom) refers to eeprom_stm.o(.text.EE_WriteVariable) for EE_WriteVariable
    main.o(.text.test_eeprom) refers to w5500init.o(.data.gWIZNETINFO) for gWIZNETINFO
    main.o(.ARM.exidx.text.test_eeprom) refers to main.o(.text.test_eeprom) for [Anonymous Symbol]
    main.o(.text.main) refers to system_stm32f10x.o(.text.SystemInit) for SystemInit
    main.o(.text.main) refers to system_stm32f10x.o(.text.SystemCoreClockUpdate) for SystemCoreClockUpdate
    main.o(.text.main) refers to rcchandler.o(.text.GPIO_config) for GPIO_config
    main.o(.text.main) refers to spiconfig.o(.text.SPI1_Init) for SPI1_Init
    main.o(.text.main) refers to uarthandler.o(.text.USART1_Init) for USART1_Init
    main.o(.text.main) refers to timerhandler.o(.text.Timer_Configuration) for Timer_Configuration
    main.o(.text.main) refers to main.o(.text.sw_eeprom_stm32) for sw_eeprom_stm32
    main.o(.text.main) refers to main.o(.text.test_eeprom) for test_eeprom
    main.o(.text.main) refers to delay.o(.text.delay_ms) for delay_ms
    main.o(.text.main) refers to w5500init.o(.text.w5500_lib_init) for w5500_lib_init
    main.o(.text.main) refers to mmcstm32.o(.text.disk_initialize) for disk_initialize
    main.o(.text.main) refers to puts.o(i.puts) for puts
    main.o(.text.main) refers to ctime.o(.text) for ctime
    main.o(.text.main) refers to printf8.o(i.__0printf$8) for __2printf
    main.o(.text.main) refers to ff.o(.text.f_mount) for f_mount
    main.o(.text.main) refers to stm32f1fatfs.o(.text.TM_FATFS_GetDriveSize) for TM_FATFS_GetDriveSize
    main.o(.text.main) refers to sntp.o(.text.SNTP_init) for SNTP_init
    main.o(.text.main) refers to ntpserver.o(.text.ntpserverdefaultconfig) for ntpserverdefaultconfig
    main.o(.text.main) refers to snmp.o(.text.snmpd_init) for snmpd_init
    main.o(.text.main) refers to main.o(.text.loadwebpages) for loadwebpages
    main.o(.text.main) refers to rcchandler.o(.text.IWDG_Config) for IWDG_Config
    main.o(.text.main) refers to stm32f10x_iwdg.o(.text.IWDG_ReloadCounter) for IWDG_ReloadCounter
    main.o(.text.main) refers to main.o(.text.networkSevices) for networkSevices
    main.o(.text.main) refers to sntp.o(.text.SNTP_run) for SNTP_run
    main.o(.text.main) refers to system_stm32f10x.o(.data.SystemCoreClock) for SystemCoreClock
    main.o(.text.main) refers to main.o(.data.timenow) for timenow
    main.o(.text.main) refers to main.o(.bss.FS) for FS
    main.o(.text.main) refers to main.o(.rodata..L.str.5) for [Anonymous Symbol]
    main.o(.text.main) refers to main.o(.bss.CardSize) for CardSize
    main.o(.text.main) refers to snmp.o(.data.managerIP) for managerIP
    main.o(.text.main) refers to snmp.o(.data.agentIP) for agentIP
    main.o(.text.main) refers to timerhandler.o(.bss..L_MergedGlobals) for sec_cnt
    main.o(.ARM.exidx.text.main) refers to main.o(.text.main) for [Anonymous Symbol]
    main.o(.text.networkSevices) refers to w5500init.o(.text.checklink) for checklink
    main.o(.text.networkSevices) refers to ntpserver.o(.text.NTPUDP) for NTPUDP
    main.o(.text.networkSevices) refers to printf8.o(i.__0printf$8) for __2printf
    main.o(.text.networkSevices) refers to snmp.o(.text.snmpd_run) for snmpd_run
    main.o(.text.networkSevices) refers to httpserver.o(.text.httpServer_run) for httpServer_run
    main.o(.ARM.exidx.text.networkSevices) refers to main.o(.text.networkSevices) for [Anonymous Symbol]
    main.o(.text.fputc) refers to stm32f10x_usart.o(.text.USART_GetFlagStatus) for USART_GetFlagStatus
    main.o(.text.fputc) refers to stm32f10x_usart.o(.text.USART_SendData) for USART_SendData
    main.o(.ARM.exidx.text.fputc) refers to main.o(.text.fputc) for [Anonymous Symbol]
    main.o(.text.SysTick_Handler) refers to main.o(.bss.ms10k) for ms10k
    main.o(.ARM.exidx.text.SysTick_Handler) refers to main.o(.text.SysTick_Handler) for [Anonymous Symbol]
    main.o(.text.EXTI3_IRQHandler) refers to stm32f10x_exti.o(.text.EXTI_GetITStatus) for EXTI_GetITStatus
    main.o(.text.EXTI3_IRQHandler) refers to stm32f10x_exti.o(.text.EXTI_ClearITPendingBit) for EXTI_ClearITPendingBit
    main.o(.text.EXTI3_IRQHandler) refers to main.o(.bss.ms10k) for ms10k
    main.o(.text.EXTI3_IRQHandler) refers to ntpserver.o(.bss..L_MergedGlobals) for micros_recv
[...]
    _scanf_string                             - Undefined Weak Reference
    __Vectors_Size                           0x000000ec   Number         0  startup_stm32f10x_md.o ABSOLUTE
    __Vectors                                0x08000000   Data           4  startup_stm32f10x_md.o(RESET)
    __Vectors_End                            0x080000ec   Data           0  startup_stm32f10x_md.o(RESET)
    __main                                   0x080000ed   Thumb Code     0  entry.o(.ARM.Collect$$$$00000000)
    _main_stk                                0x080000ed   Thumb Code     0  entry2.o(.ARM.Collect$$$$00000001)
    _main_scatterload                        0x080000f1   Thumb Code     0  entry5.o(.ARM.Collect$$$$00000004)
    __main_after_scatterload                 0x080000f5   Thumb Code     0  entry5.o(.ARM.Collect$$$$00000004)
    _main_clock                              0x080000f5   Thumb Code     0  entry7b.o(.ARM.Collect$$$$00000008)
    _main_cpp_init                           0x080000f5   Thumb Code     0  entry8b.o(.ARM.Collect$$$$0000000A)
    _main_init                               0x080000f5   Thumb Code     0  entry9a.o(.ARM.Collect$$$$0000000B)
    __rt_final_cpp                           0x080000fd   Thumb Code     0  entry10a.o(.ARM.Collect$$$$0000000D)
    __rt_final_exit                          0x080000fd   Thumb Code     0  entry11a.o(.ARM.Collect$$$$0000000F)
    Reset_Handler                            0x08000101   Thumb Code     8  startup_stm32f10x_md.o(.text)
    ADC1_2_IRQHandler                        0x0800011b   Thumb Code     0  startup_stm32f10x_md.o(.text)
    CAN1_RX1_IRQHandler                      0x0800011b   Thumb Code     0  startup_stm32f10x_md.o(.text)
    CAN1_SCE_IRQHandler                      0x0800011b   Thumb Code     0  startup_stm32f10x_md.o(.text)
    DMA1_Channel1_IRQHandler                 0x0800011b   Thumb Code     0  startup_stm32f10x_md.o(.text)
    DMA1_Channel2_IRQHandler                 0x0800011b   Thumb Code     0  startup_stm32f10x_md.o(.text)
    DMA1_Channel3_IRQHandler                 0x0800011b   Thumb Code     0  startup_stm32f10x_md.o(.text)
    DMA1_Channel4_IRQHandler                 0x0800011b   Thumb Code     0  startup_stm32f10x_md.o(.text)
    DMA1_Channel5_IRQHandler                 0x0800011b   Thumb Code     0  startup_stm32f10x_md.o(.text)
    DMA1_Channel6_IRQHandler                 0x0800011b   Thumb Code     0  startup_stm32f10x_md.o(.text)
    DMA1_Channel7_IRQHandler                 0x0800011b   Thumb Code     0  startup_stm32f10x_md.o(.text)
    EXTI0_IRQHandler                         0x0800011b   Thumb Code     0  startup_stm32f10x_md.o(.text)
    EXTI15_10_IRQHandler                     0x0800011b   Thumb Code     0  startup_stm32f10x_md.o(.text)
    EXTI1_IRQHandler                         0x0800011b   Thumb Code     0  startup_stm32f10x_md.o(.text)
    EXTI2_IRQHandler                         0x0800011b   Thumb Code     0  startup_stm32f10x_md.o(.text)
    EXTI4_IRQHandler                         0x0800011b   Thumb Code     0  startup_stm32f10x_md.o(.text)
    EXTI9_5_IRQHandler                       0x0800011b   Thumb Code     0  startup_stm32f10x_md.o(.text)
    FLASH_IRQHandler                         0x0800011b   Thumb Code     0  startup_stm32f10x_md.o(.text)
    I2C1_ER_IRQHandler                       0x0800011b   Thumb Code     0  startup_stm32f10x_md.o(.text)
    I2C1_EV_IRQHandler                       0x0800011b   Thumb Code     0  startup_stm32f10x_md.o(.text)
    I2C2_ER_IRQHandler                       0x0800011b   Thumb Code     0  startup_stm32f10x_md.o(.text)
    I2C2_EV_IRQHandler                       0x0800011b   Thumb Code     0  startup_stm32f10x_md.o(.text)
    PVD_IRQHandler                           0x0800011b   Thumb Code     0  startup_stm32f10x_md.o(.text)
    RCC_IRQHandler                           0x0800011b   Thumb Code     0  startup_stm32f10x_md.o(.text)
    RTCAlarm_IRQHandler                      0x0800011b   Thumb Code     0  startup_stm32f10x_md.o(.text)
    RTC_IRQHandler                           0x0800011b   Thumb Code     0  startup_stm32f10x_md.o(.text)
    SPI1_IRQHandler                          0x0800011b   Thumb Code     0  startup_stm32f10x_md.o(.text)
    SPI2_IRQHandler                          0x0800011b   Thumb Code     0  startup_stm32f10x_md.o(.text)
    TAMPER_IRQHandler                        0x0800011b   Thumb Code     0  startup_stm32f10x_md.o(.text)
    TIM1_BRK_IRQHandler                      0x0800011b   Thumb Code     0  startup_stm32f10x_md.o(.text)
    TIM1_CC_IRQHandler                       0x0800011b   Thumb Code     0  startup_stm32f10x_md.o(.text)
    TIM1_TRG_COM_IRQHandler                  0x0800011b   Thumb Code     0  startup_stm32f10x_md.o(.text)
    TIM1_UP_IRQHandler                       0x0800011b   Thumb Code     0  startup_stm32f10x_md.o(.text)
    TIM4_IRQHandler                          0x0800011b   Thumb Code     0  startup_stm32f10x_md.o(.text)
    USART3_IRQHandler                        0x0800011b   Thumb Code     0  startup_stm32f10x_md.o(.text)
    USBWakeUp_IRQHandler                     0x0800011b   Thumb Code     0  startup_stm32f10x_md.o(.text)
    USB_HP_CAN1_TX_IRQHandler                0x0800011b   Thumb Code     0  startup_stm32f10x_md.o(.text)
    USB_LP_CAN1_RX0_IRQHandler               0x0800011b   Thumb Code     0  startup_stm32f10x_md.o(.text)
    WWDG_IRQHandler                          0x0800011b   Thumb Code     0  startup_stm32f10x_md.o(.text)
    localtime                                0x08000125   Thumb Code   138  localtime.o(.text)
    ctime                                    0x080001b9   Thumb Code    14  ctime.o(.text)
    __aeabi_memcpy                           0x080001c7   Thumb Code    36  memcpya.o(.text)
    __aeabi_memcpy4                          0x080001c7   Thumb Code     0  memcpya.o(.text)
    __aeabi_memcpy8                          0x080001c7   Thumb Code     0  memcpya.o(.text)
    __aeabi_memset                           0x080001eb   Thumb Code    14  memseta.o(.text)
    __aeabi_memset4                          0x080001eb   Thumb Code     0  memseta.o(.text)
    __aeabi_memset8                          0x080001eb   Thumb Code     0  memseta.o(.text)
    __aeabi_memclr                           0x080001f9   Thumb Code     4  memseta.o(.text)
    __aeabi_memclr4                          0x080001f9   Thumb Code     0  memseta.o(.text)
    __aeabi_memclr8                          0x080001f9   Thumb Code     0  memseta.o(.text)
    _memset$wrapper                          0x080001fd   Thumb Code    18  memseta.o(.text)
    strcat                                   0x0800020f   Thumb Code    24  strcat.o(.text)
    strstr                                   0x08000227   Thumb Code    36  strstr.o(.text)
    strncpy                                  0x0800024b   Thumb Code    24  strncpy.o(.text)
    strchr                                   0x08000263   Thumb Code    20  strchr.o(.text)
    strlen                                   0x08000277   Thumb Code    14  strlen.o(.text)
    strcmp                                   0x08000285   Thumb Code    28  strcmp.o(.text)
    memcmp                                   0x080002a1   Thumb Code    26  memcmp.o(.text)
    strcpy                                   0x080002bb   Thumb Code    18  strcpy.o(.text)
    strtok                                   0x080002cd   Thumb Code    62  strtok.o(.text)
    _scanf_int                               0x08000311   Thumb Code   332  _scanf_int.o(.text)
    __aeabi_dmul                             0x0800045d   Thumb Code   228  dmul.o(.text)
    __aeabi_ui2d                             0x08000541   Thumb Code    26  dfltui.o(.text)
    __aeabi_l2d                              0x0800055b   Thumb Code    40  dfltl.o(.text)
    __aeabi_d2uiz                            0x08000583   Thumb Code    50  dfixui.o(.text)
    __aeabi_uldivmod                         0x080005b5   Thumb Code    98  uldiv.o(.text)
    __aeabi_llsr                             0x08000617   Thumb Code    32  llushr.o(.text)
    _ll_ushift_r                             0x08000617   Thumb Code     0  llushr.o(.text)
    asctime                                  0x08000639   Thumb Code   172  asctime.o(.text)
    _chval                                   0x080006f5   Thumb Code    28  _chval.o(.text)
    __I$use$fp                               0x08000711   Thumb Code     0  iusefp.o(.text)
    _double_round                            0x08000711   Thumb Code    30  depilogue.o(.text)
    _double_epilogue                         0x0800072f   Thumb Code   156  depilogue.o(.text)
    __scatterload                            0x080007cd   Thumb Code    28  init.o(.text)
    __scatterload_rt2                        0x080007cd   Thumb Code     0  init.o(.text)
    __aeabi_llsl                             0x080007f1   Thumb Code    30  llshl.o(.text)
    _ll_shift_l                              0x080007f1   Thumb Code     0  llshl.o(.text)
    __decompress                             0x0800080f   Thumb Code     0  __dczerorl2.o(.text)
    __decompress1                            0x0800080f   Thumb Code    86  __dczerorl2.o(.text)
    ATOI                                     0x08000865   Thumb Code    34  httpparser.o(.text.ATOI)
    BusFault_Handler                         0x08000887   Thumb Code     2  stm32f10x_it.o(.text.BusFault_Handler)
    DMA_Cmd                                  0x080008b1   Thumb Code    22  stm32f10x_dma.o(.text.DMA_Cmd)
    DMA_DeInit                               0x080008c9   Thumb Code   216  stm32f10x_dma.o(.text.DMA_DeInit)
    DMA_GetFlagStatus                        0x080009a1   Thumb Code    24  stm32f10x_dma.o(.text.DMA_GetFlagStatus)
    DMA_Init                                 0x080009b9   Thumb Code    62  stm32f10x_dma.o(.text.DMA_Init)
    DebugMon_Handler                         0x080009f7   Thumb Code     2  stm32f10x_it.o(.text.DebugMon_Handler)
    Display_Net_Conf                         0x080009f9   Thumb Code   320  w5500init.o(.text.Display_Net_Conf)
    EE_Init                                  0x08000ba9   Thumb Code   312  eeprom_stm.o(.text.EE_Init)
    EE_ReadVariable                          0x08000cd5   Thumb Code    68  eeprom_stm.o(.text.EE_ReadVariable)
    EE_WriteVariable                         0x08000d61   Thumb Code   156  eeprom_stm.o(.text.EE_WriteVariable)
    EXTI3_IRQHandler                         0x08000dfd   Thumb Code    64  main.o(.text.EXTI3_IRQHandler)
    EXTI_ClearITPendingBit                   0x08000e3d   Thumb Code    12  stm32f10x_exti.o(.text.EXTI_ClearITPendingBit)
    EXTI_GetITStatus                         0x08000e49   Thumb Code    28  stm32f10x_exti.o(.text.EXTI_GetITStatus)
    EXTI_Init                                0x08000e61   Thumb Code   100  stm32f10x_exti.o(.text.EXTI_Init)
    FLASH_ErasePage                          0x08000ec5   Thumb Code    64  stm32f10x_flash.o(.text.FLASH_ErasePage)
    FLASH_GetBank1Status                     0x08000f01   Thumb Code    40  stm32f10x_flash.o(.text.FLASH_GetBank1Status)
    FLASH_ProgramHalfWord                    0x08000f29   Thumb Code    56  stm32f10x_flash.o(.text.FLASH_ProgramHalfWord)
    FLASH_Unlock                             0x08000f61   Thumb Code    24  stm32f10x_flash.o(.text.FLASH_Unlock)
    FLASH_WaitForLastOperation               0x08000f79   Thumb Code    32  stm32f10x_flash.o(.text.FLASH_WaitForLastOperation)
    GPIO_EXTILineConfig                      0x08000f99   Thumb Code    44  stm32f10x_gpio.o(.text.GPIO_EXTILineConfig)
    GPIO_GetPortClockState                   0x08000fc5   Thumb Code    72  gpio_stm32f10x.o(.text.GPIO_GetPortClockState)
    GPIO_Init                                0x08001009   Thumb Code   184  stm32f10x_gpio.o(.text.GPIO_Init)
    GPIO_PinConfigure                        0x080010c1   Thumb Code   112  gpio_stm32f10x.o(.text.GPIO_PinConfigure)
    GPIO_PortClock                           0x08001131   Thumb Code   216  gpio_stm32f10x.o(.text.GPIO_PortClock)
    GPIO_SetBits                             0x08001205   Thumb Code     4  stm32f10x_gpio.o(.text.GPIO_SetBits)
    GPIO_config                              0x08001209   Thumb Code   136  rcchandler.o(.text.GPIO_config)
    HardFault_Handler                        0x08001291   Thumb Code     2  stm32f10x_it.o(.text.HardFault_Handler)
    IWDG_Config                              0x08001295   Thumb Code    76  rcchandler.o(.text.IWDG_Config)
    IWDG_Enable                              0x080012dd   Thumb Code    16  stm32f10x_iwdg.o(.text.IWDG_Enable)
    IWDG_ReloadCounter                       0x080012e9   Thumb Code    16  stm32f10x_iwdg.o(.text.IWDG_ReloadCounter)
    IWDG_SetPrescaler                        0x080012f5   Thumb Code    12  stm32f10x_iwdg.o(.text.IWDG_SetPrescaler)
    IWDG_SetReload                           0x08001301   Thumb Code    12  stm32f10x_iwdg.o(.text.IWDG_SetReload)
    IWDG_WriteAccessCmd                      0x0800130d   Thumb Code    12  stm32f10x_iwdg.o(.text.IWDG_WriteAccessCmd)
    MemManage_Handler                        0x08001319   Thumb Code     2  stm32f10x_it.o(.text.MemManage_Handler)
    NMI_Handler                              0x0800131b   Thumb Code     2  stm32f10x_it.o(.text.NMI_Handler)
    NTPUDP                                   0x0800131d   Thumb Code   420  ntpserver.o(.text.NTPUDP)
    NVIC_Init                                0x080014c1   Thumb Code    92  misc.o(.text.NVIC_Init)
    NVIC_PriorityGroupConfig                 0x08001519   Thumb Code    20  misc.o(.text.NVIC_PriorityGroupConfig)
    Net_Conf                                 0x0800152d   Thumb Code    38  w5500init.o(.text.Net_Conf)
    PHYStatus_Check                          0x08001555   Thumb Code    36  w5500init.o(.text.PHYStatus_Check)
    PendSV_Handler                           0x08001579   Thumb Code     2  stm32f10x_it.o(.text.PendSV_Handler)
    RCC_AHBPeriphClockCmd                    0x0800157d   Thumb Code    24  stm32f10x_rcc.o(.text.RCC_AHBPeriphClockCmd)
    RCC_APB1PeriphClockCmd                   0x08001595   Thumb Code    24  stm32f10x_rcc.o(.text.RCC_APB1PeriphClockCmd)
    RCC_APB1PeriphResetCmd                   0x080015ad   Thumb Code    24  stm32f10x_rcc.o(.text.RCC_APB1PeriphResetCmd)
    RCC_APB2PeriphClockCmd                   0x080015c5   Thumb Code    24  stm32f10x_rcc.o(.text.RCC_APB2PeriphClockCmd)
    RCC_APB2PeriphResetCmd                   0x080015dd   Thumb Code    24  stm32f10x_rcc.o(.text.RCC_APB2PeriphResetCmd)
    RCC_ClearFlag                            0x080015f5   Thumb Code    16  stm32f10x_rcc.o(.text.RCC_ClearFlag)
    RCC_GetClocksFreq                        0x08001605   Thumb Code   132  stm32f10x_rcc.o(.text.RCC_GetClocksFreq)
    RCC_GetFlagStatus                        0x0800167d   Thumb Code    44  stm32f10x_rcc.o(.text.RCC_GetFlagStatus)
    SNTP_init                                0x080016a5   Thumb Code    28  sntp.o(.text.SNTP_init)
    SNTP_run                                 0x080016bd   Thumb Code   284  sntp.o(.text.SNTP_run)
    SPI1_Init                                0x080017d9   Thumb Code   108  spiconfig.o(.text.SPI1_Init)
    SPI_Cmd                                  0x08001845   Thumb Code    18  stm32f10x_spi.o(.text.SPI_Cmd)
    SPI_I2S_DMACmd                           0x08001857   Thumb Code    16  stm32f10x_spi.o(.text.SPI_I2S_DMACmd)
    SPI_I2S_GetFlagStatus                    0x08001867   Thumb Code    10  stm32f10x_spi.o(.text.SPI_I2S_GetFlagStatus)
    SPI_I2S_ReceiveData                      0x08001871   Thumb Code     4  stm32f10x_spi.o(.text.SPI_I2S_ReceiveData)
    SPI_I2S_SendData                         0x08001875   Thumb Code     4  stm32f10x_spi.o(.text.SPI_I2S_SendData)
    SPI_Init                                 0x08001879   Thumb Code    54  stm32f10x_spi.o(.text.SPI_Init)
    SVC_Handler                              0x080018af   Thumb Code     2  stm32f10x_it.o(.text.SVC_Handler)
    SysTick_Handler                          0x080018b1   Thumb Code    28  main.o(.text.SysTick_Handler)
    SystemCoreClockUpdate                    0x080018cd   Thumb Code    84  system_stm32f10x.o(.text.SystemCoreClockUpdate)
    SystemInit                               0x08001921   Thumb Code   240  system_stm32f10x.o(.text.SystemInit)
    TIM2_IRQHandler                          0x08001a11   Thumb Code   124  timerhandler.o(.text.TIM2_IRQHandler)
    TIM3_IRQHandler                          0x08001a8d   Thumb Code     2  stm32f10x_it.o(.text.TIM3_IRQHandler)
    TIM_ClearFlag                            0x08001a8f   Thumb Code     6  stm32f10x_tim.o(.text.TIM_ClearFlag)
    TIM_ClearITPendingBit                    0x08001a95   Thumb Code     6  stm32f10x_tim.o(.text.TIM_ClearITPendingBit)
    TIM_Cmd                                  0x08001a9b   Thumb Code    18  stm32f10x_tim.o(.text.TIM_Cmd)
    TIM_GetITStatus                          0x08001aad   Thumb Code    20  stm32f10x_tim.o(.text.TIM_GetITStatus)
    TIM_ITConfig                             0x08001ac1   Thumb Code    16  stm32f10x_tim.o(.text.TIM_ITConfig)
    TIM_PrescalerConfig                      0x08001ad1   Thumb Code     6  stm32f10x_tim.o(.text.TIM_PrescalerConfig)
    TIM_TimeBaseInit                         0x08001ad9   Thumb Code   144  stm32f10x_tim.o(.text.TIM_TimeBaseInit)
    TM_FATFS_GetDriveSize                    0x08001b69   Thumb Code   420  stm32f1fatfs.o(.text.TM_FATFS_GetDriveSize)
    Timer_Configuration                      0x08001d0d   Thumb Code    88  timerhandler.o(.text.Timer_Configuration)
    USART1_IRQHandler                        0x08001d65   Thumb Code    60  stm32f10x_it.o(.text.USART1_IRQHandler)
    USART1_Init                              0x08001d9d   Thumb Code   120  uarthandler.o(.text.USART1_Init)
    USART2_IRQHandler                        0x08001e15   Thumb Code    64  stm32f10x_it.o(.text.USART2_IRQHandler)
    USART_Cmd                                0x08001e51   Thumb Code    18  stm32f10x_usart.o(.text.USART_Cmd)
    USART_DeInit                             0x08001e65   Thumb Code   152  stm32f10x_usart.o(.text.USART_DeInit)
    USART_GetFlagStatus                      0x08001ef9   Thumb Code    10  stm32f10x_usart.o(.text.USART_GetFlagStatus)
    USART_GetITStatus                        0x08001f03   Thumb Code    66  stm32f10x_usart.o(.text.USART_GetITStatus)
    USART_ITConfig                           0x08001f45   Thumb Code    46  stm32f10x_usart.o(.text.USART_ITConfig)
    USART_Init                               0x08001f75   Thumb Code   164  stm32f10x_usart.o(.text.USART_Init)
    USART_SendData                           0x08002019   Thumb Code     8  stm32f10x_usart.o(.text.USART_SendData)
    USER_UART_NVIC                           0x08002021   Thumb Code    32  uarthandler.o(.text.USER_UART_NVIC)
    UsageFault_Handler                       0x08002041   Thumb Code     2  stm32f10x_it.o(.text.UsageFault_Handler)
    WIZCHIP_READ                             0x08002045   Thumb Code    96  w5500.o(.text.WIZCHIP_READ)
    WIZCHIP_READ_BUF                         0x080020a1   Thumb Code   112  w5500.o(.text.WIZCHIP_READ_BUF)
    WIZCHIP_WRITE                            0x0800210d   Thumb Code    96  w5500.o(.text.WIZCHIP_WRITE)
    WIZCHIP_WRITE_BUF                        0x08002169   Thumb Code   120  w5500.o(.text.WIZCHIP_WRITE_BUF)
    checklink                                0x08002275   Thumb Code    28  w5500init.o(.text.checklink)
    close                                    0x080022a1   Thumb Code   112  socket.o(.text.close)
    ctlnetwork                               0x0800242d   Thumb Code    76  wizchip_conf.o(.text.ctlnetwork)
    ctlwizchip                               0x08002479   Thumb Code   220  wizchip_conf.o(.text.ctlwizchip)
    currentUptime                            0x08002555   Thumb Code    32  snmp.o(.text.currentUptime)
    default_mcu_reset                        0x08002575   Thumb Code     2  httpserver.o(.text.default_mcu_reset)
    default_wdt_reset                        0x08002577   Thumb Code     2  httpserver.o(.text.default_wdt_reset)
    delay_ms                                 0x08002579   Thumb Code    34  delay.o(.text.delay_ms)
    disk_initialize                          0x08002c85   Thumb Code   328  mmcstm32.o(.text.disk_initialize)
    disk_ioctl                               0x08002dc5   Thumb Code   464  mmcstm32.o(.text.disk_ioctl)
    disk_read                                0x08002f8d   Thumb Code   140  mmcstm32.o(.text.disk_read)
    disk_status                              0x08003011   Thumb Code    16  mmcstm32.o(.text.disk_status)
    disk_timerproc                           0x0800301d   Thumb Code    48  mmcstm32.o(.text.disk_timerproc)
    disk_write                               0x0800304d   Thumb Code   176  mmcstm32.o(.text.disk_write)
    display_reg_webContent_list              0x080030fd   Thumb Code   284  httpserver.o(.text.display_reg_webContent_list)
    f_close                                  0x08003219   Thumb Code    28  ff.o(.text.f_close)
    f_getfree                                0x08003235   Thumb Code   208  ff.o(.text.f_getfree)
    f_lseek                                  0x08003305   Thumb Code   344  ff.o(.text.f_lseek)
    f_mount                                  0x0800345d   Thumb Code    76  ff.o(.text.f_mount)
    f_open                                   0x080034a9   Thumb Code   460  ff.o(.text.f_open)
    f_opendir                                0x08003675   Thumb Code    96  ff.o(.text.f_opendir)
    f_read                                   0x080036d5   Thumb Code   356  ff.o(.text.f_read)
    f_readdir                                0x08003839   Thumb Code    76  ff.o(.text.f_readdir)
    f_sync                                   0x08003885   Thumb Code   144  ff.o(.text.f_sync)
    ff_oem2uni                               0x08003915   Thumb Code    40  ffunicode.o(.text.ff_oem2uni)
    ff_uni2oem                               0x08003939   Thumb Code    60  ffunicode.o(.text.ff_uni2oem)
    ff_wtoupper                              0x08003975   Thumb Code   148  ffunicode.o(.text.ff_wtoupper)
    findEntry                                0x08003a09   Thumb Code    68  snmp.o(.text.findEntry)
    find_http_uri_type                       0x08003a4d   Thumb Code   652  httpparser.o(.text.find_http_uri_type)
    find_userReg_webContent                  0x08003cd9   Thumb Code    72  httpserver.o(.text.find_userReg_webContent)
    fputc                                    0x080042b9   Thumb Code    36  main.o(.text.fputc)
    getEntry                                 0x080042dd   Thumb Code   232  snmp.o(.text.getEntry)
    getOID                                   0x080043dd   Thumb Code    68  snmp.o(.text.getOID)
    getSn_RX_RSR                             0x08004421   Thumb Code    68  w5500.o(.text.getSn_RX_RSR)
    getSn_TX_FSR                             0x08004465   Thumb Code    68  w5500.o(.text.getSn_TX_FSR)
    getValue                                 0x080044a9   Thumb Code    32  snmp.o(.text.getValue)
    get_LEDStatus_all                        0x080044c9   Thumb Code    60  snmp_custom.o(.text.get_LEDStatus_all)
    get_S2E_Packet_pointer                   0x08004505   Thumb Code     8  configdata.o(.text.get_S2E_Packet_pointer)
    get_fattime                              0x080045c5   Thumb Code    64  timerhandler.o(.text.get_fattime)
    get_http_param_value                     0x0800472d   Thumb Code   192  httpparser.o(.text.get_http_param_value)
    get_http_uri_name                        0x080047ed   Thumb Code    60  httpparser.o(.text.get_http_uri_name)
    httpServer_Sockinit                      0x0800486d   Thumb Code    28  httpserver.o(.text.httpServer_Sockinit)
    httpServer_init                          0x08004885   Thumb Code    20  httpserver.o(.text.httpServer_init)
    httpServer_run                           0x08004899   Thumb Code  1336  httpserver.o(.text.httpServer_run)
    http_get_cgi_handler                     0x08004df1   Thumb Code   108  httputil.o(.text.http_get_cgi_handler)
    http_post_cgi_handler                    0x08004e5d   Thumb Code   120  httputil.o(.text.http_post_cgi_handler)
    inet_addr_                               0x08004ed5   Thumb Code    72  httpparser.o(.text.inet_addr_)
    initTable                                0x08004f1d   Thumb Code    16  snmp_custom.o(.text.initTable)
    initial_Trap                             0x08004f2d   Thumb Code    60  snmp_custom.o(.text.initial_Trap)
    insertRespLen                            0x08004f69   Thumb Code    80  snmp.o(.text.insertRespLen)
    listen                                   0x08004fdd   Thumb Code   102  socket.o(.text.listen)
    loadwebpages                             0x08005045   Thumb Code   344  main.o(.text.loadwebpages)
    main                                     0x0800519d   Thumb Code   268  main.o(.text.main)
    makeTrapVariableBindings                 0x080052a9   Thumb Code   168  snmp.o(.text.makeTrapVariableBindings)
    make_cgi_basic_config_response_page      0x08005351   Thumb Code    40  httputil.o(.text.make_cgi_basic_config_response_page)
    make_http_response_head                  0x08005379   Thumb Code    76  httpparser.o(.text.make_http_response_head)
    make_json_ain                            0x080053c5   Thumb Code    80  httputil.o(.text.make_json_ain)
    make_json_dio                            0x08005415   Thumb Code    24  httputil.o(.text.make_json_dio)
    make_json_netinfo                        0x0800542d   Thumb Code   208  httputil.o(.text.make_json_netinfo)
    make_json_serial_data                    0x080054fd   Thumb Code    56  httputil.o(.text.make_json_serial_data)
    mid                                      0x08005563   Thumb Code    50  httpparser.o(.text.mid)
    networkSevices                           0x080055cd   Thumb Code    76  main.o(.text.networkSevices)
    ntpserverdefaultconfig                   0x08005619   Thumb Code    36  ntpserver.o(.text.ntpserverdefaultconfig)
    parseCommunity                           0x0800563d   Thumb Code   116  snmp.o(.text.parseCommunity)
    parseLength                              0x080056ad   Thumb Code    56  snmp.o(.text.parseLength)
    parseRequest                             0x080056e5   Thumb Code   332  snmp.o(.text.parseRequest)
    parseSNMPMessage                         0x08005825   Thumb Code   104  snmp.o(.text.parseSNMPMessage)
    parseSequence                            0x08005885   Thumb Code   116  snmp.o(.text.parseSequence)
    parseSequenceOf                          0x080058f1   Thumb Code   140  snmp.o(.text.parseSequenceOf)
    parseTLV                                 0x0800597d   Thumb Code    62  snmp.o(.text.parseTLV)
    parseVarBind                             0x080059bd   Thumb Code   464  snmp.o(.text.parseVarBind)
    parseVersion                             0x08005b85   Thumb Code   100  snmp.o(.text.parseVersion)
    parse_http_request                       0x08005be9   Thumb Code   184  httpparser.o(.text.parse_http_request)
    predefined_get_cgi_processor             0x08005ca1   Thumb Code   244  httputil.o(.text.predefined_get_cgi_processor)
    predefined_set_cgi_processor             0x08005d95   Thumb Code   104  httputil.o(.text.predefined_set_cgi_processor)
    read_userReg_webContent                  0x08005f35   Thumb Code    60  httpserver.o(.text.read_userReg_webContent)
    recv                                     0x08005f69   Thumb Code   240  socket.o(.text.recv)
    recvfrom                                 0x08006055   Thumb Code   552  socket.o(.text.recvfrom)
    reg_httpServer_cbfunc                    0x08006279   Thumb Code    20  httpserver.o(.text.reg_httpServer_cbfunc)
    reg_httpServer_webContent                0x0800628d   Thumb Code    96  httpserver.o(.text.reg_httpServer_webContent)
    reg_wizchip_cs_cbfunc                    0x080062ed   Thumb Code    52  wizchip_conf.o(.text.reg_wizchip_cs_cbfunc)
    reg_wizchip_spi_cbfunc                   0x0800631d   Thumb Code    64  wizchip_conf.o(.text.reg_wizchip_spi_cbfunc)
    reg_wizchip_spiburst_cbfunc              0x08006359   Thumb Code    64  wizchip_conf.o(.text.reg_wizchip_spiburst_cbfunc)
    saveip                                   0x08006405   Thumb Code   168  httputil.o(.text.saveip)
    send                                     0x080064d9   Thumb Code   280  socket.o(.text.send)
    sendto                                   0x08006ab9   Thumb Code   336  socket.o(.text.sendto)
    setEntry                                 0x08006c09   Thumb Code   128  snmp.o(.text.setEntry)
    set_basic_config_setting                 0x08006c85   Thumb Code   148  httputil.o(.text.set_basic_config_setting)
    set_diodir                               0x08006d19   Thumb Code    64  httputil.o(.text.set_diodir)
    set_diostate                             0x08006d51   Thumb Code    64  httputil.o(.text.set_diostate)
    snmp_sendTrap                            0x08006d91   Thumb Code   324  snmp.o(.text.snmp_sendTrap)
    snmpd_init                               0x08006ed1   Thumb Code   100  snmp.o(.text.snmpd_init)
    snmpd_run                                0x08006f31   Thumb Code   300  snmp.o(.text.snmpd_run)
    socket                                   0x0800705d   Thumb Code   280  socket.o(.text.socket)
    stm32_spi_rw                             0x08007199   Thumb Code    52  spiconfig.o(.text.stm32_spi_rw)
    stm32_wizchip_dma_transfer               0x080071c9   Thumb Code   216  spiconfig.o(.text.stm32_wizchip_dma_transfer)
    sw_eeprom_stm32                          0x080072bd   Thumb Code    56  main.o(.text.sw_eeprom_stm32)
    test_eeprom                              0x080073e5   Thumb Code   408  main.o(.text.test_eeprom)
    unescape_http_url                        0x08007579   Thumb Code    56  httpparser.o(.text.unescape_http_url)
    w5500_lib_init                           0x080075e1   Thumb Code   276  w5500init.o(.text.w5500_lib_init)
    wiz_recv_data                            0x08007719   Thumb Code    84  w5500.o(.text.wiz_recv_data)
    wiz_recv_ignore                          0x0800776d   Thumb Code    60  w5500.o(.text.wiz_recv_ignore)
    wiz_send_data                            0x080077a9   Thumb Code    84  w5500.o(.text.wiz_send_data)
    wizchip_bus_readdata                     0x080077fd   Thumb Code     4  wizchip_conf.o(.text.wizchip_bus_readdata)
    wizchip_bus_writedata                    0x08007801   Thumb Code     4  wizchip_conf.o(.text.wizchip_bus_writedata)
    wizchip_clrinterrupt                     0x08007805   Thumb Code    30  wizchip_conf.o(.text.wizchip_clrinterrupt)
    wizchip_cris_enter                       0x08007823   Thumb Code     2  wizchip_conf.o(.text.wizchip_cris_enter)
    wizchip_cris_exit                        0x08007825   Thumb Code     2  wizchip_conf.o(.text.wizchip_cris_exit)
    wizchip_cs_deselect                      0x08007827   Thumb Code     2  wizchip_conf.o(.text.wizchip_cs_deselect)
    wizchip_cs_select                        0x08007829   Thumb Code     2  wizchip_conf.o(.text.wizchip_cs_select)
    wizchip_getinterrupt                     0x08007839   Thumb Code    30  wizchip_conf.o(.text.wizchip_getinterrupt)
    wizchip_getinterruptmask                 0x08007857   Thumb Code    26  wizchip_conf.o(.text.wizchip_getinterruptmask)
    wizchip_getnetinfo                       0x08007871   Thumb Code    84  wizchip_conf.o(.text.wizchip_getnetinfo)
    wizchip_getnetmode                       0x080078bd   Thumb Code     6  wizchip_conf.o(.text.wizchip_getnetmode)
    wizchip_gettimeout                       0x080078c5   Thumb Code    40  wizchip_conf.o(.text.wizchip_gettimeout)
    wizchip_init                             0x080078ed   Thumb Code   124  wizchip_conf.o(.text.wizchip_init)
    wizchip_read                             0x08007969   Thumb Code    52  spiconfig.o(.text.wizchip_read)
    wizchip_readburst                        0x08007999   Thumb Code    10  spiconfig.o(.text.wizchip_readburst)
    wizchip_setinterruptmask                 0x080079b5   Thumb Code    28  wizchip_conf.o(.text.wizchip_setinterruptmask)
    wizchip_setnetinfo                       0x080079d1   Thumb Code    84  wizchip_conf.o(.text.wizchip_setnetinfo)
    wizchip_setnetmode                       0x08007a21   Thumb Code    36  wizchip_conf.o(.text.wizchip_setnetmode)
    wizchip_settimeout                       0x08007a45   Thumb Code    40  wizchip_conf.o(.text.wizchip_settimeout)
    wizchip_spi_readburst                    0x08007a6d   Thumb Code     2  wizchip_conf.o(.text.wizchip_spi_readburst)
    wizchip_spi_readbyte                     0x08007a6f   Thumb Code     4  wizchip_conf.o(.text.wizchip_spi_readbyte)
    wizchip_spi_writeburst                   0x08007a73   Thumb Code     2  wizchip_conf.o(.text.wizchip_spi_writeburst)
    wizchip_spi_writebyte                    0x08007a75   Thumb Code     2  wizchip_conf.o(.text.wizchip_spi_writebyte)
    wizchip_sw_reset                         0x08007a79   Thumb Code   128  wizchip_conf.o(.text.wizchip_sw_reset)
    wizchip_write                            0x08007af9   Thumb Code    52  spiconfig.o(.text.wizchip_write)
    wizchip_writeburst                       0x08007b2d   Thumb Code    10  spiconfig.o(.text.wizchip_writeburst)
    wizphy_getphyconf                        0x08007b39   Thumb Code   104  wizchip_conf.o(.text.wizphy_getphyconf)
    wizphy_getphylink                        0x08007ba1   Thumb Code    16  wizchip_conf.o(.text.wizphy_getphylink)
    wizphy_getphypmode                       0x08007bb1   Thumb Code    24  wizchip_conf.o(.text.wizphy_getphypmode)
    wizphy_reset                             0x08007bc9   Thumb Code    46  wizchip_conf.o(.text.wizphy_reset)
    wizphy_setphyconf                        0x08007bf7   Thumb Code    76  wizchip_conf.o(.text.wizphy_setphyconf)
    wizphy_setphypmode                       0x08007c43   Thumb Code    80  wizchip_conf.o(.text.wizphy_setphypmode)
    wzn_event_handle                         0x08007c95   Thumb Code   124  ntpserver.o(.text.wzn_event_handle)
    __0printf$8                              0x08007d61   Thumb Code    22  printf8.o(i.__0printf$8)
    __1printf$8                              0x08007d61   Thumb Code     0  printf8.o(i.__0printf$8)
    __2printf                                0x08007d61   Thumb Code     0  printf8.o(i.__0printf$8)
    __0sprintf$8                             0x08007d81   Thumb Code    34  printf8.o(i.__0sprintf$8)
    __1sprintf$8                             0x08007d81   Thumb Code     0  printf8.o(i.__0sprintf$8)
    __2sprintf                               0x08007d81   Thumb Code     0  printf8.o(i.__0sprintf$8)
    __scatterload_copy                       0x08007da9   Thumb Code    14  handlers.o(i.__scatterload_copy)
    __scatterload_null                       0x08007db7   Thumb Code     2  handlers.o(i.__scatterload_null)
    __scatterload_zeroinit                   0x08007db9   Thumb Code    14  handlers.o(i.__scatterload_zeroinit)
    malloc                                   0x08008235   Thumb Code    92  malloc.o(i.malloc)
    puts                                     0x080082a1   Thumb Code    30  puts.o(i.puts)
    AHBPrescTable                            0x080083cc   Data          16  system_stm32f10x.o(.rodata.AHBPrescTable)
    maxData                                  0x0800858c   Data           4  snmp_custom.o(.rodata.maxData)
    Region$$Table$$Base                      0x0800d170   Number         0  anon$$obj.o(Region$$Table)
    Region$$Table$$Limit                     0x0800d190   Number         0  anon$$obj.o(Region$$Table)
    __stdout                                 0x20000004   Data           4  stdout.o(.data)
    __microlib_freelist                      0x20000008   Data           4  mvars.o(.data)
    __microlib_freelist_initialised          0x2000000c   Data           4  mvars.o(.data)
    HTTPServer_ReStart                       0x20000010   Data           4  httpserver.o(.data..L_MergedGlobals)
    HTTPServer_WDT_Reset                     0x20000014   Data           4  httpserver.o(.data..L_MergedGlobals)
    SystemCoreClock                          0x2000001c   Data           4  system_stm32f10x.o(.data.SystemCoreClock)
    VirtAddVarTab                            0x20000020   Data           6  eeprom_stm.o(.data.VirtAddVarTab)
    WIZCHIP                                  0x20000028   Data          44  wizchip_conf.o(.data.WIZCHIP)
    agentIP                                  0x20000054   Data           4  snmp.o(.data.agentIP)
    gWIZNETINFO                              0x20000058   Data          23  w5500init.o(.data.gWIZNETINFO)
    managerIP                                0x2000006f   Data           4  snmp.o(.data.managerIP)
    ntpTimeServer_ip                         0x20000073   Data           4  sntp.o(.data.ntpTimeServer_ip)
    snmpData                                 0x20000078   Data        1056  snmp_custom.o(.data.snmpData)
    socknumlist                              0x2000049a   Data           3  main.o(.data.socknumlist)
    timenow                                  0x200004a0   Data           4  main.o(.data.timenow)
    u1out                                    0x200004a4   Data           4  stm32f10x_it.o(.data.u1out)
    u2out                                    0x200004a8   Data           4  stm32f10x_it.o(.data.u2out)
    unixTime_last_sync                       0x200004ac   Data           4  ntpserver.o(.data.unixTime_last_sync)
    USART1_index                             0x200004f6   Data           1  stm32f10x_it.o(.bss..L_MergedGlobals)
    USART1_rx_data_buff                      0x200004f7   Data          20  stm32f10x_it.o(.bss..L_MergedGlobals)
    sec_cnt                                  0x2000050c   Data           1  timerhandler.o(.bss..L_MergedGlobals)
    msec_cnt                                 0x2000050e   Data           2  timerhandler.o(.bss..L_MergedGlobals)
    phystatus_check_cnt                      0x20000510   Data           2  timerhandler.o(.bss..L_MergedGlobals)
    snmp_tick_1ms                            0x20000514   Data           4  timerhandler.o(.bss..L_MergedGlobals)
    sock_pack_info                           0x20000522   Data           8  socket.o(.bss..L_MergedGlobals)
    micros_recv                              0x2000053c   Data           4  ntpserver.o(.bss..L_MergedGlobals)
    recvTime                                 0x20000540   Data           4  ntpserver.o(.bss..L_MergedGlobals)
    transmitTime                             0x20000544   Data           4  ntpserver.o(.bss..L_MergedGlobals)
    micros_transmit                          0x20000548   Data           4  ntpserver.o(.bss..L_MergedGlobals)
    serverPacket                             0x2000054c   Data          48  ntpserver.o(.bss..L_MergedGlobals)
    clientPacket                             0x2000057c   Data          56  ntpserver.o(.bss..L_MergedGlobals)
    errorIndex                               0x200005b6   Data           1  snmp.o(.bss..L_MergedGlobals)
    errorStatus                              0x200005b7   Data           1  snmp.o(.bss..L_MergedGlobals)
    TimeIsSet                                0x200005bc   Data           1  sntp.o(.bss..L_MergedGlobals)
    RetrySend                                0x200005be   Data           2  sntp.o(.bss..L_MergedGlobals)
    sycnPeriod                               0x200005c0   Data           2  sntp.o(.bss..L_MergedGlobals)
    ntpmessage                               0x200005c2   Data          48  sntp.o(.bss..L_MergedGlobals)
    ntpTimeServer_buf                        0x200005f2   Data          56  sntp.o(.bss..L_MergedGlobals)
    fr                                       0x20000640   Data           1  httpserver.o(.bss..L_MergedGlobals.61)
    pHTTP_TX                                 0x20000644   Data           4  httpserver.o(.bss..L_MergedGlobals.61)
    pHTTP_RX                                 0x20000648   Data           4  httpserver.o(.bss..L_MergedGlobals.61)
    BUFPUB                                   0x20000660   Data         256  httpparser.o(.bss.BUFPUB)
    CardSize                                 0x20000760   Data           8  main.o(.bss.CardSize)
    DataVar                                  0x20000768   Data           2  eeprom_stm.o(.bss.DataVar)
    FS                                       0x2000076c   Data         564  main.o(.bss.FS)
    HTTPSock_Status                          0x200009a0   Data        1184  httpserver.o(.bss.HTTPSock_Status)
    RX_BUF                                   0x20001040   Data        2048  main.o(.bss.RX_BUF)
    TX_BUF                                   0x20001840   Data        2048  main.o(.bss.TX_BUF)
    fs                                       0x20002040   Data         552  httpserver.o(.bss.fs)
    ms10k                                    0x20002268   Data           4  main.o(.bss.ms10k)
    new_device_ip                            0x2000226c   Data           4  httputil.o(.bss.new_device_ip)
    packet_trap                              0x20002270   Data         512  snmp.o(.bss.packet_trap)
    request_msg                              0x20002470   Data         520  snmp.o(.bss.request_msg)
    response_msg                             0x20002678   Data         520  snmp.o(.bss.response_msg)
    timeinfo                                 0x20002908   Data           4  timerhandler.o(.bss.timeinfo)
    web_content                              0x20002910   Data         240  httpserver.o(.bss.web_content)
    __heap_base                              0x20002a00   Data           0  startup_stm32f10x_md.o(HEAP)
    __heap_limit                             0x20002c00   Data           0  startup_stm32f10x_md.o(HEAP)
    __initial_sp                             0x20003000   Data           0  startup_stm32f10x_md.o(STACK)



==============================================================================

Memory Map of the image

  Image Entry point : 0x080000ed

  Load Region LR_IROM1 (Base: 0x08000000, Size: 0x0000d640, Max: 0x00010000, ABSOLUTE, COMPRESSED[0x0000d2e8])

    Execution Region ER_IROM1 (Exec base: 0x08000000, Load base: 0x08000000, Size: 0x0000d190, Max: 0x00010000, ABSOLUTE)

    Exec Addr    Load Addr    Size         Type   Attr      Idx    E Section Name        Object

    0x08000000   0x08000000   0x000000ec   Data   RO         1518    RESET               startup_stm32f10x_md.o
    0x080000ec   0x080000ec   0x00000000   Code   RO         1540  * .ARM.Collect$$$$00000000  mc_w.l(entry.o)
    0x080000ec   0x080000ec   0x00000004   Code   RO         1882    .ARM.Collect$$$$00000001  mc_w.l(entry2.o)
    0x080000f0   0x080000f0   0x00000004   Code   RO         1885    .ARM.Collect$$$$00000004  mc_w.l(entry5.o)
    0x080000f4   0x080000f4   0x00000000   Code   RO         1887    .ARM.Collect$$$$00000008  mc_w.l(entry7b.o)
    0x080000f4   0x080000f4   0x00000000   Code   RO         1889    .ARM.Collect$$$$0000000A  mc_w.l(entry8b.o)
    0x080000f4   0x080000f4   0x00000008   Code   RO         1890    .ARM.Collect$$$$0000000B  mc_w.l(entry9a.o)
    0x080000fc   0x080000fc   0x00000000   Code   RO         1892    .ARM.Collect$$$$0000000D  mc_w.l(entry10a.o)
    0x080000fc   0x080000fc   0x00000000   Code   RO         1894    .ARM.Collect$$$$0000000F  mc_w.l(entry11a.o)
    0x080000fc   0x080000fc   0x00000004   Code   RO         1883    .ARM.Collect$$$$00002712  mc_w.l(entry2.o)
    0x08000100   0x08000100   0x00000024   Code   RO         1519    .text               startup_stm32f10x_md.o
    0x08000124   0x08000124   0x00000094   Code   RO         1547    .text               mc_w.l(localtime.o)
    0x080001b8   0x080001b8   0x0000000e   Code   RO         1551    .text               mc_w.l(ctime.o)
    0x080001c6   0x080001c6   0x00000024   Code   RO         1553    .text               mc_w.l(memcpya.o)
    0x080001ea   0x080001ea   0x00000024   Code   RO         1555    .text               mc_w.l(memseta.o)
    0x0800020e   0x0800020e   0x00000018   Code   RO         1557    .text               mc_w.l(strcat.o)
    0x08000226   0x08000226   0x00000024   Code   RO         1559    .text               mc_w.l(strstr.o)
    0x0800024a   0x0800024a   0x00000018   Code   RO         1561    .text               mc_w.l(strncpy.o)
    0x08000262   0x08000262   0x00000014   Code   RO         1563    .text               mc_w.l(strchr.o)
    0x08000276   0x08000276   0x0000000e   Code   RO         1565    .text               mc_w.l(strlen.o)
    0x08000284   0x08000284   0x0000001c   Code   RO         1567    .text               mc_w.l(strcmp.o)
    0x080002a0   0x080002a0   0x0000001a   Code   RO         1569    .text               mc_w.l(memcmp.o)
    0x080002ba   0x080002ba   0x00000012   Code   RO         1571    .text               mc_w.l(strcpy.o)
    0x080002cc   0x080002cc   0x00000044   Code   RO         1573    .text               mc_w.l(strtok.o)
    0x08000310   0x08000310   0x0000014c   Code   RO         1872    .text               mc_w.l(_scanf_int.o)
    0x0800045c   0x0800045c   0x000000e4   Code   RO         1874    .text               mf_w.l(dmul.o)
    0x08000540   0x08000540   0x0000001a   Code   RO         1876    .text               mf_w.l(dfltui.o)
    0x0800055a   0x0800055a   0x00000028   Code   RO         1878    .text               mf_w.l(dfltl.o)
    0x08000582   0x08000582   0x00000032   Code   RO         1880    .text               mf_w.l(dfixui.o)
    0x080005b4   0x080005b4   0x00000062   Code   RO         1899    .text               mc_w.l(uldiv.o)
    0x08000616   0x08000616   0x00000020   Code   RO         1901    .text               mc_w.l(llushr.o)
    0x08000636   0x08000636   0x00000002   PAD
    0x08000638   0x08000638   0x000000bc   Code   RO         1903    .text               mc_w.l(asctime.o)
    0x080006f4   0x080006f4   0x0000001c   Code   RO         1909    .text               mc_w.l(_chval.o)
    0x08000710   0x08000710   0x00000000   Code   RO         1915    .text               mc_w.l(iusefp.o)
    0x08000710   0x08000710   0x000000ba   Code   RO         1916    .text               mf_w.l(depilogue.o)
    0x080007ca   0x080007ca   0x00000002   PAD
    0x080007cc   0x080007cc   0x00000024   Code   RO         1926    .text               mc_w.l(init.o)
    0x080007f0   0x080007f0   0x0000001e   Code   RO         1928    .text               mc_w.l(llshl.o)
    0x0800080e   0x0800080e   0x00000056   Code   RO         1947    .text               mc_w.l(__dczerorl2.o)
    0x08000864   0x08000864   0x00000022   Code   RO          702    .text.ATOI          httpparser.o
    0x08000886   0x08000886   0x00000002   Code   RO           60    .text.BusFault_Handler  stm32f10x_it.o
    0x08000888   0x08000888   0x00000028   Code   RO          690    .text.C2D           httpparser.o
    0x080008b0   0x080008b0   0x00000016   Code   RO          860    .text.DMA_Cmd       stm32f10x_dma.o
    0x080008c6   0x080008c6   0x00000002   PAD
    0x080008c8   0x080008c8   0x000000d8   Code   RO          854    .text.DMA_DeInit    stm32f10x_dma.o
    0x080009a0   0x080009a0   0x00000018   Code   RO          868    .text.DMA_GetFlagStatus  stm32f10x_dma.o
    0x080009b8   0x080009b8   0x0000003e   Code   RO          856    .text.DMA_Init      stm32f10x_dma.o
    0x080009f6   0x080009f6   0x00000002   Code   RO           64    .text.DebugMon_Handler  stm32f10x_it.o
    0x080009f8   0x080009f8   0x00000140   Code   RO          171    .text.Display_Net_Conf  w5500init.o
    0x08000b38   0x08000b38   0x00000044   Code   RO          820    .text.EE_FindValidPage  eeprom_stm.o
    0x08000b7c   0x08000b7c   0x0000002c   Code   RO          814    .text.EE_Format     eeprom_stm.o
    0x08000ba8   0x08000ba8   0x0000012c   Code   RO          812    .text.EE_Init       eeprom_stm.o
    0x08000cd4   0x08000cd4   0x0000003c   Code   RO          816    .text.EE_ReadVariable  eeprom_stm.o
    0x08000d10   0x08000d10   0x00000050   Code   RO          818    .text.EE_VerifyPageFullWriteVariable  eeprom_stm.o
    0x08000d60   0x08000d60   0x0000009c   Code   RO          822    .text.EE_WriteVariable  eeprom_stm.o
    0x08000dfc   0x08000dfc   0x00000040   Code   RO           14    .text.EXTI3_IRQHandler  main.o
    0x08000e3c   0x08000e3c   0x0000000c   Code   RO          899    .text.EXTI_ClearITPendingBit  stm32f10x_exti.o
    0x08000e48   0x08000e48   0x00000018   Code   RO          897    .text.EXTI_GetITStatus  stm32f10x_exti.o
    0x08000e60   0x08000e60   0x00000064   Code   RO          887    .text.EXTI_Init     stm32f10x_exti.o
    0x08000ec4   0x08000ec4   0x0000003c   Code   RO          924    .text.FLASH_ErasePage  stm32f10x_flash.o
    0x08000f00   0x08000f00   0x00000028   Code   RO          964    .text.FLASH_GetBank1Status  stm32f10x_flash.o
    0x08000f28   0x08000f28   0x00000038   Code   RO          940    .text.FLASH_ProgramHalfWord  stm32f10x_flash.o
    0x08000f60   0x08000f60   0x00000018   Code   RO          916    .text.FLASH_Unlock  stm32f10x_flash.o
    0x08000f78   0x08000f78   0x00000020   Code   RO          926    .text.FLASH_WaitForLastOperation  stm32f10x_flash.o
    0x08000f98   0x08000f98   0x0000002c   Code   RO         1007    .text.GPIO_EXTILineConfig  stm32f10x_gpio.o
    0x08000fc4   0x08000fc4   0x00000044   Code   RO         1502    .text.GPIO_GetPortClockState  gpio_stm32f10x.o
    0x08001008   0x08001008   0x000000b8   Code   RO          979    .text.GPIO_Init     stm32f10x_gpio.o
    0x080010c0   0x080010c0   0x00000070   Code   RO         1504    .text.GPIO_PinConfigure  gpio_stm32f10x.o
    0x08001130   0x08001130   0x000000d4   Code   RO         1500    .text.GPIO_PortClock  gpio_stm32f10x.o
    0x08001204   0x08001204   0x00000004   Code   RO          991    .text.GPIO_SetBits  stm32f10x_gpio.o
    0x08001208   0x08001208   0x00000088   Code   RO           43    .text.GPIO_config   rcchandler.o
    0x08001290   0x08001290   0x00000002   Code   RO           56    .text.HardFault_Handler  stm32f10x_it.o
    0x08001292   0x08001292   0x00000002   PAD
    0x08001294   0x08001294   0x00000048   Code   RO           41    .text.IWDG_Config   rcchandler.o
    0x080012dc   0x080012dc   0x0000000c   Code   RO         1103    .text.IWDG_Enable   stm32f10x_iwdg.o
    0x080012e8   0x080012e8   0x0000000c   Code   RO         1101    .text.IWDG_ReloadCounter  stm32f10x_iwdg.o
    0x080012f4   0x080012f4   0x0000000c   Code   RO         1097    .text.IWDG_SetPrescaler  stm32f10x_iwdg.o
    0x08001300   0x08001300   0x0000000c   Code   RO         1099    .text.IWDG_SetReload  stm32f10x_iwdg.o
    0x0800130c   0x0800130c   0x0000000c   Code   RO         1095    .text.IWDG_WriteAccessCmd  stm32f10x_iwdg.o
    0x08001318   0x08001318   0x00000002   Code   RO           58    .text.MemManage_Handler  stm32f10x_it.o
    0x0800131a   0x0800131a   0x00000002   Code   RO           54    .text.NMI_Handler   stm32f10x_it.o
    0x0800131c   0x0800131c   0x000001a4   Code   RO          358    .text.NTPUDP        ntpserver.o
    0x080014c0   0x080014c0   0x00000058   Code   RO          837    .text.NVIC_Init     misc.o
    0x08001518   0x08001518   0x00000014   Code   RO          835    .text.NVIC_PriorityGroupConfig  misc.o
    0x0800152c   0x0800152c   0x00000026   Code   RO          169    .text.Net_Conf      w5500init.o
    0x08001552   0x08001552   0x00000002   PAD
    0x08001554   0x08001554   0x00000024   Code   RO          173    .text.PHYStatus_Check  w5500init.o
    0x08001578   0x08001578   0x00000002   Code   RO           68    .text.PendSV_Handler  stm32f10x_it.o
    0x0800157a   0x0800157a   0x00000002   PAD
    0x0800157c   0x0800157c   0x00000018   Code   RO         1158    .text.RCC_AHBPeriphClockCmd  stm32f10x_rcc.o
    0x08001594   0x08001594   0x00000018   Code   RO         1162    .text.RCC_APB1PeriphClockCmd  stm32f10x_rcc.o
    0x080015ac   0x080015ac   0x00000018   Code   RO         1166    .text.RCC_APB1PeriphResetCmd  stm32f10x_rcc.o
    0x080015c4   0x080015c4   0x00000018   Code   RO         1160    .text.RCC_APB2PeriphClockCmd  stm32f10x_rcc.o
    0x080015dc   0x080015dc   0x00000018   Code   RO         1164    .text.RCC_APB2PeriphResetCmd  stm32f10x_rcc.o
    0x080015f4   0x080015f4   0x00000010   Code   RO         1174    .text.RCC_ClearFlag  stm32f10x_rcc.o
    0x08001604   0x08001604   0x00000078   Code   RO         1156    .text.RCC_GetClocksFreq  stm32f10x_rcc.o
    0x0800167c   0x0800167c   0x00000028   Code   RO         1122    .text.RCC_GetFlagStatus  stm32f10x_rcc.o
    0x080016a4   0x080016a4   0x00000018   Code   RO          456    .text.SNTP_init     sntp.o
    0x080016bc   0x080016bc   0x0000011c   Code   RO          458    .text.SNTP_run      sntp.o
    0x080017d8   0x080017d8   0x0000006c   Code   RO          152    .text.SPI1_Init     spiconfig.o
    0x08001844   0x08001844   0x00000012   Code   RO         1201    .text.SPI_Cmd       stm32f10x_spi.o
    0x08001856   0x08001856   0x00000010   Code   RO         1207    .text.SPI_I2S_DMACmd  stm32f10x_spi.o
    0x08001866   0x08001866   0x0000000a   Code   RO         1229    .text.SPI_I2S_GetFlagStatus  stm32f10x_spi.o
    0x08001870   0x08001870   0x00000004   Code   RO         1211    .text.SPI_I2S_ReceiveData  stm32f10x_spi.o
    0x08001874   0x08001874   0x00000004   Code   RO         1209    .text.SPI_I2S_SendData  stm32f10x_spi.o
    0x08001878   0x08001878   0x00000036   Code   RO         1193    .text.SPI_Init      stm32f10x_spi.o
    0x080018ae   0x080018ae   0x00000002   Code   RO           66    .text.SVC_Handler   stm32f10x_it.o
    0x080018b0   0x080018b0   0x0000001c   Code   RO           12    .text.SysTick_Handler  main.o
    0x080018cc   0x080018cc   0x00000054   Code   RO         1528    .text.SystemCoreClockUpdate  system_stm32f10x.o
    0x08001920   0x08001920   0x000000f0   Code   RO         1526    .text.SystemInit    system_stm32f10x.o
    0x08001a10   0x08001a10   0x0000007c   Code   RO          108    .text.TIM2_IRQHandler  timerhandler.o
    0x08001a8c   0x08001a8c   0x00000002   Code   RO           74    .text.TIM3_IRQHandler  stm32f10x_it.o
    0x08001a8e   0x08001a8e   0x00000006   Code   RO         1418    .text.TIM_ClearFlag  stm32f10x_tim.o
    0x08001a94   0x08001a94   0x00000006   Code   RO         1422    .text.TIM_ClearITPendingBit  stm32f10x_tim.o
    0x08001a9a   0x08001a9a   0x00000012   Code   RO         1284    .text.TIM_Cmd       stm32f10x_tim.o
    0x08001aac   0x08001aac   0x00000014   Code   RO         1420    .text.TIM_GetITStatus  stm32f10x_tim.o
    0x08001ac0   0x08001ac0   0x00000010   Code   RO         1288    .text.TIM_ITConfig  stm32f10x_tim.o
    0x08001ad0   0x08001ad0   0x00000006   Code   RO         1310    .text.TIM_PrescalerConfig  stm32f10x_tim.o
    0x08001ad6   0x08001ad6   0x00000002   PAD
    0x08001ad8   0x08001ad8   0x00000090   Code   RO         1248    .text.TIM_TimeBaseInit  stm32f10x_tim.o
    0x08001b68   0x08001b68   0x000001a4   Code   RO          333    .text.TM_FATFS_GetDriveSize  stm32f1fatfs.o
    0x08001d0c   0x08001d0c   0x00000058   Code   RO          110    .text.Timer_Configuration  timerhandler.o
    0x08001d64   0x08001d64   0x00000038   Code   RO           70    .text.USART1_IRQHandler  stm32f10x_it.o
    0x08001d9c   0x08001d9c   0x00000078   Code   RO           93    .text.USART1_Init   uarthandler.o
    0x08001e14   0x08001e14   0x0000003c   Code   RO           72    .text.USART2_IRQHandler  stm32f10x_it.o
    0x08001e50   0x08001e50   0x00000012   Code   RO         1443    .text.USART_Cmd     stm32f10x_usart.o
    0x08001e62   0x08001e62   0x00000002   PAD
    0x08001e64   0x08001e64   0x00000094   Code   RO         1433    .text.USART_DeInit  stm32f10x_usart.o
    0x08001ef8   0x08001ef8   0x0000000a   Code   RO         1483    .text.USART_GetFlagStatus  stm32f10x_usart.o
    0x08001f02   0x08001f02   0x00000042   Code   RO         1487    .text.USART_GetITStatus  stm32f10x_usart.o
    0x08001f44   0x08001f44   0x0000002e   Code   RO         1445    .text.USART_ITConfig  stm32f10x_usart.o
    0x08001f72   0x08001f72   0x00000002   PAD
    0x08001f74   0x08001f74   0x000000a4   Code   RO         1435    .text.USART_Init    stm32f10x_usart.o
    0x08002018   0x08002018   0x00000008   Code   RO         1459    .text.USART_SendData  stm32f10x_usart.o
    0x08002020   0x08002020   0x00000020   Code   RO           95    .text.USER_UART_NVIC  uarthandler.o
    0x08002040   0x08002040   0x00000002   Code   RO           62    .text.UsageFault_Handler  stm32f10x_it.o
    0x08002042   0x08002042   0x00000002   PAD
    0x08002044   0x08002044   0x0000005c   Code   RO          271    .text.WIZCHIP_READ  w5500.o
    0x080020a0   0x080020a0   0x0000006c   Code   RO          275    .text.WIZCHIP_READ_BUF  w5500.o
    0x0800210c   0x0800210c   0x0000005c   Code   RO          273    .text.WIZCHIP_WRITE  w5500.o
    0x08002168   0x08002168   0x00000078   Code   RO          277    .text.WIZCHIP_WRITE_BUF  w5500.o
    0x080021e0   0x080021e0   0x00000024   Code   RO           18    .text.__NVIC_SystemReset  main.o
    0x08002204   0x08002204   0x00000070   Code   RO          606    .text.check_fs      ff.o
    0x08002274   0x08002274   0x0000001c   Code   RO          175    .text.checklink     w5500init.o
    0x08002290   0x08002290   0x0000000e   Code   RO          590    .text.chk_chr       ff.o
    0x0800229e   0x0800229e   0x00000002   PAD
    0x080022a0   0x080022a0   0x00000070   Code   RO          300    .text.close         socket.o
    0x08002310   0x08002310   0x00000016   Code   RO          534    .text.clst2sect     ff.o
    0x08002326   0x08002326   0x00000104   Code   RO          544    .text.create_chain  ff.o
    0x0800242a   0x0800242a   0x00000002   PAD
    0x0800242c   0x0800242c   0x0000004c   Code   RO          244    .text.ctlnetwork    wizchip_conf.o
    0x08002478   0x08002478   0x000000dc   Code   RO          218    .text.ctlwizchip    wizchip_conf.o
    0x08002554   0x08002554   0x00000020   Code   RO          376    .text.currentUptime  snmp.o
    0x08002574   0x08002574   0x00000002   Code   RO          721    .text.default_mcu_reset  httpserver.o
    0x08002576   0x08002576   0x00000002   Code   RO          723    .text.default_wdt_reset  httpserver.o
    0x08002578   0x08002578   0x00000022   Code   RO          128    .text.delay_ms      delay.o
    0x0800259a   0x0800259a   0x00000002   PAD
    0x0800259c   0x0800259c   0x00000010   Code   RO          477    .text.deselect      mmcstm32.o
    0x080025ac   0x080025ac   0x00000050   Code   RO          592    .text.dir_alloc     ff.o
    0x080025fc   0x080025fc   0x00000052   Code   RO          580    .text.dir_clear     ff.o
    0x0800264e   0x0800264e   0x00000002   PAD
    0x08002650   0x08002650   0x00000168   Code   RO          610    .text.dir_find      ff.o
    0x080027b8   0x080027b8   0x000000d4   Code   RO          566    .text.dir_next      ff.o
    0x0800288c   0x0800288c   0x0000012c   Code   RO          562    .text.dir_read      ff.o
    0x080029b8   0x080029b8   0x00000230   Code   RO          518    .text.dir_register  ff.o
    0x08002be8   0x08002be8   0x0000009c   Code   RO          556    .text.dir_sdi       ff.o
    0x08002c84   0x08002c84   0x00000140   Code   RO          473    .text.disk_initialize  mmcstm32.o
    0x08002dc4   0x08002dc4   0x000001c8   Code   RO          479    .text.disk_ioctl    mmcstm32.o
    0x08002f8c   0x08002f8c   0x00000084   Code   RO          487    .text.disk_read     mmcstm32.o
    0x08003010   0x08003010   0x0000000c   Code   RO          493    .text.disk_status   mmcstm32.o
    0x0800301c   0x0800301c   0x00000030   Code   RO          495    .text.disk_timerproc  mmcstm32.o
    0x0800304c   0x0800304c   0x000000b0   Code   RO          489    .text.disk_write    mmcstm32.o
    0x080030fc   0x080030fc   0x0000011c   Code   RO          743    .text.display_reg_webContent_list  httpserver.o
    0x08003218   0x08003218   0x0000001c   Code   RO          550    .text.f_close       ff.o
    0x08003234   0x08003234   0x000000d0   Code   RO          570    .text.f_getfree     ff.o
    0x08003304   0x08003304   0x00000158   Code   RO          552    .text.f_lseek       ff.o
    0x0800345c   0x0800345c   0x0000004c   Code   RO          508    .text.f_mount       ff.o
    0x080034a8   0x080034a8   0x000001cc   Code   RO          514    .text.f_open        ff.o
    0x08003674   0x08003674   0x00000060   Code   RO          554    .text.f_opendir     ff.o
    0x080036d4   0x080036d4   0x00000164   Code   RO          536    .text.f_read        ff.o
    0x08003838   0x08003838   0x0000004c   Code   RO          560    .text.f_readdir     ff.o
    0x08003884   0x08003884   0x00000090   Code   RO          546    .text.f_sync        ff.o
    0x08003914   0x08003914   0x00000024   Code   RO          635    .text.ff_oem2uni    ffunicode.o
    0x08003938   0x08003938   0x0000003c   Code   RO          633    .text.ff_uni2oem    ffunicode.o
    0x08003974   0x08003974   0x00000094   Code   RO          637    .text.ff_wtoupper   ffunicode.o
    0x08003a08   0x08003a08   0x00000044   Code   RO          386    .text.findEntry     snmp.o
    0x08003a4c   0x08003a4c   0x0000028c   Code   RO          694    .text.find_http_uri_type  httpparser.o
    0x08003cd8   0x08003cd8   0x00000048   Code   RO          745    .text.find_userReg_webContent  httpserver.o
    0x08003d20   0x08003d20   0x000002a0   Code   RO          512    .text.find_volume   ff.o
    0x08003fc0   0x08003fc0   0x000002f8   Code   RO          516    .text.follow_path   ff.o
    0x080042b8   0x080042b8   0x00000024   Code   RO           10    .text.fputc         main.o
    0x080042dc   0x080042dc   0x000000e0   Code   RO          392    .text.getEntry      snmp.o
    0x080043bc   0x080043bc   0x00000020   Code   RO          749    .text.getHTTPSequenceNum  httpserver.o
    0x080043dc   0x080043dc   0x00000044   Code   RO          388    .text.getOID        snmp.o
    0x08004420   0x08004420   0x00000044   Code   RO          281    .text.getSn_RX_RSR  w5500.o
    0x08004464   0x08004464   0x00000044   Code   RO          279    .text.getSn_TX_FSR  w5500.o
    0x080044a8   0x080044a8   0x00000020   Code   RO          390    .text.getValue      snmp.o
    0x080044c8   0x080044c8   0x0000003c   Code   RO          437    .text.get_LEDStatus_all  snmp_custom.o
    0x08004504   0x08004504   0x00000008   Code   RO          650    .text.get_S2E_Packet_pointer  configdata.o
    0x0800450c   0x0800450c   0x000000b8   Code   RO          532    .text.get_fat       ff.o
    0x080045c4   0x080045c4   0x00000040   Code   RO          112    .text.get_fattime   timerhandler.o
    0x08004604   0x08004604   0x00000128   Code   RO          564    .text.get_fileinfo  ff.o
    0x0800472c   0x0800472c   0x000000c0   Code   RO          698    .text.get_http_param_value  httpparser.o
    0x080047ec   0x080047ec   0x0000003c   Code   RO          704    .text.get_http_uri_name  httpparser.o
    0x08004828   0x08004828   0x00000044   Code   RO          510    .text.get_ldnumber  ff.o
    0x0800486c   0x0800486c   0x00000018   Code   RO          725    .text.httpServer_Sockinit  httpserver.o
    0x08004884   0x08004884   0x00000014   Code   RO          727    .text.httpServer_init  httpserver.o
    0x08004898   0x08004898   0x00000538   Code   RO          731    .text.httpServer_run  httpserver.o
    0x08004dd0   0x08004dd0   0x0000001e   Code   RO          735    .text.http_disconnect  httpserver.o
    0x08004dee   0x08004dee   0x00000002   PAD
    0x08004df0   0x08004df0   0x0000006c   Code   RO          791    .text.http_get_cgi_handler  httputil.o
    0x08004e5c   0x08004e5c   0x00000078   Code   RO          799    .text.http_post_cgi_handler  httputil.o
    0x08004ed4   0x08004ed4   0x00000048   Code   RO          706    .text.inet_addr_    httpparser.o
    0x08004f1c   0x08004f1c   0x00000010   Code   RO          439    .text.initTable     snmp_custom.o
    0x08004f2c   0x08004f2c   0x0000003c   Code   RO          441    .text.initial_Trap  snmp_custom.o
    0x08004f68   0x08004f68   0x00000050   Code   RO          400    .text.insertRespLen  snmp.o
    0x08004fb8   0x08004fb8   0x00000020   Code   RO          520    .text.ld_clust      ff.o
    0x08004fd8   0x08004fd8   0x00000004   Code   RO          530    .text.ld_dword      ff.o
    0x08004fdc   0x08004fdc   0x00000066   Code   RO          302    .text.listen        socket.o
    0x08005042   0x08005042   0x00000002   PAD
    0x08005044   0x08005044   0x00000158   Code   RO           16    .text.loadwebpages  main.o
    0x0800519c   0x0800519c   0x0000010c   Code   RO            6    .text.main          main.o
    0x080052a8   0x080052a8   0x000000a8   Code   RO          418    .text.makeTrapVariableBindings  snmp.o
    0x08005350   0x08005350   0x00000028   Code   RO          795    .text.make_cgi_basic_config_response_page  httputil.o
    0x08005378   0x08005378   0x0000004c   Code   RO          692    .text.make_http_response_head  httpparser.o
    0x080053c4   0x080053c4   0x00000050   Code   RO          781    .text.make_json_ain  httputil.o
    0x08005414   0x08005414   0x00000018   Code   RO          779    .text.make_json_dio  httputil.o
    0x0800542c   0x0800542c   0x000000d0   Code   RO          777    .text.make_json_netinfo  httputil.o
    0x080054fc   0x080054fc   0x00000038   Code   RO          789    .text.make_json_serial_data  httputil.o
    0x08005534   0x08005534   0x0000001e   Code   RO          608    .text.mem_cmp       ff.o
    0x08005552   0x08005552   0x00000010   Code   RO          540    .text.mem_cpy       ff.o
    0x08005562   0x08005562   0x00000032   Code   RO          700    .text.mid           httpparser.o
    0x08005594   0x08005594   0x00000038   Code   RO          528    .text.move_window   ff.o
    0x080055cc   0x080055cc   0x0000004c   Code   RO            8    .text.networkSevices  main.o
    0x08005618   0x08005618   0x00000024   Code   RO          360    .text.ntpserverdefaultconfig  ntpserver.o
    0x0800563c   0x0800563c   0x00000070   Code   RO          410    .text.parseCommunity  snmp.o
    0x080056ac   0x080056ac   0x00000038   Code   RO          396    .text.parseLength   snmp.o
    0x080056e4   0x080056e4   0x00000140   Code   RO          408    .text.parseRequest  snmp.o
    0x08005824   0x08005824   0x00000060   Code   RO          414    .text.parseSNMPMessage  snmp.o
    0x08005884   0x08005884   0x0000006c   Code   RO          404    .text.parseSequence  snmp.o
    0x080058f0   0x080058f0   0x0000008c   Code   RO          406    .text.parseSequenceOf  snmp.o
    0x0800597c   0x0800597c   0x0000003e   Code   RO          398    .text.parseTLV      snmp.o
    0x080059ba   0x080059ba   0x00000002   PAD
    0x080059bc   0x080059bc   0x000001c8   Code   RO          402    .text.parseVarBind  snmp.o
    0x08005b84   0x08005b84   0x00000064   Code   RO          412    .text.parseVersion  snmp.o
    0x08005be8   0x08005be8   0x000000b8   Code   RO          696    .text.parse_http_request  httpparser.o
    0x08005ca0   0x08005ca0   0x000000f4   Code   RO          775    .text.predefined_get_cgi_processor  httputil.o
    0x08005d94   0x08005d94   0x00000068   Code   RO          783    .text.predefined_set_cgi_processor  httputil.o
    0x08005dfc   0x08005dfc   0x000000ee   Code   RO          614    .text.put_fat       ff.o
    0x08005eea   0x08005eea   0x00000002   PAD
    0x08005eec   0x08005eec   0x00000048   Code   RO          483    .text.rcvr_datablock  mmcstm32.o
    0x08005f34   0x08005f34   0x00000034   Code   RO          747    .text.read_userReg_webContent  httpserver.o
    0x08005f68   0x08005f68   0x000000ec   Code   RO          310    .text.recv          socket.o
    0x08006054   0x08006054   0x00000224   Code   RO          314    .text.recvfrom      socket.o
    0x08006278   0x08006278   0x00000014   Code   RO          729    .text.reg_httpServer_cbfunc  httpserver.o
    0x0800628c   0x0800628c   0x00000060   Code   RO          741    .text.reg_httpServer_webContent  httpserver.o
    0x080062ec   0x080062ec   0x00000030   Code   RO          210    .text.reg_wizchip_cs_cbfunc  wizchip_conf.o
    0x0800631c   0x0800631c   0x0000003c   Code   RO          214    .text.reg_wizchip_spi_cbfunc  wizchip_conf.o
    0x08006358   0x08006358   0x00000040   Code   RO          216    .text.reg_wizchip_spiburst_cbfunc  wizchip_conf.o
    0x08006398   0x08006398   0x0000006c   Code   RO          526    .text.remove_chain  ff.o
    0x08006404   0x08006404   0x000000a8   Code   RO          797    .text.saveip        httputil.o
    0x080064ac   0x080064ac   0x0000002c   Code   RO          481    .text.select        mmcstm32.o
    0x080064d8   0x080064d8   0x00000114   Code   RO          308    .text.send          socket.o
    0x080065ec   0x080065ec   0x0000008c   Code   RO          475    .text.send_cmd      mmcstm32.o
    0x08006678   0x08006678   0x00000258   Code   RO          733    .text.send_http_response_body  httpserver.o
    0x080068d0   0x080068d0   0x000000c0   Code   RO          753    .text.send_http_response_cgi  httpserver.o
    0x08006990   0x08006990   0x00000128   Code   RO          751    .text.send_http_response_header  httpserver.o
    0x08006ab8   0x08006ab8   0x00000150   Code   RO          312    .text.sendto        socket.o
    0x08006c08   0x08006c08   0x0000007c   Code   RO          394    .text.setEntry      snmp.o
    0x08006c84   0x08006c84   0x00000094   Code   RO          793    .text.set_basic_config_setting  httputil.o
    0x08006d18   0x08006d18   0x00000038   Code   RO          785    .text.set_diodir    httputil.o
    0x08006d50   0x08006d50   0x00000040   Code   RO          787    .text.set_diostate  httputil.o
    0x08006d90   0x08006d90   0x00000140   Code   RO          420    .text.snmp_sendTrap  snmp.o
    0x08006ed0   0x08006ed0   0x00000060   Code   RO          382    .text.snmpd_init    snmp.o
    0x08006f30   0x08006f30   0x0000012c   Code   RO          384    .text.snmpd_run     snmp.o
    0x0800705c   0x0800705c   0x00000114   Code   RO          298    .text.socket        socket.o
    0x08007170   0x08007170   0x00000018   Code   RO          524    .text.st_clust      ff.o
    0x08007188   0x08007188   0x00000010   Code   RO          522    .text.st_dword      ff.o
    0x08007198   0x08007198   0x00000030   Code   RO          144    .text.stm32_spi_rw  spiconfig.o
    0x080071c8   0x080071c8   0x000000d8   Code   RO          148    .text.stm32_wizchip_dma_transfer  spiconfig.o
    0x080072a0   0x080072a0   0x0000001c   Code   RO          612    .text.sum_sfn       ff.o
    0x080072bc   0x080072bc   0x00000038   Code   RO            2    .text.sw_eeprom_stm32  main.o
    0x080072f4   0x080072f4   0x00000088   Code   RO          548    .text.sync_fs       ff.o
    0x0800737c   0x0800737c   0x00000044   Code   RO          616    .text.sync_window   ff.o
    0x080073c0   0x080073c0   0x00000022   Code   RO          588    .text.tchar2uni     ff.o
    0x080073e2   0x080073e2   0x00000002   PAD
    0x080073e4   0x080073e4   0x00000194   Code   RO            4    .text.test_eeprom   main.o
    0x08007578   0x08007578   0x00000038   Code   RO          688    .text.unescape_http_url  httpparser.o
    0x080075b0   0x080075b0   0x00000030   Code   RO          538    .text.validate      ff.o
    0x080075e0   0x080075e0   0x00000114   Code   RO          163    .text.w5500_lib_init  w5500init.o
    0x080076f4   0x080076f4   0x00000024   Code   RO          485    .text.wait_ready    mmcstm32.o
    0x08007718   0x08007718   0x00000054   Code   RO          285    .text.wiz_recv_data  w5500.o
    0x0800776c   0x0800776c   0x0000003c   Code   RO          287    .text.wiz_recv_ignore  w5500.o
    0x080077a8   0x080077a8   0x00000054   Code   RO          283    .text.wiz_send_data  w5500.o
    0x080077fc   0x080077fc   0x00000004   Code   RO          196    .text.wizchip_bus_readdata  wizchip_conf.o
    0x08007800   0x08007800   0x00000004   Code   RO          198    .text.wizchip_bus_writedata  wizchip_conf.o
    0x08007804   0x08007804   0x0000001e   Code   RO          224    .text.wizchip_clrinterrupt  wizchip_conf.o
    0x08007822   0x08007822   0x00000002   Code   RO          188    .text.wizchip_cris_enter  wizchip_conf.o
    0x08007824   0x08007824   0x00000002   Code   RO          190    .text.wizchip_cris_exit  wizchip_conf.o
    0x08007826   0x08007826   0x00000002   Code   RO          194    .text.wizchip_cs_deselect  wizchip_conf.o
    0x08007828   0x08007828   0x00000002   Code   RO          192    .text.wizchip_cs_select  wizchip_conf.o
    0x0800782a   0x0800782a   0x00000002   PAD
    0x0800782c   0x0800782c   0x0000000c   Code   RO          167    .text.wizchip_deselect  w5500init.o
    0x08007838   0x08007838   0x0000001e   Code   RO          226    .text.wizchip_getinterrupt  wizchip_conf.o
    0x08007856   0x08007856   0x0000001a   Code   RO          230    .text.wizchip_getinterruptmask  wizchip_conf.o
    0x08007870   0x08007870   0x0000004c   Code   RO          248    .text.wizchip_getnetinfo  wizchip_conf.o
    0x080078bc   0x080078bc   0x00000006   Code   RO          252    .text.wizchip_getnetmode  wizchip_conf.o
    0x080078c2   0x080078c2   0x00000002   PAD
    0x080078c4   0x080078c4   0x00000028   Code   RO          256    .text.wizchip_gettimeout  wizchip_conf.o
    0x080078ec   0x080078ec   0x0000007c   Code   RO          222    .text.wizchip_init  wizchip_conf.o
    0x08007968   0x08007968   0x00000030   Code   RO          142    .text.wizchip_read  spiconfig.o
    0x08007998   0x08007998   0x0000000a   Code   RO          146    .text.wizchip_readburst  spiconfig.o
    0x080079a2   0x080079a2   0x00000002   PAD
    0x080079a4   0x080079a4   0x00000010   Code   RO          165    .text.wizchip_select  w5500init.o
    0x080079b4   0x080079b4   0x0000001c   Code   RO          228    .text.wizchip_setinterruptmask  wizchip_conf.o
    0x080079d0   0x080079d0   0x00000050   Code   RO          246    .text.wizchip_setnetinfo  wizchip_conf.o
    0x08007a20   0x08007a20   0x00000024   Code   RO          250    .text.wizchip_setnetmode  wizchip_conf.o
    0x08007a44   0x08007a44   0x00000028   Code   RO          254    .text.wizchip_settimeout  wizchip_conf.o
    0x08007a6c   0x08007a6c   0x00000002   Code   RO          204    .text.wizchip_spi_readburst  wizchip_conf.o
    0x08007a6e   0x08007a6e   0x00000004   Code   RO          200    .text.wizchip_spi_readbyte  wizchip_conf.o
    0x08007a72   0x08007a72   0x00000002   Code   RO          206    .text.wizchip_spi_writeburst  wizchip_conf.o
    0x08007a74   0x08007a74   0x00000002   Code   RO          202    .text.wizchip_spi_writebyte  wizchip_conf.o
    0x08007a76   0x08007a76   0x00000002   PAD
    0x08007a78   0x08007a78   0x00000080   Code   RO          220    .text.wizchip_sw_reset  wizchip_conf.o
    0x08007af8   0x08007af8   0x00000034   Code   RO          140    .text.wizchip_write  spiconfig.o
    0x08007b2c   0x08007b2c   0x0000000a   Code   RO          150    .text.wizchip_writeburst  spiconfig.o
    0x08007b36   0x08007b36   0x00000002   PAD
    0x08007b38   0x08007b38   0x00000068   Code   RO          236    .text.wizphy_getphyconf  wizchip_conf.o
    0x08007ba0   0x08007ba0   0x00000010   Code   RO          242    .text.wizphy_getphylink  wizchip_conf.o
    0x08007bb0   0x08007bb0   0x00000018   Code   RO          240    .text.wizphy_getphypmode  wizchip_conf.o
    0x08007bc8   0x08007bc8   0x0000002e   Code   RO          232    .text.wizphy_reset  wizchip_conf.o
    0x08007bf6   0x08007bf6   0x0000004c   Code   RO          234    .text.wizphy_setphyconf  wizchip_conf.o
    0x08007c42   0x08007c42   0x00000050   Code   RO          238    .text.wizphy_setphypmode  wizchip_conf.o
    0x08007c92   0x08007c92   0x00000002   PAD
    0x08007c94   0x08007c94   0x0000007c   Code   RO          362    .text.wzn_event_handle  ntpserver.o
    0x08007d10   0x08007d10   0x00000050   Code   RO          491    .text.xmit_datablock  mmcstm32.o
    0x08007d60   0x08007d60   0x00000020   Code   RO         1788    i.__0printf$8       mc_w.l(printf8.o)
    0x08007d80   0x08007d80   0x00000028   Code   RO         1790    i.__0sprintf$8      mc_w.l(printf8.o)
    0x08007da8   0x08007da8   0x0000000e   Code   RO         1941    i.__scatterload_copy  mc_w.l(handlers.o)
    0x08007db6   0x08007db6   0x00000002   Code   RO         1942    i.__scatterload_null  mc_w.l(handlers.o)
    0x08007db8   0x08007db8   0x0000000e   Code   RO         1943    i.__scatterload_zeroinit  mc_w.l(handlers.o)
    0x08007dc6   0x08007dc6   0x00000002   PAD
    0x08007dc8   0x08007dc8   0x00000410   Code   RO         1795    i._printf_core      mc_w.l(printf8.o)
    0x080081d8   0x080081d8   0x00000024   Code   RO         1796    i._printf_post_padding  mc_w.l(printf8.o)
    0x080081fc   0x080081fc   0x0000002e   Code   RO         1797    i._printf_pre_padding  mc_w.l(printf8.o)
    0x0800822a   0x0800822a   0x0000000a   Code   RO         1799    i._sputc            mc_w.l(printf8.o)
    0x08008234   0x08008234   0x0000006c   Code   RO         1843    i.malloc            mc_w.l(malloc.o)
    0x080082a0   0x080082a0   0x00000024   Code   RO         1543    i.puts              mc_w.l(puts.o)
    0x080082c4   0x080082c4   0x0000000c   Data   RO         1549    .constdata          mc_w.l(localtime.o)
    0x080082d0   0x080082d0   0x00000039   Data   RO         1905    .constdata          mc_w.l(asctime.o)
    0x08008309   0x08008309   0x00000002   Data   RO           23    .rodata..L.str.5    main.o
    0x0800830b   0x0800830b   0x00000002   Data   RO          709    .rodata..L.str.58   httpparser.o
    0x0800830d   0x0800830d   0x00000003   PAD
    0x08008310   0x08008310   0x00000058   Data   RO          446    .rodata..L__const.initial_Trap.enterprise_oid  snmp_custom.o
    0x08008368   0x08008368   0x00000060   Data   RO          711    .rodata..Lswitch.table.make_http_response_head  httpparser.o
    0x080083c8   0x080083c8   0x00000004   Data   RO         1181    .rodata.ADCPrescTable  stm32f10x_rcc.o
    0x080083cc   0x080083cc   0x00000010   Data   RO         1531    .rodata.AHBPrescTable  system_stm32f10x.o
    0x080083dc   0x080083dc   0x00000010   Data   RO         1180    .rodata.APBAHBPrescTable  stm32f10x_rcc.o
    0x080083ec   0x080083ec   0x00000099   Data   RO          763    .rodata.ERROR_HTML_PAGE  httpserver.o
    0x08008485   0x08008485   0x00000003   PAD
    0x08008488   0x08008488   0x00000076   Data   RO          762    .rodata.ERROR_REQUEST_PAGE  httpserver.o
    0x080084fe   0x080084fe   0x00000080   Data   RO          620    .rodata.ExCvt       ff.o
    0x0800857e   0x0800857e   0x0000000d   Data   RO          621    .rodata.LfnOfs      ff.o
    0x0800858b   0x0800858b   0x00000001   PAD
    0x0800858c   0x0800858c   0x00000004   Data   RO          444    .rodata.maxData     snmp_custom.o
    0x08008590   0x08008590   0x00003ae5   Data   RO           28    .rodata.str1.1      main.o
    0x0800c075   0x0800c075   0x00000039   Data   RO          178    .rodata.str1.1      w5500init.o
    0x0800c0ae   0x0800c0ae   0x00000003   Data   RO          445    .rodata.str1.1      snmp_custom.o
    0x0800c0b1   0x0800c0b1   0x00000493   Data   RO          708    .rodata.str1.1      httpparser.o
    0x0800c544   0x0800c544   0x00000593   Data   RO          757    .rodata.str1.1      httpserver.o
    0x0800cad7   0x0800cad7   0x000002b9   Data   RO          801    .rodata.str1.1      httputil.o
    0x0800cd90   0x0800cd90   0x0000002f   Data   RO          761    .rodata.str1.4      httpserver.o
    0x0800cdbf   0x0800cdbf   0x00000001   PAD
    0x0800cdc0   0x0800cdc0   0x000002ae   Data   RO          640    .rodata.str2.2      ffunicode.o
    0x0800d06e   0x0800d06e   0x00000100   Data   RO          639    .rodata.uc437       ffunicode.o
    0x0800d16e   0x0800d16e   0x00000002   PAD
    0x0800d170   0x0800d170   0x00000020   Data   RO         1940    Region$$Table       anon$$obj.o


    Execution Region RW_IRAM1 (Exec base: 0x20000000, Load base: 0x0800d190, Size: 0x00003000, Max: 0x00005000, ABSOLUTE, COMPRESSED[0x00000158])

    Exec Addr    Load Addr    Size         Type   Attr      Idx    E Section Name        Object

    0x20000000   COMPRESSED   0x00000004   Data   RW         1574    .data               mc_w.l(strtok.o)
    0x20000004   COMPRESSED   0x00000004   Data   RW         1896    .data               mc_w.l(stdout.o)
    0x20000008   COMPRESSED   0x00000004   Data   RW         1907    .data               mc_w.l(mvars.o)
    0x2000000c   COMPRESSED   0x00000004   Data   RW         1908    .data               mc_w.l(mvars.o)
    0x20000010   COMPRESSED   0x00000008   Data   RW          764    .data..L_MergedGlobals  httpserver.o
    0x20000018   COMPRESSED   0x00000001   Data   RW          497    .data.Stat          mmcstm32.o
    0x20000019   COMPRESSED   0x00000003   PAD
    0x2000001c   COMPRESSED   0x00000004   Data   RW         1530    .data.SystemCoreClock  system_stm32f10x.o
    0x20000020   COMPRESSED   0x00000006   Data   RW          825    .data.VirtAddVarTab  eeprom_stm.o
    0x20000026   COMPRESSED   0x00000002   PAD
    0x20000028   COMPRESSED   0x0000002c   Data   RW          260    .data.WIZCHIP       wizchip_conf.o
    0x20000054   COMPRESSED   0x00000004   Data   RW          423    .data.agentIP       snmp.o
    0x20000058   COMPRESSED   0x00000017   Data   RW          177    .data.gWIZNETINFO   w5500init.o
    0x2000006f   COMPRESSED   0x00000004   Data   RW          422    .data.managerIP     snmp.o
    0x20000073   COMPRESSED   0x00000004   Data   RW          460    .data.ntpTimeServer_ip  sntp.o
    0x20000077   COMPRESSED   0x00000001   PAD
    0x20000078   COMPRESSED   0x00000420   Data   RW          443    .data.snmpData      snmp_custom.o
    0x20000498   COMPRESSED   0x00000002   Data   RW          322    .data.sock_any_port  socket.o
    0x2000049a   COMPRESSED   0x00000003   Data   RW           20    .data.socknumlist   main.o
    0x2000049d   COMPRESSED   0x00000003   PAD
    0x200004a0   COMPRESSED   0x00000004   Data   RW           21    .data.timenow       main.o
    0x200004a4   COMPRESSED   0x00000004   Data   RW           79    .data.u1out         stm32f10x_it.o
    0x200004a8   COMPRESSED   0x00000004   Data   RW           80    .data.u2out         stm32f10x_it.o
    0x200004ac   COMPRESSED   0x00000004   Data   RW          364    .data.unixTime_last_sync  ntpserver.o
    0x200004b0        -       0x0000002c   Zero   RW         1548    .bss                mc_w.l(localtime.o)
    0x200004dc        -       0x0000001a   Zero   RW         1904    .bss                mc_w.l(asctime.o)
    0x200004f6        -       0x00000015   Zero   RW           83    .bss..L_MergedGlobals  stm32f10x_it.o
    0x2000050b   COMPRESSED   0x00000001   PAD
    0x2000050c        -       0x0000000c   Zero   RW          116    .bss..L_MergedGlobals  timerhandler.o
    0x20000518        -       0x00000005   Zero   RW          261    .bss..L_MergedGlobals  wizchip_conf.o
    0x2000051d   COMPRESSED   0x00000001   PAD
    0x2000051e        -       0x0000001c   Zero   RW          323    .bss..L_MergedGlobals  socket.o
    0x2000053a   COMPRESSED   0x00000002   PAD
    0x2000053c        -       0x00000078   Zero   RW          366    .bss..L_MergedGlobals  ntpserver.o
    0x200005b4        -       0x00000008   Zero   RW          427    .bss..L_MergedGlobals  snmp.o
    0x200005bc        -       0x0000006e   Zero   RW          463    .bss..L_MergedGlobals  sntp.o
    0x2000062a   COMPRESSED   0x00000002   PAD
    0x2000062c        -       0x0000000c   Zero   RW          498    .bss..L_MergedGlobals  mmcstm32.o
    0x20000638        -       0x00000008   Zero   RW          622    .bss..L_MergedGlobals  ff.o
    0x20000640        -       0x00000020   Zero   RW          765    .bss..L_MergedGlobals.61  httpserver.o
    0x20000660        -       0x00000100   Zero   RW          710    .bss.BUFPUB         httpparser.o
    0x20000760        -       0x00000008   Zero   RW           24    .bss.CardSize       main.o
    0x20000768        -       0x00000002   Zero   RW          824    .bss.DataVar        eeprom_stm.o
    0x2000076a   COMPRESSED   0x00000002   PAD
    0x2000076c        -       0x00000234   Zero   RW           22    .bss.FS             main.o
    0x200009a0        -       0x000004a0   Zero   RW          756    .bss.HTTPSock_Status  httpserver.o
    0x20000e40        -       0x00000200   Zero   RW          619    .bss.LfnBuf         ff.o
    0x20001040        -       0x00000800   Zero   RW           27    .bss.RX_BUF         main.o
    0x20001840        -       0x00000800   Zero   RW           26    .bss.TX_BUF         main.o
    0x20002040        -       0x00000228   Zero   RW          760    .bss.fs             httpserver.o
    0x20002268        -       0x00000004   Zero   RW           25    .bss.ms10k          main.o
    0x2000226c        -       0x00000004   Zero   RW          802    .bss.new_device_ip  httputil.o
    0x20002270        -       0x00000200   Zero   RW          424    .bss.packet_trap    snmp.o
    0x20002470        -       0x00000208   Zero   RW          425    .bss.request_msg    snmp.o
    0x20002678        -       0x00000208   Zero   RW          426    .bss.response_msg   snmp.o
    0x20002880        -       0x00000085   Zero   RW          678    .bss.s2e_packet     configdata.o
    0x20002905   COMPRESSED   0x00000003   PAD
    0x20002908        -       0x00000004   Zero   RW          114    .bss.timeinfo       timerhandler.o
    0x2000290c        -       0x00000002   Zero   RW          758    .bss.total_content_cnt  httpserver.o
    0x2000290e   COMPRESSED   0x00000002   PAD
    0x20002910        -       0x000000f0   Zero   RW          759    .bss.web_content    httpserver.o
    0x20002a00        -       0x00000200   Zero   RW         1517    HEAP                startup_stm32f10x_md.o
    0x20002c00        -       0x00000400   Zero   RW         1516    STACK               startup_stm32f10x_md.o


==============================================================================

Image component sizes


      Code (inc. data)   RO Data    RW Data    ZI Data      Debug   Object Name

         8          4          0          0        133       4980   configdata.o
        34          0          0          0          0        860   delay.o
       708         20          0          6          2       4691   eeprom_stm.o
      6764         96        141          0        520      40146   ff.o
       244         22        942          0          0       2109   ffunicode.o
       392         52          0          0          0       5105   gpio_stm32f10x.o
      1416        352       1269          0        256       5221   httpparser.o
      3058        892       1745          8       2010      10340   httpserver.o
      1420        312        697          0          4       7151   httputil.o
      1312        472      15079          7       4672       7162   main.o
       108         12          0          0          0       3412   misc.o
      1532         54          0          1         12       7816   mmcstm32.o
       580        188          0          4        120       2854   ntpserver.o
       208         12          0          0          0       4155   rcchandler.o
      2962        252          0          8       1560      12936   snmp.o
       136         60         95       1056          0       1679   snmp_custom.o
       308        104          0          4        110       1992   sntp.o
      1886         16          0          2         28       7671   socket.o
       492         24          0          0          0       4314   spiconfig.o
        36          8        236          0       1536        820   startup_stm32f10x_md.o
       324         56          0          0          0       3777   stm32f10x_dma.o
       136          8          0          0          0       2917   stm32f10x_exti.o
       212         20          0          0          0       7933   stm32f10x_flash.o
       232          4          0          0          0       5737   stm32f10x_gpio.o
       134         12          0          8         21       2612   stm32f10x_it.o
        60         12          0          0          0       1796   stm32f10x_iwdg.o
       296         32         20          0          0       7917   stm32f10x_rcc.o
       106          0          0          0          0       6740   stm32f10x_spi.o
       216         28          0          0          0      23729   stm32f10x_tim.o
       460         20          0          0          0       7593   stm32f10x_usart.o
       420        112          0          0          0       6664   stm32f1fatfs.o
       324         40         16          4          0       2701   system_stm32f10x.o
       276         28          0          0         16       4649   timerhandler.o
       152          4          0          0          0       4104   uarthandler.o
       776          4          0          0          0       3778   w5500.o
       726        268         57         23          0       3753   w5500init.o
      1484         82          0         44          5      10227   wizchip_conf.o

    ----------------------------------------------------------------------
     29984       3682      20339       1184      11018     242041   Object Totals
         0          0         32          0          0          0   (incl. Generated)
        46          0         10          9         13          0   (incl. Padding)

    ----------------------------------------------------------------------

      Code (inc. data)   RO Data    RW Data    ZI Data      Debug   Library Member Name

        86          0          0          0          0          0   __dczerorl2.o
        28          0          0          0          0         68   _chval.o
       332          0          0          0          0         96   _scanf_int.o
       188         16         57          0         26         88   asctime.o
        14          0          0          0          0         80   ctime.o
         0          0          0          0          0          0   entry.o
         0          0          0          0          0          0   entry10a.o
         0          0          0          0          0          0   entry11a.o
         8          4          0          0          0          0   entry2.o
         4          0          0          0          0          0   entry5.o
         0          0          0          0          0          0   entry7b.o
         0          0          0          0          0          0   entry8b.o
         8          4          0          0          0          0   entry9a.o
        30          0          0          0          0          0   handlers.o
        36          8          0          0          0         68   init.o
         0          0          0          0          0          0   iusefp.o
        30          0          0          0          0         68   llshl.o
        32          0          0          0          0         68   llushr.o
       148         10         12          0         44         76   localtime.o
       108         16          0          0          0         84   malloc.o
        26          0          0          0          0         80   memcmp.o
        36          0          0          0          0         68   memcpya.o
        36          0          0          0          0        108   memseta.o
         0          0          0          8          0          0   mvars.o
      1204         60          0          0          0        504   printf8.o
        36          6          0          0          0         80   puts.o
         0          0          0          4          0          0   stdout.o
        24          0          0          0          0         68   strcat.o
        20          0          0          0          0         68   strchr.o
        28          0          0          0          0         76   strcmp.o
        18          0          0          0          0         68   strcpy.o
        14          0          0          0          0         68   strlen.o
        24          0          0          0          0         76   strncpy.o
        36          0          0          0          0         80   strstr.o
        68          6          0          4          0         80   strtok.o
        98          0          0          0          0         92   uldiv.o
       186          0          0          0          0        176   depilogue.o
        50          0          0          0          0         76   dfixui.o
        40          0          0          0          0         80   dfltl.o
        26          0          0          0          0         76   dfltui.o
       228          0          0          0          0         96   dmul.o

    ----------------------------------------------------------------------
      3256        130         69         16         70       2716   Library Totals
         6          0          0          0          0          0   (incl. Padding)

    ----------------------------------------------------------------------

      Code (inc. data)   RO Data    RW Data    ZI Data      Debug   Library Name

      2720        130         69         16         70       2212   mc_w.l
       530          0          0          0          0        504   mf_w.l

    ----------------------------------------------------------------------
      3256        130         69         16         70       2716   Library Totals

    ----------------------------------------------------------------------

==============================================================================


      Code (inc. data)   RO Data    RW Data    ZI Data      Debug   

     33240       3812      20408       1200      11088     242869   Grand Totals
     33240       3812      20408        344      11088     242869   ELF Image Totals (compressed)
     33240       3812      20408        344          0          0   ROM Totals

==============================================================================

    Total RO  Size (Code + RO Data)                53648 (  52.39kB)
    Total RW  Size (RW Data + ZI Data)             12288 (  12.00kB)
    Total ROM Size (Code + RO Data + RW Data)      53992 (  52.73kB)

==============================================================================

